01-01 00:03:01.231 W/BluetoothAdapter( 1433): getBluetoothService() called with no BluetoothManagerCallback
01-01 00:03:01.234 D/bt_btif ( 1433): BTA_JvGetChannelId: service_name: OBEX Phonebook Access Server - channel: 19
01-01 00:03:01.234 I/bt_btif ( 1433): BTA_JvGetChannelId
01-01 00:03:01.235 D/bt_btif ( 1433): adding fd:164, flags:0x4
01-01 00:03:01.235 I/bt_btif ( 1433): BTA got event 0x1a02
01-01 00:03:01.235 I/bt_btif ( 1433): BTA_JvCreateRecordByUser
01-01 00:03:01.235 D/bt_btif ( 1433): cmd.id:3
01-01 00:03:01.235 I/bt_btif ( 1433): BTA got event 0x1a05
01-01 00:03:01.235 D/bt_btif ( 1433): add_rfc_sdp_by_uuid: service_name: OBEX Phonebook Access Server, channel: 19
01-01 00:03:01.235 D/bt_btif ( 1433): add_pbap_sdp: scn 19, service_name OBEX Phonebook Access Server
01-01 00:03:01.235 D/bt_sdp  ( 1433): SDP_CreateRecord ok, num_records:11
01-01 00:03:01.235 D/bt_btif ( 1433): create_base_record: scn: 19, name: OBEX Phonebook Access Server, with_obex: 1
01-01 00:03:01.235 D/bt_btif ( 1433): create_base_record: successfully created base service record, handle: 0x0001000a, scn: 19, name: OBEX Phonebook Access Server, with_obex: 1
01-01 00:03:01.235 I/bt_btif ( 1433): Adding UUID=0x112F into EIR
01-01 00:03:01.235 D/bt_btif ( 1433): BTA is generating EIR
01-01 00:03:01.235 I/bt_btm  ( 1433): Write Extended Inquiry Response to controller
01-01 00:03:01.235 I/bt_btif ( 1433): bta_dm_eir_update_uuid UUID bit mask=0x00000090 02063C00
01-01 00:03:01.235 D/bt_btif ( 1433): add_pbap_sdp: service registered successfully, service_name: OBEX Phonebook Access Server, handle: 0x0001000a
01-01 00:03:01.235 I/bt_btif ( 1433): BTA_JvRfcommStartServer
01-01 00:03:01.236 I/bt_btif ( 1433): BTA got event 0x1a0f
01-01 00:03:01.236 D/bt_btif ( 1433): bta_jv_rfcomm_start_server: sec id in use:0, rfc_cb in use:0
01-01 00:03:01.236 E/bt_upio ( 1433): upio_set : open(/proc/bluetooth/sleep/btwrite) for write failed: Permission denied (13)
01-01 00:03:01.236 I/bt_btm  ( 1433): btm_sec_set_security_level : sec: 0x4
01-01 00:03:01.236 I/bt_btm  ( 1433): BTM_SEC_REG[13]: id 52, is_orig 0, psm 0x0003, proto_id 3, chan_id 19
01-01 00:03:01.236 I/bt_btm  ( 1433):                : sec: 0x86, service name [JV PORT] (up to 21 chars saved)
01-01 00:03:01.236 D/bt_rfcomm( 1433): port_find_mcb: not found, bd_addr:ff:ff:ff:ff:ff:ff
01-01 00:03:01.236 I/bt_rfcomm( 1433): RFCOMM_CreateConnection()  BDA: ff-ff-ff-ff-ff-ff
01-01 00:03:01.236 I/bt_rfcomm( 1433): RFCOMM_CreateConnection(): scn:19, dlci:38, is_server:1 mtu:990, p_mcb:0x0
01-01 00:03:01.236 D/bt_rfcomm( 1433): rfc_cb.port.port[2]:0x97db1048 allocated, last_port:2
01-01 00:03:01.236 D/bt_rfcomm( 1433): port_allocate_port:bd_addr:ff:ff:ff:ff:ff:ff
01-01 00:03:01.236 I/bt_rfcomm( 1433): RFCOMM_CreateConnection(): scn:19, dlci:38, is_server:1 mtu:990, p_mcb:0x0, p_port:0x97db1048
01-01 00:03:01.236 I/bt_rfcomm( 1433): RFCOMM_CreateConnection dlci:38 signal state:0xb
01-01 00:03:01.236 D/bt_btif ( 1433): bta_jv_alloc_rfc_cb port_handle:3 handle:0x81
01-01 00:03:01.236 I/bt_rfcomm( 1433): PORT_SetEventCallback() handle:3
01-01 00:03:01.236 D/BluetoothInputDevice( 1189): Proxy object connected
01-01 00:03:01.236 I/bt_rfcomm( 1433): PORT_SetEventMask() handle:3 mask:0x30005
01-01 00:03:01.236 I/bt_rfcomm( 1433): PORT_GetState() handle:3
01-01 00:03:01.236 I/bt_rfcomm( 1433): PORT_SetState() handle:3
01-01 00:03:01.236 D/HidProfile( 1189): Bluetooth service connected
01-01 00:03:01.236 I/bt_rfcomm( 1433): PORT_SetState() handle:3 FC_TYPE:0xc
01-01 00:03:01.236 I/bt_rfcomm( 1433): PORT_SetDataCOCallback() handle:3 cb 0x97bdd7b5
01-01 00:03:01.241 D/CachedBluetoothDevice( 1189): onProfileStateChanged: profile A2DP newProfileState 1
01-01 00:03:01.248 I/bt_btif ( 1433): btif_dm_start_discovery
01-01 00:03:01.248 I/bt_btif ( 1433): BTA_DmBleScanFilterSetup: 1
01-01 00:03:01.248 I/bt_btif ( 1433): BTA got event 0x122
01-01 00:03:01.248 I/bt_btif ( 1433): bta_dm_sm_execute event:0x22
01-01 00:03:01.248 D/bt_btif ( 1433): bta_dm_scan_filter_param_setup
01-01 00:03:01.248 D/bt_btm  ( 1433): BTM_BleGetVendorCapabilities
01-01 00:03:01.248 E/bt_btif ( 1433): bte_scan_filt_param_cfg_evt, 1
01-01 00:03:01.249 I/bt_btif ( 1433): BTA_DmBleScanFilterSetup: 0
01-01 00:03:01.249 I/bt_btif ( 1433): BTA got event 0x122
01-01 00:03:01.249 I/bt_btif ( 1433): bta_dm_sm_execute event:0x22
01-01 00:03:01.249 D/bt_btif ( 1433): bta_dm_scan_filter_param_setup
01-01 00:03:01.249 D/bt_btm  ( 1433): BTM_BleGetVendorCapabilities
01-01 00:03:01.249 E/bt_btif ( 1433): bte_scan_filt_param_cfg_evt, 1
01-01 00:03:01.249 I/bt_btif ( 1433): BTA got event 0x200
01-01 00:03:01.249 I/bt_btif ( 1433): bta_dm_search_sm_execute state:0, event:0x200
01-01 00:03:01.249 D/bt_btif ( 1433): bta_dm_search_start avoid_scatter=1
01-01 00:03:01.249 W/bt_btif ( 1433): bta_dm_check_av:0
01-01 00:03:01.249 I/bt_btm  ( 1433): BTM_StartInquiry: mode: 17, dur: 10, rsps: 0, flt: 0
01-01 00:03:01.249 D/bt_btm  ( 1433): BTM_StartInquiry: p_inq->inq_active = 0x11
01-01 00:03:01.249 D/bt_btm  ( 1433): btm_ble_start_inquiry: mode = 10 inq_active = 0x11
01-01 00:03:01.249 D/bt_btm  ( 1433): btm_ble_start_inquiry inq_active = 0x11
01-01 00:03:01.250 D/bt_btm  ( 1433): BTM_StartInquiry: mode = 01
01-01 00:03:01.250 I/bt_btif ( 1433): bta_dm_search_start status=1
01-01 00:03:01.250 E/bt_upio ( 1433): upio_set : open(/proc/bluetooth/sleep/btwrite) for write failed: Permission denied (13)
01-01 00:03:01.254 E/bt_upio ( 1433): upio_set : open(/proc/bluetooth/sleep/btwrite) for write failed: Permission denied (13)
01-01 00:03:01.254 D/BluetoothHeadsetClient( 1189): Proxy object connected
01-01 00:03:01.258 E/bt_upio ( 1433): upio_set : open(/proc/bluetooth/sleep/btwrite) for write failed: Permission denied (13)
01-01 00:03:01.259 D/BluetoothMap( 1189): Proxy object connected
01-01 00:03:01.259 D/MapProfile( 1189): Bluetooth service connected
01-01 00:03:01.259 D/BluetoothMap( 1189): getConnectedDevices()
01-01 00:03:01.263 D/bt_btm  ( 1433): btm_acl_update_busy_level
01-01 00:03:01.263 D/bt_btm  ( 1433): BTM_BLI_INQ_EVT
01-01 00:03:01.264 I/bt_btif ( 1433): BTA got event 0x104
01-01 00:03:01.264 I/bt_btif ( 1433): bta_dm_sm_execute event:0x4
01-01 00:03:01.264 D/bt_btif ( 1433): btif_transfer_context event 8, len 280
01-01 00:03:01.264 E/bt_upio ( 1433): upio_set : open(/proc/bluetooth/sleep/btwrite) for write failed: Permission denied (13)
01-01 00:03:01.264 D/bt_btif ( 1433): btif task fetched event a001
01-01 00:03:01.264 D/bt_btif ( 1433): btif_context_switched
01-01 00:03:01.264 I/bt_btif ( 1433): btif_dm_upstreams_evt: ev: BTA_DM_BUSY_LEVEL_EVT
01-01 00:03:01.264 I/bt_btif ( 1433): HAL bt_hal_cbacks->discovery_state_changed_cb
01-01 00:03:01.266 D/BluetoothPan( 1189): BluetoothPAN Proxy object connected
01-01 00:03:01.266 D/PanProfile( 1189): Bluetooth service connected
01-01 00:03:01.266 D/BluetoothA2dp( 1189): Proxy object connected
01-01 00:03:01.268 I/bt_btif ( 1433): btif_set_adapter_property type: 9, len 4, 0x97358758
01-01 00:03:01.269 D/bt_btif ( 1433): btif_transfer_context event 2, len 24
01-01 00:03:01.269 I/bt_btif ( 1433): btif_in_storage_request_copy_cb
01-01 00:03:01.269 D/bt_btif ( 1433): btif task fetched event a001
01-01 00:03:01.269 D/bt_btif ( 1433): btif_context_switched
01-01 00:03:01.269 I/bt_btif ( 1433): btif_set_adapter_property type: 7, len 4, 0x97358758
01-01 00:03:01.269 I/bt_btif ( 1433): execute storage request ev
01-01 00:03:01.269 I/bt_btif ( 1433): execute storage request ev
01-01 00:03:01.269 I/bt_btif ( 1433): type: 9, len 4, 0xaefccb2c
01-01 00:03:01.269 D/bt_btif ( 1433): in, bd addr:, prop type:9, len:4
01-01 00:03:01.269 D/bt_btif ( 1433): btif_transfer_context event 2, len 24
01-01 00:03:01.269 I/bt_btif ( 1433): btif_in_storage_request_copy_cb
01-01 00:03:01.269 I/bt_btif ( 1433): Remote device:0x103
01-01 00:03:01.269 D/bt_btif ( 1433): Remote device:, no link key or ble key found
01-01 00:03:01.269 I/bt_btif ( 1433): HAL bt_hal_cbacks->adapter_properties_cb
01-01 00:03:01.269 I/bt_btif ( 1433): bta_dm_sm_execute event:0x3
01-01 00:03:01.269 I/bt_btm  ( 1433): BTM_BleReadDiscoverability
01-01 00:03:01.269 I/bt_btm  ( 1433): BTM_BleReadConnectability
01-01 00:03:01.269 I/bt_btm  ( 1433): BTM_ReadDiscoverability
01-01 00:03:01.269 I/bt_btm  ( 1433): BTM_ReadConnectability
01-01 00:03:01.269 I/bt_btm  ( 1433): BTM_SetDiscoverability
01-01 00:03:01.269 I/bt_btm  ( 1433): btm_ble_set_discoverability mode=0x0 combined_mode=0x2
01-01 00:03:01.269 I/bt_btm  ( 1433): evt_type=0x3 p-cb->evt_type=0x3 
01-01 00:03:01.269 I/bt_btm  ( 1433): BTM_SetDiscoverability: mode 2 [NonDisc-0, Lim-1, Gen-2], window 0x0012, interval 0x0800
01-01 00:03:01.269 D/BluetoothAdapterProperties( 1433): Discoverable Timeout:120
01-01 00:03:01.269 D/bt_btif ( 1433): btif task fetched event a001
01-01 00:03:01.269 I/bt_btm  ( 1433): BTM_SetConnectability
01-01 00:03:01.269 D/bt_btif ( 1433): btif_context_switched
01-01 00:03:01.269 I/bt_btm  ( 1433): btm_ble_set_connectability mode=0x0 combined_mode=0x1
01-01 00:03:01.269 I/bt_btif ( 1433): execute storage request event : 2
01-01 00:03:01.270 I/bt_btm  ( 1433): type: 7, len 4, 0xaefccb64
01-01 00:03:01.270 I/bt_btif ( 1433): type: 7, len 4, 0xaefccb64
01-01 00:03:01.270 D/bt_btif ( 1433): in, bd addr:, prop type:7, len:4
01-01 00:03:01.270 D/bt_btif ( 1433): Remote device:, no link key or ble key found
01-01 00:03:01.270 I/bt_btif ( 1433): HAL bt_hal_cbacks->adapter_properties_cb
01-01 00:03:01.272 D/BluetoothAdapterProperties( 1433): Scan Mode:23
01-01 00:03:01.272 D/BluetoothA2dpSink( 1189): Proxy object connected
01-01 00:03:01.272 D/A2dpSinkProfile( 1189): Bluetooth service connected
01-01 00:03:01.274 D/BluetoothPbap(  619): Proxy object connected
01-01 00:03:01.274 D/PbapServerProfile(  619): Bluetooth service connected
01-01 00:03:01.275 E/bt_upio ( 1433): upio_set : open(/proc/bluetooth/sleep/btwrite) for write failed: Permission denied (13)
01-01 00:03:01.280 E/bt_upio ( 1433): upio_set : open(/proc/bluetooth/sleep/btwrite) for write failed: Permission denied (13)
01-01 00:03:01.286 E/bt_upio ( 1433): upio_set : open(/proc/bluetooth/sleep/btwrite) for write failed: Permission denied (13)
01-01 00:03:01.298 W/ContextImpl( 1189): Calling a method in the system process without a qualified user: android.app.ContextImpl.startService:1357 android.content.ContextWrapper.startService:613 android.content.ContextWrapper.startService:613 com.android.settings.bluetooth.DockEventReceiver.beginStartingService:134 com.android.settings.bluetooth.DockEventReceiver.onReceive:115 
01-01 00:03:01.303 D/BluetoothPbap( 1189): Proxy object connected
01-01 00:03:01.303 D/PbapServerProfile( 1189): Bluetooth service connected
01-01 00:03:01.323 D/DockEventReceiver( 1189): finishStartingService: stopping service
01-01 00:03:01.334 I/BluetoothFragment(  619): onScanningStateChanged
01-01 00:03:01.428 V/TvSettings_BluetoothDiscoveryReceiver(  619): Received: android.bluetooth.adapter.action.DISCOVERY_STARTED
01-01 00:03:01.438 V/BluetoothDiscoveryReceiver( 1189): Received: android.bluetooth.adapter.action.DISCOVERY_STARTED
01-01 00:03:01.445 W/BluetoothAdapter( 1433): getBluetoothService() called with no BluetoothManagerCallback
01-01 00:03:01.461 D/bt_btif ( 1433): BTA_JvGetChannelId: service_name: OBEX Object Push - channel: 12
01-01 00:03:01.461 I/bt_btif ( 1433): BTA_JvGetChannelId
01-01 00:03:01.461 D/bt_btif ( 1433): adding fd:172, flags:0x4
01-01 00:03:01.461 I/bt_btif ( 1433): BTA got event 0x1a02
01-01 00:03:01.462 I/bt_btif ( 1433): BTA_JvCreateRecordByUser
01-01 00:03:01.462 I/bt_btif ( 1433): BTA got event 0x1a05
01-01 00:03:01.462 D/bt_btif ( 1433): add_rfc_sdp_by_uuid: service_name: OBEX Object Push, channel: 12
01-01 00:03:01.462 D/bt_btif ( 1433): add_ops_sdp: scn 12, service_name OBEX Object Push
01-01 00:03:01.462 D/bt_sdp  ( 1433): SDP_CreateRecord ok, num_records:12
01-01 00:03:01.462 D/bt_btif ( 1433): create_base_record: scn: 12, name: OBEX Object Push, with_obex: 1
01-01 00:03:01.462 I/BtOppRfcommListener( 1433): Accept thread started.
01-01 00:03:01.462 D/bt_btif ( 1433): create_base_record: successfully created base service record, handle: 0x0001000b, scn: 12, name: OBEX Object Push, with_obex: 1
01-01 00:03:01.462 I/bt_btif ( 1433): Adding UUID=0x1105 into EIR
01-01 00:03:01.462 D/bt_btif ( 1433): BTA is generating EIR
01-01 00:03:01.462 D/bt_btif ( 1433): cmd.id:3
01-01 00:03:01.462 I/bt_btm  ( 1433): Write Extended Inquiry Response to controller
01-01 00:03:01.463 I/bt_btif ( 1433): bta_dm_eir_update_uuid UUID bit mask=0x00000090 02063C20
01-01 00:03:01.463 D/bt_btif ( 1433): ad_maps_sdp: service registered successfully, service_name: OBEX Object Push, handle 0x0001000b)
01-01 00:03:01.463 I/bt_btif ( 1433): BTA_JvRfcommStartServer
01-01 00:03:01.463 I/bt_btif ( 1433): BTA got event 0x1a0f
01-01 00:03:01.463 D/bt_btif ( 1433): bta_jv_rfcomm_start_server: sec id in use:1, rfc_cb in use:1
01-01 00:03:01.463 E/bt_upio ( 1433): upio_set : open(/proc/bluetooth/sleep/btwrite) for write failed: Permission denied (13)
01-01 00:03:01.463 I/bt_btm  ( 1433): btm_sec_set_security_level : sec: 0x0
01-01 00:03:01.463 I/bt_btm  ( 1433): BTM_SEC_REG[14]: id 53, is_orig 0, psm 0x0003, proto_id 3, chan_id 12
01-01 00:03:01.463 I/bt_btm  ( 1433):                : sec: 0x80, service name [JV PORT] (up to 21 chars saved)
01-01 00:03:01.463 D/bt_rfcomm( 1433): port_find_mcb: not found, bd_addr:ff:ff:ff:ff:ff:ff
01-01 00:03:01.463 I/bt_rfcomm( 1433): RFCOMM_CreateConnection()  BDA: ff-ff-ff-ff-ff-ff
01-01 00:03:01.463 I/bt_rfcomm( 1433): RFCOMM_CreateConnection(): scn:12, dlci:24, is_server:1 mtu:990, p_mcb:0x0
01-01 00:03:01.463 D/bt_rfcomm( 1433): rfc_cb.port.port[3]:0x97db10d0 allocated, last_port:3
01-01 00:03:01.463 D/bt_rfcomm( 1433): port_allocate_port:bd_addr:ff:ff:ff:ff:ff:ff
01-01 00:03:01.463 I/bt_rfcomm( 1433): RFCOMM_CreateConnection(): scn:12, dlci:24, is_server:1 mtu:990, p_mcb:0x0, p_port:0x97db10d0
01-01 00:03:01.464 I/bt_rfcomm( 1433): RFCOMM_CreateConnection dlci:24 signal state:0xb
01-01 00:03:01.464 D/bt_btif ( 1433): bta_jv_alloc_rfc_cb port_handle:4 handle:0x82
01-01 00:03:01.464 I/bt_rfcomm( 1433): PORT_SetEventCallback() handle:4
01-01 00:03:01.464 I/bt_rfcomm( 1433): PORT_SetEventMask() handle:4 mask:0x30005
01-01 00:03:01.464 I/bt_rfcomm( 1433): PORT_GetState() handle:4
01-01 00:03:01.464 I/bt_rfcomm( 1433): PORT_SetState() handle:4
01-01 00:03:01.464 I/bt_rfcomm( 1433): PORT_SetState() handle:4 FC_TYPE:0xc
01-01 00:03:01.464 I/bt_rfcomm( 1433): PORT_SetDataCOCallback() handle:4 cb 0x97bdd7b5
01-01 00:03:02.289 I/bt_hci  ( 1433): BLE HCI(id=62) event = 0x02)
01-01 00:03:02.289 I/bt_hci  ( 1433): btu_ble_process_adv_pkt
01-01 00:03:02.289 I/bt_btm  ( 1433): BTM_CheckAdvData: type=0x01
01-01 00:03:02.289 I/bt_btm  ( 1433): BTM_CheckAdvData: type=0x19
01-01 00:03:02.289 I/bt_btm  ( 1433): BTM_CheckAdvData: type=0x03
01-01 00:03:02.289 D/bt_btm  ( 1433): Random address, treating device as LE only
01-01 00:03:02.289 I/bt_btm  ( 1433): BTM_CheckAdvData: type=0x01
01-01 00:03:02.289 W/bt_btm_ble( 1433): btm_ble_process_adv_pkt_cont device is no longer discoverable so discarding advertising packet pkt
01-01 00:03:02.637 I/bt_hci  ( 1433): BLE HCI(id=62) event = 0x02)
01-01 00:03:02.637 I/bt_hci  ( 1433): btu_ble_process_adv_pkt
01-01 00:03:02.637 I/bt_btm  ( 1433): BTM_CheckAdvData: type=0x01
01-01 00:03:02.637 I/bt_btm  ( 1433): BTM_CheckAdvData: type=0x19
01-01 00:03:02.637 I/bt_btm  ( 1433): BTM_CheckAdvData: type=0x03
01-01 00:03:02.637 D/bt_btm  ( 1433): Random address, treating device as LE only
01-01 00:03:02.637 I/bt_btm  ( 1433): BTM_CheckAdvData: type=0x01
01-01 00:03:02.638 D/bt_btm  ( 1433): Find Generable Discoverable device
01-01 00:03:02.638 I/bt_btm  ( 1433): BTM_InqDbRead: bd addr [4b26a0e716d1]
01-01 00:03:02.638 D/bt_btif ( 1433): bte_search_devices_evt event=BTA_DM_INQ_RES_EVT param_len=524
01-01 00:03:02.638 I/bt_btm  ( 1433): BTM_CheckEirData type=0x09
01-01 00:03:02.638 I/bt_btm  ( 1433): BTM_CheckEirData type=0x08
01-01 00:03:02.638 D/bt_btif ( 1433): btif_transfer_context event 0, len 524
01-01 00:03:02.638 D/bt_btif ( 1433): search_devices_copy_cb: event=BTA_DM_INQ_RES_EVT
01-01 00:03:02.639 D/bt_btif ( 1433): btif task fetched event a001
01-01 00:03:02.639 D/bt_btif ( 1433): btif_context_switched
01-01 00:03:02.639 I/bt_btif ( 1433): btif_dm_search_devices_evt event=BTA_DM_INQ_RES_EVT
01-01 00:03:02.639 D/bt_btif ( 1433): btif_dm_search_devices_evt() 4b:26:a0:e7:16:d1 device_type = 0x2
01-01 00:03:02.640 D/bt_btif_dm( 1433): btif_dm_search_devices_evt cod is 0, set as unclassified
01-01 00:03:02.640 I/bt_btm  ( 1433): BTM_CheckEirData type=0x09
01-01 00:03:02.640 I/bt_btm  ( 1433): BTM_CheckEirData type=0x08
01-01 00:03:02.640 D/bt_btif ( 1433): in, bd addr:4b:26:a0:e7:16:d1, prop type:1, len:249
01-01 00:03:02.640 I/bt_btm  ( 1433): BTM_CheckEirData type=0x03
01-01 00:03:02.640 I/bt_btm  ( 1433): BTM_CheckEirData type=0x02
01-01 00:03:02.640 D/bt_btif ( 1433): btif_dm_search_devices_evt()EIR BTA services = 00000000
01-01 00:03:02.640 D/bt_btif ( 1433): in, bd addr:4b:26:a0:e7:16:d1, prop type:255, len:6
01-01 00:03:02.640 D/bt_btif ( 1433): Remote device:4b:26:a0:e7:16:d1, no link key or ble key found
01-01 00:03:02.641 D/bt_btif ( 1433): in, bd addr:4b:26:a0:e7:16:d1, prop type:4, len:4
01-01 00:03:02.641 D/bt_btif ( 1433): Remote device:4b:26:a0:e7:16:d1, no link key or ble key found
01-01 00:03:02.641 D/bt_btif ( 1433): in, bd addr:4b:26:a0:e7:16:d1, prop type:5, len:4
01-01 00:03:02.641 D/bt_btif ( 1433): btif_in_fetch_bonded_ble_device Found a LE device: 4b:26:a0:e7:16:d1
01-01 00:03:02.641 D/bt_btif ( 1433): Remote device:4b:26:a0:e7:16:d1, no link key or ble key found
01-01 00:03:02.642 I/bt_btif ( 1433): HAL bt_hal_cbacks->device_found_cb
01-01 00:03:02.689 I/BluetoothFragment(  619): onDeviceAdded
01-01 00:03:02.695 D/BluetoothEventManager( 1189): DeviceFoundHandler created new CachedBluetoothDevice: 4B:26:A0:E7:16:D1
01-01 00:03:02.703 D/BluetoothEventManager(  619): DeviceFoundHandler created new CachedBluetoothDevice: 4B:26:A0:E7:16:D1
01-01 00:03:02.999 I/bt_hci  ( 1433): BLE HCI(id=62) event = 0x02)
01-01 00:03:03.000 I/bt_hci  ( 1433): btu_ble_process_adv_pkt
01-01 00:03:03.000 I/bt_btm  ( 1433): BTM_CheckAdvData: type=0x01
01-01 00:03:03.000 I/bt_btm  ( 1433): BTM_CheckAdvData: type=0x19
01-01 00:03:03.000 I/bt_btm  ( 1433): BTM_CheckAdvData: type=0x03
01-01 00:03:03.000 D/bt_btm  ( 1433): Random address, treating device as LE only
01-01 00:03:03.001 I/bt_btm  ( 1433): BTM_CheckAdvData: type=0x01
01-01 00:03:03.001 W/bt_btm_ble( 1433): btm_ble_process_adv_pkt_cont device is no longer discoverable so discarding advertising packet pkt
01-01 00:03:03.572 D/bt_btif ( 1433): btif_transfer_context event 0, len 0
01-01 00:03:03.572 D/bt_btif ( 1433): btif task fetched event a001
01-01 00:03:03.572 D/bt_btif ( 1433): btif_context_switched
01-01 00:03:03.716 I/bt_hci  ( 1433): BLE HCI(id=62) event = 0x02)
01-01 00:03:03.716 I/bt_hci  ( 1433): btu_ble_process_adv_pkt
01-01 00:03:03.717 I/bt_btm  ( 1433): BTM_CheckAdvData: type=0x01
01-01 00:03:03.717 I/bt_btm  ( 1433): BTM_CheckAdvData: type=0x19
01-01 00:03:03.718 I/bt_btm  ( 1433): BTM_CheckAdvData: type=0x03
01-01 00:03:03.718 D/bt_btm  ( 1433): Random address, treating device as LE only
01-01 00:03:03.718 I/bt_btm  ( 1433): BTM_CheckAdvData: type=0x01
01-01 00:03:03.718 D/bt_btm  ( 1433): Find Generable Discoverable device
01-01 00:03:03.718 I/bt_btm  ( 1433): BTM_InqDbRead: bd addr [7318be3db7d4]
01-01 00:03:03.718 D/bt_btif ( 1433): bte_search_devices_evt event=BTA_DM_INQ_RES_EVT param_len=524
01-01 00:03:03.719 I/bt_btm  ( 1433): BTM_CheckEirData type=0x09
01-01 00:03:03.719 I/bt_btm  ( 1433): BTM_CheckEirData type=0x08
01-01 00:03:03.719 D/bt_btif ( 1433): btif_transfer_context event 0, len 524
01-01 00:03:03.719 D/bt_btif ( 1433): search_devices_copy_cb: event=BTA_DM_INQ_RES_EVT
01-01 00:03:03.719 D/bt_btif ( 1433): btif task fetched event a001
01-01 00:03:03.719 D/bt_btif ( 1433): btif_context_switched
01-01 00:03:03.719 I/bt_btif ( 1433): btif_dm_search_devices_evt event=BTA_DM_INQ_RES_EVT
01-01 00:03:03.720 D/bt_btif ( 1433): btif_dm_search_devices_evt() 73:18:be:3d:b7:d4 device_type = 0x2
01-01 00:03:03.720 D/bt_btif_dm( 1433): btif_dm_search_devices_evt cod is 0, set as unclassified
01-01 00:03:03.720 I/bt_btm  ( 1433): BTM_CheckEirData type=0x09
01-01 00:03:03.720 I/bt_btm  ( 1433): BTM_CheckEirData type=0x08
01-01 00:03:03.720 D/bt_btif ( 1433): in, bd addr:73:18:be:3d:b7:d4, prop type:1, len:249
01-01 00:03:03.720 I/bt_btm  ( 1433): BTM_CheckEirData type=0x03
01-01 00:03:03.720 I/bt_btm  ( 1433): BTM_CheckEirData type=0x02
01-01 00:03:03.720 D/bt_btif ( 1433): btif_dm_search_devices_evt()EIR BTA services = 00000000
01-01 00:03:03.720 D/bt_btif ( 1433): in, bd addr:73:18:be:3d:b7:d4, prop type:255, len:6
01-01 00:03:03.721 D/bt_btif ( 1433): Remote device:73:18:be:3d:b7:d4, no link key or ble key found
01-01 00:03:03.721 D/bt_btif ( 1433): in, bd addr:73:18:be:3d:b7:d4, prop type:4, len:4
01-01 00:03:03.721 D/bt_btif ( 1433): Remote device:73:18:be:3d:b7:d4, no link key or ble key found
01-01 00:03:03.721 D/bt_btif ( 1433): in, bd addr:73:18:be:3d:b7:d4, prop type:5, len:4
01-01 00:03:03.721 D/bt_btif ( 1433): btif_in_fetch_bonded_ble_device Found a LE device: 73:18:be:3d:b7:d4
01-01 00:03:03.722 D/bt_btif ( 1433): Remote device:73:18:be:3d:b7:d4, no link key or ble key found
01-01 00:03:03.722 I/bt_btif ( 1433): HAL bt_hal_cbacks->device_found_cb
01-01 00:03:03.728 I/bt_hci  ( 1433): BLE HCI(id=62) event = 0x02)
01-01 00:03:03.728 I/bt_hci  ( 1433): btu_ble_process_adv_pkt
01-01 00:03:03.768 D/BluetoothEventManager( 1189): DeviceFoundHandler created new CachedBluetoothDevice: 73:18:BE:3D:B7:D4
01-01 00:03:03.769 I/BluetoothFragment(  619): onDeviceAdded
01-01 00:03:03.787 D/BluetoothEventManager(  619): DeviceFoundHandler created new CachedBluetoothDevice: 73:18:BE:3D:B7:D4
01-01 00:03:04.053 I/bt_hci  ( 1433): BLE HCI(id=62) event = 0x02)
01-01 00:03:04.053 I/bt_hci  ( 1433): btu_ble_process_adv_pkt
01-01 00:03:04.065 I/bt_hci  ( 1433): BLE HCI(id=62) event = 0x02)
01-01 00:03:04.065 I/bt_hci  ( 1433): btu_ble_process_adv_pkt
01-01 00:03:04.770 I/bt_hci  ( 1433): BLE HCI(id=62) event = 0x02)
01-01 00:03:04.770 I/bt_hci  ( 1433): btu_ble_process_adv_pkt
01-01 00:03:04.770 I/bt_btm  ( 1433): BTM_CheckAdvData: type=0x01
01-01 00:03:04.771 I/bt_btm  ( 1433): BTM_CheckAdvData: type=0x19
01-01 00:03:04.771 I/bt_btm  ( 1433): BTM_CheckAdvData: type=0x03
01-01 00:03:04.771 D/bt_btm  ( 1433): Random address, treating device as LE only
01-01 00:03:04.771 I/bt_btm  ( 1433): BTM_CheckAdvData: type=0x01
01-01 00:03:04.771 D/bt_btm  ( 1433): Find Generable Discoverable device
01-01 00:03:04.771 I/bt_btm  ( 1433): BTM_InqDbRead: bd addr [48db74c70264]
01-01 00:03:04.771 D/bt_btif ( 1433): bte_search_devices_evt event=BTA_DM_INQ_RES_EVT param_len=524
01-01 00:03:04.771 I/bt_btm  ( 1433): BTM_CheckEirData type=0x09
01-01 00:03:04.771 I/bt_btm  ( 1433): BTM_CheckEirData type=0x08
01-01 00:03:04.771 D/bt_btif ( 1433): btif_transfer_context event 0, len 524
01-01 00:03:04.771 D/bt_btif ( 1433): search_devices_copy_cb: event=BTA_DM_INQ_RES_EVT
01-01 00:03:04.771 D/bt_btif ( 1433): btif task fetched event a001
01-01 00:03:04.772 D/bt_btif ( 1433): btif_context_switched
01-01 00:03:04.772 I/bt_btif ( 1433): btif_dm_search_devices_evt event=BTA_DM_INQ_RES_EVT
01-01 00:03:04.772 D/bt_btif ( 1433): btif_dm_search_devices_evt() 48:db:74:c7:02:64 device_type = 0x2
01-01 00:03:04.772 D/bt_btif_dm( 1433): btif_dm_search_devices_evt cod is 0, set as unclassified
01-01 00:03:04.772 I/bt_btm  ( 1433): BTM_CheckEirData type=0x09
01-01 00:03:04.772 I/bt_btm  ( 1433): BTM_CheckEirData type=0x08
01-01 00:03:04.773 D/bt_btif ( 1433): in, bd addr:48:db:74:c7:02:64, prop type:1, len:249
01-01 00:03:04.773 I/bt_btm  ( 1433): BTM_CheckEirData type=0x03
01-01 00:03:04.773 I/bt_btm  ( 1433): BTM_CheckEirData type=0x02
01-01 00:03:04.773 D/bt_btif ( 1433): btif_dm_search_devices_evt()EIR BTA services = 00000000
01-01 00:03:04.773 D/bt_btif ( 1433): in, bd addr:48:db:74:c7:02:64, prop type:255, len:6
01-01 00:03:04.774 D/bt_btif ( 1433): Remote device:48:db:74:c7:02:64, no link key or ble key found
01-01 00:03:04.774 D/bt_btif ( 1433): in, bd addr:48:db:74:c7:02:64, prop type:4, len:4
01-01 00:03:04.774 D/bt_btif ( 1433): Remote device:48:db:74:c7:02:64, no link key or ble key found
01-01 00:03:04.774 D/bt_btif ( 1433): in, bd addr:48:db:74:c7:02:64, prop type:5, len:4
01-01 00:03:04.775 D/bt_btif ( 1433): btif_in_fetch_bonded_ble_device Found a LE device: 48:db:74:c7:02:64
01-01 00:03:04.775 D/bt_btif ( 1433): Remote device:48:db:74:c7:02:64, no link key or ble key found
01-01 00:03:04.775 I/bt_btif ( 1433): HAL bt_hal_cbacks->device_found_cb
01-01 00:03:04.778 I/bt_hci  ( 1433): BLE HCI(id=62) event = 0x02)
01-01 00:03:04.779 I/bt_hci  ( 1433): btu_ble_process_adv_pkt
01-01 00:03:04.821 I/BluetoothFragment(  619): onDeviceAdded
01-01 00:03:04.826 D/BluetoothEventManager( 1189): DeviceFoundHandler created new CachedBluetoothDevice: 48:DB:74:C7:02:64
01-01 00:03:04.839 D/BluetoothEventManager(  619): DeviceFoundHandler created new CachedBluetoothDevice: 48:DB:74:C7:02:64
01-01 00:03:05.123 I/bt_hci  ( 1433): BLE HCI(id=62) event = 0x02)
01-01 00:03:05.123 I/bt_hci  ( 1433): btu_ble_process_adv_pkt
01-01 00:03:05.450 I/bt_hci  ( 1433): BLE HCI(id=62) event = 0x02)
01-01 00:03:05.451 I/bt_hci  ( 1433): btu_ble_process_adv_pkt
01-01 00:03:06.179 I/bt_hci  ( 1433): BLE HCI(id=62) event = 0x02)
01-01 00:03:06.179 I/bt_hci  ( 1433): btu_ble_process_adv_pkt
01-01 00:03:06.229 D/bt_btm  ( 1433): btm_acl_resubmit_page
01-01 00:03:06.230 I/bt_btm  ( 1433): Security Manager: btm_sec_connected in state: 0  handle:12 status:4 enc_mode:0  bda:fa70b27e RName:
01-01 00:03:06.230 D/bt_btm  ( 1433): btm_acl_update_busy_level
01-01 00:03:06.230 D/bt_btm  ( 1433): BTM_BLI_PAGE_DONE_EVT
01-01 00:03:06.231 I/bt_l2cap( 1433): L2CAP - st: CLOSED evt: 1
01-01 00:03:06.231 I/bt_l2cap( 1433): L2CAP - Calling ConnectCfm_Cb(), CID: 0x0040  Status: 4
01-01 00:03:06.231 D/bt_l2cap( 1433): l2cu_release_ccb: cid 0x0040  in_use: 1
01-01 00:03:06.231 D/bt_l2cap( 1433): l2cu_dequeue_ccb  CID: 0x0040
01-01 00:03:06.232 W/bt_sdp  ( 1433): SDP - Rcvd conn cnf with error: 0x4  CID 0x40
01-01 00:03:06.232 I/bt_a2d  ( 1433): a2d_sdp_cback status: 65521
01-01 00:03:06.232 D/bt_btm  ( 1433): btm_acl_removed
01-01 00:03:06.232 I/bt_btif ( 1433): BTA got event 0x1215
01-01 00:03:06.233 D/bt_btif ( 1433): handle=0x41
01-01 00:03:06.233 D/bt_btif ( 1433): AV Sevent(0x41)=0x1215(SDP_DISC_FAIL) state=2(OPENING)
01-01 00:03:06.233 D/bt_avp  ( 1433): No ccb for addr fc-58-fa-70-b2-7e
01-01 00:03:06.233 D/bt_avp  ( 1433): avdt_ccb_alloc 0
01-01 00:03:06.233 I/bt_btm  ( 1433): btm_sec_set_security_level : sec: 0x12
01-01 00:03:06.233 I/bt_btm  ( 1433): BTM_SEC_REG[3]: id 37, is_orig 1, psm 0x0019, proto_id 7, chan_id 0
01-01 00:03:06.234 I/bt_btm  ( 1433):                : sec: 0x3092, service name [] (up to 21 chars saved)
01-01 00:03:06.234 I/bt_btm  ( 1433): BTM_SetOutService p_out_serv id 37, psm 0x0019, proto_id 7, chan_id 0
01-01 00:03:06.234 D/bt_avp  ( 1433): avdt_ad_open_req: type: 0, role: 0, tcid:0
01-01 00:03:06.234 I/bt_l2cap( 1433): L2CA_ErtmConnectReq()  PSM: 0x0019  BDA: fc58fa70b27e  p_ertm_info: 0x00000000 allowed:0x0 preferred:0
01-01 00:03:06.234 I/bt_l2cap( 1433): l2c_link_adjust_allocation  num_hipri: 0  num_lowpri: 1  low_quota: 8  round_robin_quota: 0  qq: 8
01-01 00:03:06.234 I/bt_l2cap( 1433): l2c_link_adjust_allocation LCB 0   Priority: 0  XmitQuota: 8
01-01 00:03:06.235 I/bt_l2cap( 1433):         SentNotAcked: 0  RRUnacked: 0
01-01 00:03:06.235 I/bt_btm  ( 1433): BTM_InqDbRead: bd addr [fc58fa70b27e]
01-01 00:03:06.235 D/bt_btm  ( 1433): btm_find_dev_type - device_type = 1 addr_type = 0
01-01 00:03:06.235 D/bt_l2cap( 1433): l2cu_create_conn_after_switch :0 num_acl:0 no_hi: 0 is_bonding:0
01-01 00:03:06.235 I/bt_btm  ( 1433): BTM_InqDbRead: bd addr [fc58fa70b27e]
01-01 00:03:06.235 D/bt_btm  ( 1433): btm_acl_paging discing:0, paging:0 BDA: fc58fa70b27e
01-01 00:03:06.235 D/bt_btm  ( 1433): connecting_bda: fc58fa70b27e
01-01 00:03:06.235 I/bt_btm  ( 1433): btm_find_or_alloc_dev
01-01 00:03:06.236 D/bt_btm  ( 1433): btm_acl_update_busy_level
01-01 00:03:06.236 D/bt_btm  ( 1433): BTM_BLI_PAGE_EVT
01-01 00:03:06.236 D/bt_l2cap( 1433): l2cu_allocate_ccb: cid 0x0000
01-01 00:03:06.236 D/bt_l2cap( 1433): l2cu_enqueue_ccb CID: 0x0041  priority: 2
01-01 00:03:06.236 E/bt_upio ( 1433): upio_set : open(/proc/bluetooth/sleep/btwrite) for write failed: Permission denied (13)
01-01 00:03:06.236 D/bt_l2cap( 1433): l2c_link_adjust_chnl_allocation
01-01 00:03:06.237 I/bt_l2cap( 1433): CID:0x0041 FCR Mode:0 Priority:2 TxDataRate:1 RxDataRate:1 Quota:200
01-01 00:03:06.237 I/bt_l2cap( 1433): L2CAP - L2CA_conn_req(psm: 0x0019) returned CID: 0x0041
01-01 00:03:06.237 D/bt_avp  ( 1433): avdt_ad_tc_tbl_to_idx: 0
01-01 00:03:06.237 D/bt_avp  ( 1433): avdt_ad_tc_tbl_to_idx: 0
01-01 00:03:06.237 D/bt_avp  ( 1433): avdt_cb.ad.lcid_tbl[1] = 0
01-01 00:03:06.237 D/bt_avp  ( 1433): avdt_cb.ad.rt_tbl[0][0].lcid = 0x41
01-01 00:03:08.098 I/bt_l2cap( 1433): l2c_link_adjust_allocation  num_hipri: 0  num_lowpri: 2  low_quota: 8  round_robin_quota: 0  qq: 4
01-01 00:03:08.098 I/bt_l2cap( 1433): l2c_link_adjust_allocation LCB 0   Priority: 0  XmitQuota: 4
01-01 00:03:08.098 I/bt_l2cap( 1433):         SentNotAcked: 0  RRUnacked: 0
01-01 00:03:08.098 I/bt_l2cap( 1433): l2c_link_adjust_allocation LCB 1   Priority: 0  XmitQuota: 4
01-01 00:03:08.099 I/bt_l2cap( 1433):         SentNotAcked: 0  RRUnacked: 0
01-01 00:03:08.099 I/bt_btm  ( 1433): btm_sec_alloc_dev
01-01 00:03:08.099 I/bt_btm  ( 1433): BTM_InqDbRead: bd addr [30749674f0c3]
01-01 00:03:08.099 D/bt_btm  ( 1433): BTM_GetHCIConnHandle
01-01 00:03:08.099 D/bt_btm  ( 1433): BTM_GetHCIConnHandle
01-01 00:03:08.099 E/bt_upio ( 1433): upio_set : open(/proc/bluetooth/sleep/btwrite) for write failed: Permission denied (13)
01-01 00:03:08.321 I/bt_btif ( 1433): SET ACL PRIORITY 0
01-01 00:03:08.321 D/bt_btm  ( 1433): btm_acl_role_changed
01-01 00:03:08.331 D/bt_btm  ( 1433): btm_acl_resubmit_page
01-01 00:03:08.332 I/bt_btm  ( 1433): Security Manager: btm_sec_connected in state: 0  handle:13 status:0 enc_mode:0  bda:9674f0c3 RName:
01-01 00:03:08.332 D/bt_btm  ( 1433): btm_acl_created hci_handle=13 link_role=1  transport=1
01-01 00:03:08.332 D/bt_btm  ( 1433): device_type=0x1
01-01 00:03:08.332 D/bt_btm  ( 1433): btm_read_remote_features() handle: 13
01-01 00:03:08.332 D/bt_btm  ( 1433): btm_handle_to_acl_index
01-01 00:03:08.333 D/bt_btm  ( 1433): is_originator:0 
01-01 00:03:08.333 I/bt_btm  ( 1433): btm_sec_execute_procedure: Required:0x0 Flags:0x80 State:0
01-01 00:03:08.333 I/bt_btm  ( 1433): Security Manager: Start get name
01-01 00:03:08.333 D/bt_btm  ( 1433): btm_acl_paging discing:0, paging:0 BDA: 30749674f0c3
01-01 00:03:08.333 D/bt_btm  ( 1433): btm_bda_to_acl found
01-01 00:03:08.333 D/bt_btm  ( 1433): btm_acl_update_busy_level
01-01 00:03:08.333 D/bt_btm  ( 1433): BTM_BLI_PAGE_DONE_EVT
01-01 00:03:08.334 I/bt_l2cap( 1433): l2cu_send_peer_info_req: type 0x0002
01-01 00:03:08.334 D/bt_l2cap( 1433): TotalWin=7,Hndl=0xd,Quota=4,Unack=1,RRQuota=0,RRUnack=0
01-01 00:03:08.334 D/bt_btm  ( 1433): btm_acl_created hci_handle=13 link_role=0  transport=1
01-01 00:03:08.334 D/bt_btm  ( 1433): btm_bda_to_acl found
01-01 00:03:08.334 D/bt_btm  ( 1433): Duplicate btm_acl_created: RemBdAddr: 30749674f0c3
01-01 00:03:08.334 D/bt_btm  ( 1433): BTM_SetLinkPolicy
01-01 00:03:08.334 D/bt_btm  ( 1433): btm_bda_to_acl found
01-01 00:03:08.335 D/bt_btm  ( 1433): btm_bda_to_acl found
01-01 00:03:08.335 D/bt_btm  ( 1433): BTM_SetLinkSuperTout
01-01 00:03:08.337 E/bt_upio ( 1433): upio_set : open(/proc/bluetooth/sleep/btwrite) for write failed: Permission denied (13)
01-01 00:03:08.340 E/bt_upio ( 1433): upio_set : open(/proc/bluetooth/sleep/btwrite) for write failed: Permission denied (13)
01-01 00:03:08.349 D/bt_l2cap( 1433): cmd_code: 10, id:2, cmd_len:2
01-01 00:03:08.350 D/bt_l2cap( 1433): TotalWin=6,Hndl=0xd,Quota=4,Unack=2,RRQuota=0,RRUnack=0
01-01 00:03:08.355 E/bt_upio ( 1433): upio_set : open(/proc/bluetooth/sleep/btwrite) for write failed: Permission denied (13)
01-01 00:03:08.357 E/bt_upio ( 1433): upio_set : open(/proc/bluetooth/sleep/btwrite) for write failed: Permission denied (13)
01-01 00:03:08.362 D/bt_btm  ( 1433): btm_process_clk_off_comp_evt
01-01 00:03:08.362 D/bt_btm  ( 1433): btm_handle_to_acl_index
01-01 00:03:08.362 I/bt_btm  ( 1433): BTM_InqDbRead: bd addr [30749674f0c3]
01-01 00:03:08.365 I/bt_btm  ( 1433): btm_find_or_alloc_dev
01-01 00:03:08.365 I/bt_btm  ( 1433): btm_sec_change_pairing_state()  Old: 0
01-01 00:03:08.365 I/bt_btm  ( 1433): btm_sec_change_pairing_state()  New: 8 pairing_flags:0x0
01-01 00:03:08.365 D/bt_l2cap( 1433): l2cu_update_lcb_4_bonding  BDA: 30749674f0c3 is_bonding: 1
01-01 00:03:08.366 I/bt_btif ( 1433): bta_dm_sp_cback: 1
01-01 00:03:08.366 D/bt_btif ( 1433): btif_dm_proc_io_rsp auth_req:3
01-01 00:03:08.366 I/bt_btif ( 1433): dm status: 1
01-01 00:03:08.369 I/bt_btm  ( 1433): btm_io_capabilities_req: State: 8
01-01 00:03:08.369 I/bt_btm  ( 1433): btm_find_or_alloc_dev
01-01 00:03:08.369 D/bt_btm  ( 1433): btm_io_capabilities_req:Security mode: 4, Num Read Remote Feat pages: 0
01-01 00:03:08.369 I/bt_btm  ( 1433): btm_io_capabilities_req: State: 8  Flags: 0x0002  p_cur_service: 0x00000000
01-01 00:03:08.369 I/bt_btm  ( 1433): btm_sec_change_pairing_state()  Old: 8
01-01 00:03:08.369 I/bt_btm  ( 1433): btm_sec_change_pairing_state()  New: 7 pairing_flags:0x2
01-01 00:03:08.369 I/bt_btif ( 1433): bta_dm_sp_cback: 0
01-01 00:03:08.369 D/bt_btif ( 1433): btif_dm_set_oob_for_io_req: *p_has_oob_data=0
01-01 00:03:08.369 D/bt_btif ( 1433): +btif_dm_proc_io_req: p_auth_req=3
01-01 00:03:08.369 D/bt_btif ( 1433): btif_dm_proc_io_req: setting p_auth_req to peer's: 3
01-01 00:03:08.369 D/bt_btif ( 1433): -btif_dm_proc_io_req: p_auth_req=3
01-01 00:03:08.369 D/bt_btif ( 1433): bta_dm_co_io_req *p_oob_data = 0
01-01 00:03:08.369 D/bt_btif ( 1433): bta_dm_co_io_req *p_io_cap = 1
01-01 00:03:08.369 D/bt_btif ( 1433): bta_dm_co_io_req *p_auth_req = 3
01-01 00:03:08.370 D/bt_btif ( 1433): bta_dm_co_io_req is_orig = 0
01-01 00:03:08.370 I/bt_btif ( 1433): io mitm: 3 oob_data:0
01-01 00:03:08.370 I/bt_btif ( 1433): dm status: 1
01-01 00:03:08.370 I/bt_btm  ( 1433): btm_io_capabilities_req: State: 7  IO_CAP:1 oob_data:0 auth_req:3
01-01 00:03:08.372 D/bt_l2cap( 1433): cmd_code: 11, id:2, cmd_len:8
01-01 00:03:08.372 I/bt_l2cap( 1433): l2cu_send_peer_info_req: type 0x0003
01-01 00:03:08.372 D/bt_l2cap( 1433): TotalWin=5,Hndl=0xd,Quota=4,Unack=3,RRQuota=0,RRUnack=0
01-01 00:03:08.377 E/bt_upio ( 1433): upio_set : open(/proc/bluetooth/sleep/btwrite) for write failed: Permission denied (13)
01-01 00:03:08.381 E/bt_upio ( 1433): upio_set : open(/proc/bluetooth/sleep/btwrite) for write failed: Permission denied (13)
01-01 00:03:08.386 D/bt_btm  ( 1433): btm_read_remote_version_complete
01-01 00:03:08.387 D/bt_l2cap( 1433): TotalWin=7,LinkUnack(0xd)=1,RRCheck=0,RRUnack=0
01-01 00:03:08.389 D/bt_l2cap( 1433): cmd_code: 10, id:3, cmd_len:2
01-01 00:03:08.389 D/bt_l2cap( 1433): TotalWin=6,Hndl=0xd,Quota=4,Unack=2,RRQuota=0,RRUnack=0
01-01 00:03:08.394 E/bt_upio ( 1433): upio_set : open(/proc/bluetooth/sleep/btwrite) for write failed: Permission denied (13)
01-01 00:03:08.397 E/bt_upio ( 1433): upio_set : open(/proc/bluetooth/sleep/btwrite) for write failed: Permission denied (13)
01-01 00:03:08.401 D/bt_btm  ( 1433): btm_read_remote_features_complete
01-01 00:03:08.402 D/bt_btm  ( 1433): btm_handle_to_acl_index
01-01 00:03:08.402 D/bt_btm  ( 1433): Start reading remote extended features
01-01 00:03:08.402 D/bt_btm  ( 1433): btm_read_remote_ext_features() handle: 13 page: 1
01-01 00:03:08.403 D/bt_l2cap( 1433): cmd_code: 11, id:3, cmd_len:12
01-01 00:03:08.403 I/bt_smp  ( 1433): smp_br_connect_callback
01-01 00:03:08.405 E/bt_upio ( 1433): upio_set : open(/proc/bluetooth/sleep/btwrite) for write failed: Permission denied (13)
01-01 00:03:08.410 I/bt_btm  ( 1433): BDA 30:74:96:74:f0:c3
01-01 00:03:08.411 I/bt_btm  ( 1433): Inquire BDA 00:00:00:00:00:00
01-01 00:03:08.411 I/bt_btm  ( 1433): btm_sec_rmt_name_request_complete
01-01 00:03:08.411 D/bt_btm  ( 1433): btm_bda_to_acl found
01-01 00:03:08.411 I/bt_btm  ( 1433): btm_sec_rmt_name_request_complete PairState: 7  RemName: HUAWEI P10  status: 0 State:3  p_dev_rec: 0xa5b72408 
01-01 00:03:08.411 I/bt_btm  ( 1433): setting BTM_SEC_NAME_KNOWN sec_flags:0x88
01-01 00:03:08.411 I/bt_btm  ( 1433): btm_sec_execute_procedure: Required:0x0 Flags:0x88 State:0
01-01 00:03:08.411 I/bt_btm  ( 1433): Security Manager: trusted:0x00000000
01-01 00:03:08.411 I/bt_btm  ( 1433): Security Manager: access granted
01-01 00:03:08.414 D/bt_l2cap( 1433): TotalWin=8,LinkUnack(0xd)=0,RRCheck=0,RRUnack=0
01-01 00:03:08.418 E/bt_upio ( 1433): upio_set : open(/proc/bluetooth/sleep/btwrite) for write failed: Permission denied (13)
01-01 00:03:08.422 E/bt_upio ( 1433): upio_set : open(/proc/bluetooth/sleep/btwrite) for write failed: Permission denied (13)
01-01 00:03:08.427 E/bt_upio ( 1433): upio_set : open(/proc/bluetooth/sleep/btwrite) for write failed: Permission denied (13)
01-01 00:03:08.435 D/bt_btm  ( 1433): btm_read_remote_ext_features_complete
01-01 00:03:08.435 D/bt_btm  ( 1433): btm_handle_to_acl_index
01-01 00:03:08.435 D/bt_btm  ( 1433): BTM reads next remote extended features page (2)
01-01 00:03:08.435 D/bt_btm  ( 1433): btm_read_remote_ext_features() handle: 13 page: 2
01-01 00:03:08.436 E/bt_upio ( 1433): upio_set : open(/proc/bluetooth/sleep/btwrite) for write failed: Permission denied (13)
01-01 00:03:08.443 D/bt_btm  ( 1433): btm_read_remote_ext_features_complete
01-01 00:03:08.443 D/bt_btm  ( 1433): btm_handle_to_acl_index
01-01 00:03:08.443 D/bt_btm  ( 1433): BTM reached last remote extended features page (2)
01-01 00:03:08.443 D/bt_btm  ( 1433): btm_process_remote_ext_features
01-01 00:03:08.444 I/bt_btm  ( 1433): btm_sec_set_peer_sec_caps: sm4: 0x11, rmt_support_for_secure_connections 1
01-01 00:03:08.444 I/bt_btm  ( 1433): btm_process_remote_ext_features: pend:0
01-01 00:03:08.444 D/bt_btm  ( 1433): btm_establish_continue
01-01 00:03:08.444 D/bt_btm  ( 1433): btm_set_packet_types
01-01 00:03:08.444 D/bt_btm  ( 1433): SetPacketType Mask -> 0xcc18
01-01 00:03:08.444 D/bt_btm  ( 1433): BTM_SetLinkPolicy
01-01 00:03:08.444 D/bt_btm  ( 1433): btm_bda_to_acl found
01-01 00:03:08.444 D/bt_btm  ( 1433): btm_acl_update_busy_level
01-01 00:03:08.444 D/bt_btm  ( 1433): BTM_BLI_ACL_UP_EVT
01-01 00:03:08.444 I/bt_btif ( 1433): BTA got event 0x104
01-01 00:03:08.444 E/bt_upio ( 1433): upio_set : open(/proc/bluetooth/sleep/btwrite) for write failed: Permission denied (13)
01-01 00:03:08.444 I/bt_btif ( 1433): bta_dm_sm_execute event:0x4
01-01 00:03:08.444 D/bt_btm  ( 1433): btm_bda_to_acl found
01-01 00:03:08.444 D/bt_btm  ( 1433): BTM_ReadRemoteFeatures
01-01 00:03:08.444 W/bt_btif ( 1433): bta_dm_acl_change info: 0x10
01-01 00:03:08.445 D/bt_btif ( 1433): btif_transfer_context event 5, len 280
01-01 00:03:08.445 I/bt_l2cap( 1433): L2CA_SetDesireRole() new:x1, disallow_switch:0
01-01 00:03:08.445 D/bt_btif ( 1433): btif task fetched event a001
01-01 00:03:08.445 D/bt_btif ( 1433): btif_context_switched
01-01 00:03:08.445 I/bt_btif ( 1433): btif_dm_upstreams_evt: ev: BTA_DM_LINK_UP_EVT
01-01 00:03:08.445 D/bt_btif ( 1433): BTA_DM_LINK_UP_EVT. Sending BT_ACL_STATE_CONNECTED
01-01 00:03:08.445 D/bt_btm  ( 1433): btm_bda_to_acl found
01-01 00:03:08.445 D/bt_btm  ( 1433): BTM_ReadRemoteVersion
01-01 00:03:08.445 D/bt_btif_dm( 1433): remote version info [30:74:96:74:f0:c3]: 8, f, 6106
01-01 00:03:08.445 D/bt_btif ( 1433): in, bd addr:30:74:96:74:f0:c3, prop type:12, len:12
01-01 00:03:08.446 D/bt_btif ( 1433): Remote device:30:74:96:74:f0:c3, no link key or ble key found
01-01 00:03:08.446 I/bt_btif ( 1433): HAL bt_hal_cbacks->acl_state_changed_cb
01-01 00:03:08.447 E/BluetoothRemoteDevices( 1433): aclStateChangeCallback: Device is NULL
01-01 00:03:08.611 E/bt_upio ( 1433): upio_set : open(/proc/bluetooth/sleep/btwrite) for write failed: Permission denied (13)
01-01 00:03:08.677 I/bt_btm  ( 1433): BTM_CheckEirData type=0x03
01-01 00:03:08.677 I/bt_btm  ( 1433): btm_set_eir_uuid eir_complete_list=0x01
01-01 00:03:08.677 I/bt_btm  ( 1433): BTM_CheckEirData type=0x05
01-01 00:03:08.677 I/bt_btm  ( 1433): BTM_CheckEirData type=0x07
01-01 00:03:08.677 I/bt_btm  ( 1433): BTM_InqDbRead: bd addr [18f0e4fad3fc]
01-01 00:03:08.677 D/bt_btif ( 1433): bte_search_devices_evt event=BTA_DM_INQ_RES_EVT param_len=524
01-01 00:03:08.677 I/bt_btm  ( 1433): BTM_CheckEirData type=0x09
01-01 00:03:08.677 D/bt_btif ( 1433): btif_transfer_context event 0, len 524
01-01 00:03:08.677 D/bt_btif ( 1433): search_devices_copy_cb: event=BTA_DM_INQ_RES_EVT
01-01 00:03:08.677 D/bt_btif ( 1433): btif task fetched event a001
01-01 00:03:08.677 D/bt_btif ( 1433): btif_context_switched
01-01 00:03:08.677 I/bt_btif ( 1433): btif_dm_search_devices_evt event=BTA_DM_INQ_RES_EVT
01-01 00:03:08.677 D/bt_btif ( 1433): btif_dm_search_devices_evt() 18:f0:e4:fa:d3:fc device_type = 0x1
01-01 00:03:08.677 I/bt_btm  ( 1433): BTM_CheckEirData type=0x09
01-01 00:03:08.677 I/bt_btm  ( 1433): BTM_CheckEirData type=0x03
01-01 00:03:08.677 D/bt_btm  ( 1433): BTM_GetEirUuidList type = 03, number of uuid = 11
01-01 00:03:08.677 D/bt_btm  ( 1433):                      0x1105
01-01 00:03:08.677 D/bt_btm  ( 1433):                      0x110A
01-01 00:03:08.677 D/bt_btm  ( 1433):                      0x110C
01-01 00:03:08.677 D/bt_btm  ( 1433):                      0x110E
01-01 00:03:08.677 D/bt_btm  ( 1433):                      0x1112
01-01 00:03:08.677 D/bt_btm  ( 1433):                      0x1115
01-01 00:03:08.678 D/bt_btm  ( 1433):                      0x1116
01-01 00:03:08.678 D/bt_btm  ( 1433):                      0x111F
01-01 00:03:08.678 D/bt_btm  ( 1433):                      0x112F
01-01 00:03:08.678 D/bt_btm  ( 1433):                      0x1200
01-01 00:03:08.678 D/bt_btm  ( 1433):                      0x1132
01-01 00:03:08.678 D/bt_btif ( 1433): btif_dm_search_devices_evt()EIR BTA services = 03C8C089
01-01 00:03:08.678 D/bt_btif ( 1433): in, bd addr:18:f0:e4:fa:d3:fc, prop type:255, len:6
01-01 00:03:08.678 D/bt_btif ( 1433): Remote device:18:f0:e4:fa:d3:fc, no link key or ble key found
01-01 00:03:08.678 D/bt_btif ( 1433): in, bd addr:18:f0:e4:fa:d3:fc, prop type:1, len:3
01-01 00:03:08.678 D/bt_btif ( 1433): Remote device:18:f0:e4:fa:d3:fc, no link key or ble key found
01-01 00:03:08.678 D/bt_btif ( 1433): in, bd addr:18:f0:e4:fa:d3:fc, prop type:4, len:4
01-01 00:03:08.678 D/bt_btif ( 1433): Remote device:18:f0:e4:fa:d3:fc, no link key or ble key found
01-01 00:03:08.678 D/bt_btif ( 1433): in, bd addr:18:f0:e4:fa:d3:fc, prop type:5, len:4
01-01 00:03:08.678 D/bt_btif ( 1433): Remote device:18:f0:e4:fa:d3:fc, no link key or ble key found
01-01 00:03:08.678 I/bt_btif ( 1433): HAL bt_hal_cbacks->device_found_cb
01-01 00:03:08.711 I/BluetoothFragment(  619): onDeviceAdded
01-01 00:03:08.727 D/BluetoothEventManager( 1189): DeviceFoundHandler created new CachedBluetoothDevice: 18:F0:E4:FA:D3:FC
01-01 00:03:08.734 D/BluetoothEventManager(  619): DeviceFoundHandler created new CachedBluetoothDevice: 18:F0:E4:FA:D3:FC
01-01 00:03:09.109 I/bt_hci  ( 1433): BLE HCI(id=62) event = 0x02)
01-01 00:03:09.110 I/bt_hci  ( 1433): btu_ble_process_adv_pkt
01-01 00:03:09.267 I/bt_btm  ( 1433): btm_proc_sp_req_evt() BDA: 30749674f0c3 event: 0x2, State: 7
01-01 00:03:09.267 I/bt_btm  ( 1433): btm_sec_change_pairing_state()  Old: 7
01-01 00:03:09.267 I/bt_btm  ( 1433): btm_sec_change_pairing_state()  New: 4 pairing_flags:0x2
01-01 00:03:09.268 D/bt_btm  ( 1433): btm_proc_sp_req_evt()  just_works:0, io loc:1, rmt:1, auth loc:3, rmt:3
01-01 00:03:09.268 I/bt_btif ( 1433): bta_dm_sp_cback: 2
01-01 00:03:09.268 D/bt_btif ( 1433): btif_transfer_context event 10, len 280
01-01 00:03:09.268 I/bt_btif ( 1433): dm status: 1
01-01 00:03:09.268 D/bt_btif ( 1433): btif task fetched event a001
01-01 00:03:09.268 D/bt_btif ( 1433): btif_context_switched
01-01 00:03:09.268 I/bt_btif ( 1433): btif_dm_upstreams_evt: ev: BTA_DM_SP_CFM_REQ_EVT
01-01 00:03:09.268 D/bt_btif ( 1433): btif_dm_ssp_cfm_req_evt
01-01 00:03:09.268 D/bt_btif ( 1433): in, bd addr:30:74:96:74:f0:c3, prop type:1, len:10
01-01 00:03:09.268 D/bt_btif ( 1433): Remote device:30:74:96:74:f0:c3, no link key or ble key found
01-01 00:03:09.268 D/bt_btif ( 1433): btif_update_remote_properties cod is 0x5a020c
01-01 00:03:09.269 D/bt_btif ( 1433): in, bd addr:30:74:96:74:f0:c3, prop type:4, len:4
01-01 00:03:09.269 D/bt_btif ( 1433): Remote device:30:74:96:74:f0:c3, no link key or ble key found
01-01 00:03:09.269 D/bt_btif ( 1433): in, bd addr:30:74:96:74:f0:c3, prop type:5, len:1
01-01 00:03:09.269 D/bt_btif ( 1433): in, bd addr:30:74:96:74:f0:c3, prop type:5, len:4
01-01 00:03:09.269 D/bt_btif ( 1433): Remote device:30:74:96:74:f0:c3, no link key or ble key found
01-01 00:03:09.269 I/bt_btif ( 1433): HAL bt_hal_cbacks->remote_device_properties_cb
01-01 00:03:09.277 D/bt_btif_config( 1433): btif_get_device_type: Device [30:74:96:74:f0:c3] type 1
01-01 00:03:09.277 D/bt_btif ( 1433): in, bd addr:30:74:96:74:f0:c3, prop type:4, len:4
01-01 00:03:09.277 I/bt_btif_dm( 1433): get_cod remote_cod = 0x005a020c
01-01 00:03:09.278 D/bt_btif ( 1433): bond_state_changed: state=1, prev_state=0, sdp_attempts = 0
01-01 00:03:09.278 I/bt_btif ( 1433): HAL bt_hal_cbacks->bond_state_changed_cb
01-01 00:03:09.279 I/BluetoothBondStateMachine( 1433): bondStateChangeCallback: Status: 0 Address: 30:74:96:74:F0:C3 newState: 1
01-01 00:03:09.284 I/bt_btif ( 1433): HAL bt_hal_cbacks->ssp_request_cb
01-01 00:03:09.285 I/BluetoothBondStateMachine( 1433): sspRequestCallback: [B@efc8e8b name: [B@f793b68 cod: 5898764 pairingVariant 0 passkey: 961193
01-01 00:03:09.286 W/BluetoothEventManager(  619): CachedBluetoothDevice for device 30:74:96:74:F0:C3 not found, calling readPairedDevices().
01-01 00:03:09.289 I/BluetoothBondStateMachine( 1433): Bond State Change Intent:30:74:96:74:F0:C3 OldState: 10 NewState: 11
01-01 00:03:09.292 W/BluetoothEventManager(  619): Got bonding state changed for 30:74:96:74:F0:C3, but we have no record of that device.
01-01 00:03:09.292 I/BluetoothBondStateMachine( 1433): Entering PendingCommandState State
01-01 00:03:09.300 I/bt_btm  ( 1433): BTM_CheckEirData type=0x03
01-01 00:03:09.300 I/bt_btm  ( 1433): btm_set_eir_uuid eir_complete_list=0x01
01-01 00:03:09.300 I/bt_btm  ( 1433): BTM_CheckEirData type=0x05
01-01 00:03:09.300 I/bt_btm  ( 1433): BTM_CheckEirData type=0x07
01-01 00:03:09.300 I/bt_btm  ( 1433): BTM_InqDbRead: bd addr [64a2f9740f4b]
01-01 00:03:09.300 D/bt_btif ( 1433): bte_search_devices_evt event=BTA_DM_INQ_RES_EVT param_len=524
01-01 00:03:09.300 I/bt_btm  ( 1433): BTM_CheckEirData type=0x09
01-01 00:03:09.300 D/bt_btif ( 1433): btif_transfer_context event 0, len 524
01-01 00:03:09.301 D/bt_btif ( 1433): search_devices_copy_cb: event=BTA_DM_INQ_RES_EVT
01-01 00:03:09.301 D/bt_btif ( 1433): btif task fetched event a001
01-01 00:03:09.301 D/bt_btif ( 1433): btif_context_switched
01-01 00:03:09.301 I/bt_btif ( 1433): btif_dm_search_devices_evt event=BTA_DM_INQ_RES_EVT
01-01 00:03:09.301 D/bt_btif ( 1433): btif_dm_search_devices_evt() 64:a2:f9:74:0f:4b device_type = 0x1
01-01 00:03:09.301 I/bt_btm  ( 1433): BTM_CheckEirData type=0x09
01-01 00:03:09.301 I/bt_btm  ( 1433): BTM_CheckEirData type=0x03
01-01 00:03:09.301 D/bt_btm  ( 1433): BTM_GetEirUuidList type = 03, number of uuid = 13
01-01 00:03:09.302 D/bt_btm  ( 1433):                      0x1103
01-01 00:03:09.302 D/bt_btm  ( 1433):                      0x1105
01-01 00:03:09.302 D/bt_btm  ( 1433):                      0x1106
01-01 00:03:09.302 D/bt_btm  ( 1433):                      0x110A
01-01 00:03:09.302 D/bt_btm  ( 1433):                      0x110C
01-01 00:03:09.302 D/bt_btm  ( 1433):                      0x110E
01-01 00:03:09.302 D/bt_btm  ( 1433):                      0x1112
01-01 00:03:09.302 D/bt_btm  ( 1433):                      0x1115
01-01 00:03:09.302 D/bt_btm  ( 1433):                      0x1116
01-01 00:03:09.302 D/bt_btm  ( 1433):                      0x111F
01-01 00:03:09.302 D/bt_btm  ( 1433):                      0x112F
01-01 00:03:09.302 D/bt_btm  ( 1433):                      0x1200
01-01 00:03:09.302 D/bt_btm  ( 1433):                      0x1132
01-01 00:03:09.302 D/bt_btif ( 1433): btif_dm_search_devices_evt()EIR BTA services = 03C8C18D
01-01 00:03:09.302 D/bt_btif ( 1433): in, bd addr:64:a2:f9:74:0f:4b, prop type:255, len:6
01-01 00:03:09.303 D/bt_btif ( 1433): Remote device:64:a2:f9:74:0f:4b, no link key or ble key found
01-01 00:03:09.303 D/bt_btif ( 1433): in, bd addr:64:a2:f9:74:0f:4b, prop type:1, len:9
01-01 00:03:09.303 D/bt_btif ( 1433): Remote device:64:a2:f9:74:0f:4b, no link key or ble key found
01-01 00:03:09.303 D/bt_btif ( 1433): in, bd addr:64:a2:f9:74:0f:4b, prop type:4, len:4
01-01 00:03:09.303 D/bt_btif ( 1433): Remote device:64:a2:f9:74:0f:4b, no link key or ble key found
01-01 00:03:09.303 D/bt_btif ( 1433): in, bd addr:64:a2:f9:74:0f:4b, prop type:5, len:4
01-01 00:03:09.310 D/bt_btif ( 1433): Remote device:64:a2:f9:74:0f:4b, no link key or ble key found
01-01 00:03:09.310 I/bt_btif ( 1433): HAL bt_hal_cbacks->device_found_cb
01-01 00:03:09.328 I/BluetoothFragment(  619): onDeviceAdded
01-01 00:03:09.355 I/BluetoothFragment(  619): onDeviceAdded
01-01 00:03:09.355 I/BluetoothFragment(  619): setDeviceListGroup
01-01 00:03:09.362 D/BluetoothEventManager( 1189): DeviceFoundHandler created new CachedBluetoothDevice: 64:A2:F9:74:0F:4B
