--------- beginning of system
01-01 00:02:05.951 W/ViewRootImpl[MainSettings](  619): Cancelling event due to no window focus: MotionEvent { action=ACTION_CANCEL, actionButton=0, id[0]=0, x[0]=1196.3729, y[0]=113.769135, toolType[0]=TOOL_TYPE_MOUSE, buttonState=0, metaState=0, flags=0x0, edgeFlags=0x0, pointerCount=1, historySize=0, eventTime=125948, downTime=104276, deviceId=2, source=0x2002 }
01-01 00:02:05.952 W/ViewRootImpl[MainSettings](  619): Cancelling event due to no window focus: MotionEvent { action=ACTION_CANCEL, actionButton=0, id[0]=0, x[0]=1196.3729, y[0]=113.769135, toolType[0]=TOOL_TYPE_MOUSE, buttonState=0, metaState=0, flags=0x0, edgeFlags=0x0, pointerCount=1, historySize=0, eventTime=125948, downTime=104276, deviceId=2, source=0x2002 }
01-01 00:02:05.952 W/ViewRootImpl[MainSettings](  619): Cancelling event due to no window focus: MotionEvent { action=ACTION_CANCEL, actionButton=0, id[0]=0, x[0]=1196.3729, y[0]=113.769135, toolType[0]=TOOL_TYPE_MOUSE, buttonState=0, metaState=0, flags=0x0, edgeFlags=0x0, pointerCount=1, historySize=0, eventTime=125948, downTime=104276, deviceId=2, source=0x2002 }
01-01 00:02:05.953 W/ViewRootImpl[MainSettings](  619): Cancelling event due to no window focus: MotionEvent { action=ACTION_CANCEL, actionButton=0, id[0]=0, x[0]=1196.3729, y[0]=113.769135, toolType[0]=TOOL_TYPE_MOUSE, buttonState=0, metaState=0, flags=0x0, edgeFlags=0x0, pointerCount=1, historySize=0, eventTime=125948, downTime=104276, deviceId=2, source=0x2002 }
01-01 00:02:06.888 I/ActivityManager(  435): START u0 {act=android.intent.action.MAIN cat=[android.intent.category.LAUNCHER] flg=0x10208000 cmp=com.android.tv.settings/.MainSettings} from uid 1000 on display 0
--------- beginning of main
01-01 00:02:06.891 D/AudioHardwareTiny(  187): start_output_stream
01-01 00:02:06.892 D/AudioHardwareTiny(  187): Device     : 0x80402
01-01 00:02:06.892 D/AudioHardwareTiny(  187): SampleRate : 44100
01-01 00:02:06.892 D/AudioHardwareTiny(  187): Channels   : 2
01-01 00:02:06.892 D/AudioHardwareTiny(  187): Formate    : 0
01-01 00:02:06.892 D/AudioHardwareTiny(  187): PreiodSize : 512
01-01 00:02:06.892 V/alsa_route(  187): route 24 error for codec or hdmi!
01-01 00:02:06.892 V/alsa_route(  187): route_pcm_open exit
01-01 00:02:06.906 V/AppsRanker(  968): action: 1 for com.android.tv.settings - group = null
01-01 00:02:06.907 I/AppsAdapter(  968): onActionOpenLaunchPoint
01-01 00:02:06.915 W/InputMethodManagerService(  435): Window already focused, ignoring focus gain of: com.android.internal.view.IInputMethodClient$Stub$Proxy@68ffe16 attribute=null, token = android.os.BinderProxy@80edf91
01-01 00:02:06.917 I/ManiActivity_LEANBACK(  968): onPause
01-01 00:02:07.198 I/ActivityManager(  435): Displayed com.android.tv.settings/.MainSettings: +275ms (total +22s837ms)
01-01 00:02:08.338 D/LocalBluetoothManager(  619): setting foreground activity to non-null context
01-01 00:02:08.339 V/alsa_route(  187): route_pcm_close() route 24
01-01 00:02:08.339 D/AudioHardwareTiny(  187): close device
01-01 00:02:08.339 D/AudioHardwareTiny(  187): start_output_stream
01-01 00:02:08.341 D/AudioHardwareTiny(  187): Device     : 0x80402
01-01 00:02:08.341 D/AudioHardwareTiny(  187): SampleRate : 44100
01-01 00:02:08.341 D/AudioHardwareTiny(  187): Channels   : 2
01-01 00:02:08.341 D/AudioHardwareTiny(  187): Formate    : 0
01-01 00:02:08.341 D/AudioHardwareTiny(  187): PreiodSize : 512
01-01 00:02:08.341 V/alsa_route(  187): route 24 error for codec or hdmi!
01-01 00:02:08.341 V/alsa_route(  187): route_pcm_open exit
01-01 00:02:11.553 V/alsa_route(  187): route_pcm_close() route 24
01-01 00:02:11.553 D/AudioHardwareTiny(  187): close device
01-01 00:02:56.465 D/BluetoothManagerService(  435): enable(com.android.tv.settings):  mBluetooth =null mBinding = false mState = OFF
01-01 00:02:56.467 D/BluetoothManagerService(  435): enable returning
01-01 00:02:56.467 D/BluetoothManagerService(  435): MESSAGE_ENABLE(0): mBluetooth = null
01-01 00:02:56.469 D/AudioHardwareTiny(  187): start_output_stream
01-01 00:02:56.471 D/AudioHardwareTiny(  187): Device     : 0x80402
01-01 00:02:56.471 D/AudioHardwareTiny(  187): SampleRate : 44100
01-01 00:02:56.471 D/AudioHardwareTiny(  187): Channels   : 2
01-01 00:02:56.471 D/AudioHardwareTiny(  187): Formate    : 0
01-01 00:02:56.471 D/AudioHardwareTiny(  187): PreiodSize : 512
01-01 00:02:56.471 V/alsa_route(  187): route 24 error for codec or hdmi!
01-01 00:02:56.471 V/alsa_route(  187): route_pcm_open exit
01-01 00:02:56.497 I/ActivityManager(  435): Start proc 1433:com.android.bluetooth/1002 for service com.android.bluetooth/.btservice.AdapterService
01-01 00:02:56.558 I/art     ( 1433): Starting a blocking GC AddRemoveAppImageSpace
01-01 00:02:56.607 E/RTKBT   ( 1433): jniRegisterNativeMethods
01-01 00:02:56.655 W/AdapterServiceConfig( 1433): Could not find profile bit mask
01-01 00:02:56.656 D/AdapterServiceConfig( 1433): Adding RtkbtService
01-01 00:02:56.662 D/AdapterServiceConfig( 1433): Adding A2dpService
01-01 00:02:56.663 D/AdapterServiceConfig( 1433): Adding A2dpSinkService
01-01 00:02:56.663 D/AdapterServiceConfig( 1433): Adding HidService
01-01 00:02:56.665 D/AdapterServiceConfig( 1433): Adding HealthService
01-01 00:02:56.665 D/AdapterServiceConfig( 1433): Adding PanService
01-01 00:02:56.665 D/AdapterServiceConfig( 1433): Adding GattService
01-01 00:02:56.666 D/AdapterServiceConfig( 1433): Adding BluetoothMapService
01-01 00:02:56.666 D/AdapterServiceConfig( 1433): Adding HeadsetClientService
01-01 00:02:56.666 D/AdapterServiceConfig( 1433): Adding AvrcpControllerService
01-01 00:02:56.720 D/WifiHW  ( 1433): uevent path:/sys/bus/sdio/devices/./uevent
01-01 00:02:56.720 D/WifiHW  ( 1433): uevent path:/sys/bus/sdio/devices/../uevent
01-01 00:02:56.720 D/WifiHW  ( 1433): wifi detectd return ret:-1
01-01 00:02:56.720 D/WifiHW  ( 1433): uevent path:/sys/bus/usb/devices/./uevent
01-01 00:02:56.720 D/WifiHW  ( 1433): uevent path:/sys/bus/usb/devices/../uevent
01-01 00:02:56.721 D/WifiHW  ( 1433): uevent path:/sys/bus/usb/devices/4-1/uevent
01-01 00:02:56.721 D/WifiHW  ( 1433): uevent path:/sys/bus/usb/devices/7-1/uevent
01-01 00:02:56.721 D/WifiHW  ( 1433): uevent path:/sys/bus/usb/devices/usb1/uevent
01-01 00:02:56.722 D/WifiHW  ( 1433): uevent path:/sys/bus/usb/devices/usb2/uevent
01-01 00:02:56.722 D/WifiHW  ( 1433): uevent path:/sys/bus/usb/devices/usb3/uevent
01-01 00:02:56.722 D/WifiHW  ( 1433): uevent path:/sys/bus/usb/devices/usb4/uevent
01-01 00:02:56.722 D/WifiHW  ( 1433): uevent path:/sys/bus/usb/devices/usb5/uevent
01-01 00:02:56.723 D/WifiHW  ( 1433): uevent path:/sys/bus/usb/devices/usb6/uevent
01-01 00:02:56.723 D/WifiHW  ( 1433): uevent path:/sys/bus/usb/devices/usb7/uevent
01-01 00:02:56.723 D/WifiHW  ( 1433): uevent path:/sys/bus/usb/devices/3-0:1.0/uevent
01-01 00:02:56.724 D/WifiHW  ( 1433): uevent path:/sys/bus/usb/devices/4-0:1.0/uevent
01-01 00:02:56.724 D/WifiHW  ( 1433): uevent path:/sys/bus/usb/devices/4-1:1.0/uevent
01-01 00:02:56.724 D/WifiHW  ( 1433): uevent path:/sys/bus/usb/devices/5-0:1.0/uevent
01-01 00:02:56.724 D/WifiHW  ( 1433): uevent path:/sys/bus/usb/devices/6-0:1.0/uevent
01-01 00:02:56.725 D/WifiHW  ( 1433): uevent path:/sys/bus/usb/devices/7-0:1.0/uevent
01-01 00:02:56.725 D/WifiHW  ( 1433): uevent path:/sys/bus/usb/devices/7-1:1.0/uevent
01-01 00:02:56.725 D/WifiHW  ( 1433): uevent path:/sys/bus/usb/devices/1-0:1.0/uevent
01-01 00:02:56.725 D/WifiHW  ( 1433): uevent path:/sys/bus/usb/devices/2-0:1.0/uevent
01-01 00:02:56.725 D/WifiHW  ( 1433): wifi detectd return ret:-1
01-01 00:02:56.725 E/WifiHW  ( 1433): open dir failed: No such file or directory
01-01 00:02:56.725 D/WifiHW  ( 1433): maybe there is no usb wifi or sdio or pcie wifi,set default wifi module Brocom APXXX
01-01 00:02:56.726 D/WifiHW  ( 1433): check_wifi_chip_type_string: APXXX
01-01 00:02:56.726 D/BluetoothServiceJni( 1433): void android::classInitNative(JNIEnv *, jclass), load bluetooth.default.so
01-01 00:02:56.802 D/BluetoothAdapterService( 1433): onCreate()
01-01 00:02:56.833 D/BluetoothAdapterState( 1433): make() - Creating AdapterState
01-01 00:02:56.849 I/bt_btif ( 1433): init
01-01 00:02:56.849 I/BluetoothAdapterState( 1433): Entering OffState
01-01 00:02:56.850 W/bt_osi_thread( 1433): run_thread: thread id 1450, thread name stack_manager started
01-01 00:02:56.851 I/bt_stack_manager( 1433): event_init_stack is initializing the stack
01-01 00:02:56.852 I/bt_core_module( 1433): module_init Initializing module "osi_module"
01-01 00:02:56.852 I/bt_core_module( 1433): module_init Initialized module "osi_module"
01-01 00:02:56.854 I/bt_core_module( 1433): module_init Initializing module "bt_utils_module"
01-01 00:02:56.854 I/bt_core_module( 1433): module_init Initialized module "bt_utils_module"
01-01 00:02:56.854 I/bt_core_module( 1433): module_init Initializing module "btif_config_module"
01-01 00:02:56.857 W/bt_osi_thread( 1433): run_thread: thread id 1453, thread name alarm_default_ca started
01-01 00:02:56.863 W/bt_osi_thread( 1433): run_thread: thread id 1454, thread name alarm_dispatcher started
01-01 00:02:56.863 I/bt_core_module( 1433): module_init Initialized module "btif_config_module"
01-01 00:02:56.864 I/bt_core_module( 1433): module_init Initializing module "interop_module"
01-01 00:02:56.864 I/bt_core_module( 1433): module_init Initialized module "interop_module"
01-01 00:02:56.864 I/bt_core_module( 1433): module_init Initializing module "stack_config_module"
01-01 00:02:56.864 I/bt_stack_config( 1433): init attempt to load stack conf from /etc/bluetooth/bt_stack.conf
01-01 00:02:56.865 I/bt_core_module( 1433): module_init Initialized module "stack_config_module"
01-01 00:02:56.866 E/bt_btif ( 1433): vendor storage read success
01-01 00:02:56.866 E/bt_btif ( 1433): Got local bdaddr for vendor storage 22:22:E7:CA:50:81
01-01 00:02:56.867 W/bt_osi_thread( 1433): run_thread: thread id 1455, thread name bt_jni_workqueue started
01-01 00:02:56.867 I/bt_stack_manager( 1433): event_init_stack finished
01-01 00:02:56.868 I/bt_osi_wakelock( 1433): wakelock_set_os_callouts set to non-native
01-01 00:02:56.868 I/bt_btif ( 1433): get_profile_interface socket
01-01 00:02:56.874 D/lvjinhua( 1433):  Failed while trying resolve alarm filter file, not exists
01-01 00:02:56.882 D/BluetoothAdapterProperties( 1433): Address is:22:22:E7:CA:50:81
01-01 00:02:56.887 D/BluetoothAdapterProperties( 1433): Name is: rk322x
01-01 00:02:56.888 D/BluetoothManagerService(  435): Bluetooth Adapter name changed to rk322x
01-01 00:02:56.889 D/BluetoothManagerService(  435): Stored Bluetooth name: rk322x
01-01 00:02:56.894 I/bt_btif ( 1433): get_profile_interface sdp
01-01 00:02:56.903 D/BluetoothAdapterService( 1433): setAdapterService() - set to: null
01-01 00:02:56.906 D/BluetoothAdapterService( 1433): onBind()
01-01 00:02:56.907 D/BluetoothManagerService(  435): BluetoothServiceConnection: com.android.bluetooth.btservice.AdapterService
01-01 00:02:56.909 D/BluetoothManagerService(  435): MESSAGE_BLUETOOTH_SERVICE_CONNECTED: 1
01-01 00:02:56.911 I/bt_btif ( 1433): config_hci_snoop_log
01-01 00:02:56.914 D/BluetoothManagerService(  435): Broadcasting onBluetoothServiceUp() to 5 receivers.
01-01 00:02:56.914 D/BluetoothAdapter(  435): onBluetoothServiceUp: android.bluetooth.IBluetooth$Stub$Proxy@e16fb52
01-01 00:02:56.916 D/BluetoothAdapter(  619): onBluetoothServiceUp: android.bluetooth.IBluetooth$Stub$Proxy@60c4d3b
01-01 00:02:56.916 D/BluetoothAdapter( 1189): onBluetoothServiceUp: android.bluetooth.IBluetooth$Stub$Proxy@e405db8
01-01 00:02:56.918 D/BluetoothAdapter( 1406): onBluetoothServiceUp: android.bluetooth.IBluetooth$Stub$Proxy@a18cfd
01-01 00:02:56.918 D/BluetoothAdapter( 1433): onBluetoothServiceUp: com.android.bluetooth.btservice.AdapterService$AdapterServiceBinder@9e8a6a8
01-01 00:02:56.920 D/BluetoothAdapterService( 1433): enable() - Enable called with quiet mode status =  false
01-01 00:02:56.920 D/BluetoothAdapterState( 1433): Current state: OFF, message: 0
01-01 00:02:56.921 D/BluetoothAdapterProperties( 1433): Setting state to 14
01-01 00:02:56.921 I/BluetoothAdapterState( 1433): Bluetooth adapter state changed: 10-> 14
01-01 00:02:56.921 D/BluetoothAdapterService( 1433): updateAdapterState() - Broadcasting state to 1 receivers.
01-01 00:02:56.922 D/BluetoothManagerService(  435): MESSAGE_BLUETOOTH_STATE_CHANGE: OFF > BLE_TURNING_ON
01-01 00:02:56.922 D/BluetoothManagerService(  435): Sending BLE State Change: OFF > BLE_TURNING_ON
01-01 00:02:56.923 D/BluetoothAdapterService( 1433): BleOnProcessStart()
01-01 00:02:56.927 D/BluetoothAdapterService( 1433): BleOnProcessStart() - Make Bond State Machine
01-01 00:02:56.933 D/BluetoothBondStateMachine( 1433): make
01-01 00:02:56.938 I/BluetoothBondStateMachine( 1433): StableState(): Entering Off State
01-01 00:02:56.939 D/BluetoothAdapterService( 1433): setProfileServiceState() - Starting service com.android.bluetooth.gatt.GattService
01-01 00:02:56.943 I/BluetoothAdapterState( 1433): Entering PendingCommandState
01-01 00:02:56.987 I/BtGatt.JNI( 1433): classInitNative(L922): classInitNative: Success!
01-01 00:02:56.999 D/BtGatt.DebugUtils( 1433): handleDebugAction() action=null
01-01 00:02:57.000 D/BluetoothAdapterService( 1433): getAdapterService() - returning com.android.bluetooth.btservice.AdapterService@ca55a45
01-01 00:02:57.002 D/BtGatt.GattService( 1433): Received start request. Starting profile...
01-01 00:02:57.002 D/BtGatt.GattService( 1433): start()
01-01 00:02:57.002 I/bt_btif ( 1433): get_profile_interface gatt
01-01 00:02:57.006 D/BluetoothAdapterService( 1433): getAdapterService() - returning com.android.bluetooth.btservice.AdapterService@ca55a45
01-01 00:02:57.006 D/BtGatt.AdvertiseManager( 1433): advertise manager created
01-01 00:02:57.036 D/BluetoothAdapterService( 1433): getAdapterService() - returning com.android.bluetooth.btservice.AdapterService@ca55a45
01-01 00:02:57.038 D/BluetoothAdapterService( 1433): handleMessage() - Message: 1
01-01 00:02:57.038 D/BluetoothAdapterService( 1433): handleMessage() - MESSAGE_PROFILE_SERVICE_STATE_CHANGED
01-01 00:02:57.038 D/BluetoothAdapterService( 1433): processProfileServiceStateChanged() serviceName=com.android.bluetooth.gatt.GattService, state=12, doUpdate=true
01-01 00:02:57.038 V/BluetoothAdapterState( 1433): isTurningOff()=false
01-01 00:02:57.038 V/BluetoothAdapterState( 1433): isTurningOn()=false
01-01 00:02:57.038 V/BluetoothAdapterState( 1433): isBleTurningOn()=true
01-01 00:02:57.039 V/BluetoothAdapterState( 1433): isBleTurningOff()=false
01-01 00:02:57.039 D/BluetoothAdapterService( 1433): processProfileServiceStateChanged() - serviceName=com.android.bluetooth.gatt.GattService isTurningOn=false isTurningOff=false isBleTurningOn=true isBleTurningOff=false
01-01 00:02:57.039 D/BluetoothAdapterService( 1433): GattService is started
01-01 00:02:57.039 D/BluetoothAdapterState( 1433): Current state: PENDING_COMMAND, message: 4
01-01 00:02:57.043 I/bt_btif ( 1433): enable: start restricted = 0
01-01 00:02:57.045 I/bt_stack_manager( 1433): event_start_up_stack is bringing up the stack
01-01 00:02:57.046 I/bt_core_module( 1433): module_start_up Starting module "btif_config_module"
01-01 00:02:57.046 I/bt_core_module( 1433): module_start_up Started module "btif_config_module"
01-01 00:02:57.046 I/bt_core_module( 1433): module_start_up Starting module "btsnoop_module"
01-01 00:02:57.048 I/bt_core_module( 1433): module_start_up Started module "btsnoop_module"
01-01 00:02:57.048 I/bt_core_module( 1433): module_start_up Starting module "hci_module"
01-01 00:02:57.049 I/bt_hci  ( 1433): start_up
01-01 00:02:57.050 W/bt_osi_thread( 1433): run_thread: thread id 1460, thread name hci_thread started
01-01 00:02:57.056 I/bt_vendor( 1433): alloc value 0x97c1e431
01-01 00:02:57.056 I/bt_vendor( 1433): init
01-01 00:02:57.056 I/bt_vnd_conf( 1433): Attempt to load conf from /etc/bluetooth/bt_vendor.conf
01-01 00:02:57.280 D/bt_hci  ( 1433): start_up starting async portion
01-01 00:02:57.281 I/bt_hci  ( 1433): event_finish_startup
01-01 00:02:57.281 I/bt_hci_h4( 1433): hal_open
01-01 00:02:57.281 I/bt_userial_vendor( 1433): userial vendor open: opening /dev/ttyS1
01-01 00:02:57.282 I/bt_userial_vendor( 1433): device fd = 75 open
01-01 00:02:57.285 W/bt_osi_thread( 1433): run_thread: thread id 1461, thread name hci_single_chann started
01-01 00:02:57.302 I/bt_hwcfg( 1433): bt vendor lib: set UART baud 1500000
01-01 00:02:57.512 D/bt_hwcfg( 1433): Chipset BCM4345C0
01-01 00:02:57.513 D/bt_hwcfg( 1433): Target name = [BCM4345C0]
01-01 00:02:57.513 D/bt_hwcfg( 1433): ###AMPAK FW Auto detection patch version = [v1.1 20161117]###
01-01 00:02:57.513 D/bt_hwcfg( 1433): Updated Target name = [BCM4345C0]
01-01 00:02:57.514 I/bt_hwcfg( 1433): Found patchfile: /etc/firmware//BCM4345C0.hcd
01-01 00:02:59.577 I/bt_hwcfg( 1433): bt vendor lib: set UART baud 115200
01-01 00:02:59.732 V/alsa_route(  187): route_pcm_close() route 24
01-01 00:02:59.732 D/AudioHardwareTiny(  187): close device
01-01 00:02:59.777 D/bt_hwcfg( 1433): Settlement delay -- 200 ms
01-01 00:02:59.777 I/bt_hwcfg( 1433): Setting fw settlement delay to 200 
01-01 00:02:59.994 I/bt_hwcfg( 1433): bt vendor lib: set UART baud 1500000
01-01 00:03:00.200 I/bt_hwcfg( 1433): Controller OTP bdaddr CC:B8:A8:84:DD:8D
01-01 00:03:00.200 I/bt_hwcfg( 1433): vendor lib fwcfg completed
01-01 00:03:00.200 I/bt_vendor( 1433): firmware callback
01-01 00:03:00.200 I/bt_hci  ( 1433): firmware_config_callback
01-01 00:03:00.200 I/bt_core_module( 1433): module_start_up Started module "hci_module"
01-01 00:03:00.201 W/bt_osi_thread( 1433): run_thread: thread id 1462, thread name bt_workqueue started
01-01 00:03:00.202 I/bt_btu  ( 1433): btu_task pending for preload complete event
01-01 00:03:00.202 I/bt_btu_task( 1433): Bluetooth chip preload is complete
01-01 00:03:00.202 I/bt_btu  ( 1433): btu_task received preload complete event
01-01 00:03:00.206 I/bt_core_module( 1433): module_init Initializing module "bte_logmsg_module"
01-01 00:03:00.206 I/bt_bte  ( 1433): BTE_InitTraceLevels -- TRC_HCI
01-01 00:03:00.207 I/bt_bte  ( 1433): BTE_InitTraceLevels -- TRC_L2CAP
01-01 00:03:00.207 I/bt_bte  ( 1433): BTE_InitTraceLevels -- TRC_RFCOMM
01-01 00:03:00.207 I/bt_bte  ( 1433): BTE_InitTraceLevels -- TRC_AVDT
01-01 00:03:00.207 I/bt_bte  ( 1433): BTE_InitTraceLevels -- TRC_AVRC
01-01 00:03:00.207 I/bt_bte  ( 1433): BTE_InitTraceLevels -- TRC_A2D
01-01 00:03:00.207 I/bt_bte  ( 1433): BTE_InitTraceLevels -- TRC_BNEP
01-01 00:03:00.207 I/bt_bte  ( 1433): BTE_InitTraceLevels -- TRC_BTM
01-01 00:03:00.207 I/bt_bte  ( 1433): BTE_InitTraceLevels -- TRC_GAP
01-01 00:03:00.207 I/bt_bte  ( 1433): BTE_InitTraceLevels -- TRC_PAN
01-01 00:03:00.207 I/bt_bte  ( 1433): BTE_InitTraceLevels -- TRC_SDP
01-01 00:03:00.207 I/bt_bte  ( 1433): BTE_InitTraceLevels -- TRC_GATT
01-01 00:03:00.207 I/bt_bte  ( 1433): BTE_InitTraceLevels -- TRC_SMP
01-01 00:03:00.208 I/bt_bte  ( 1433): BTE_InitTraceLevels -- TRC_BTAPP
01-01 00:03:00.208 I/bt_bte  ( 1433): BTE_InitTraceLevels -- TRC_BTIF
01-01 00:03:00.208 I/bt_core_module( 1433): module_init Initialized module "bte_logmsg_module"
01-01 00:03:00.208 D/bt_btif ( 1433): btif_transfer_context event 0, len 0
01-01 00:03:00.208 D/bt_btif ( 1433): btif task fetched event a001
01-01 00:03:00.208 D/bt_btif ( 1433): btif_context_switched
01-01 00:03:00.208 D/bt_btif ( 1433): btif_task: received trigger stack init event
01-01 00:03:00.209 D/bt_btif ( 1433): btif_dm_load_ble_local_keys BLE ER key loaded
01-01 00:03:00.209 D/bt_btif ( 1433): btif_dm_load_ble_local_keys BLE ID keys loaded
01-01 00:03:00.210 I/bt_btif ( 1433): BTA got event 0x100
01-01 00:03:00.210 I/bt_btif ( 1433): bta_dm_sm_execute event:0x0
01-01 00:03:00.211 I/bt_btif ( 1433): BTA got event 0x0
01-01 00:03:00.211 I/bt_btif ( 1433): bta_sys_sm_execute state:0, event:0x0
01-01 00:03:00.211 I/bt_btif ( 1433): bta_sys_hw_api_enable for 0, active modules 0x0001
01-01 00:03:00.211 I/bt_btif ( 1433): BTA got event 0x1
01-01 00:03:00.211 I/bt_btif ( 1433): bta_sys_sm_execute state:1, event:0x1
01-01 00:03:00.211 I/bt_btif ( 1433): bta_sys_hw_evt_enabled for 0
01-01 00:03:00.211 D/bt_btm  ( 1433): btm_acl_device_down
01-01 00:03:00.212 W/bt_osi_thread( 1433): run_thread: thread id 1463, thread name module_wrapper started
01-01 00:03:00.213 I/bt_core_module( 1433): module_start_up Starting module "controller_module"
01-01 00:03:00.412 I/bt_core_module( 1433): module_start_up Started module "controller_module"
01-01 00:03:00.413 W/bt_osi_thread( 1433): run_thread: thread id 1463, thread name module_wrapper exited
01-01 00:03:00.413 I/bt_btm  ( 1433): BTM Register For VSEvents is successfully
01-01 00:03:00.414 D/bt_btm  ( 1433): btm_ble_white_list_init white_list_size = 128
01-01 00:03:00.414 I/bt_btm  ( 1433): BTM_SetPinType: pin type 0 [variable-0, fixed-1], code , length 0
01-01 00:03:00.414 D/bt_btm  ( 1433): btm_decode_ext_features_page page: 0
01-01 00:03:00.414 D/bt_btm  ( 1433): Local supported ACL packet types: 0xcc18
01-01 00:03:00.414 D/bt_btm  ( 1433): Local supported SCO packet types: 0x003f
01-01 00:03:00.414 I/bt_btm  ( 1433): btm_sec_set_security_level : sec: 0x0
01-01 00:03:00.414 I/bt_btm  ( 1433): BTM_SEC_REG[2]: id 42, is_orig 0, psm 0x0003, proto_id 3, chan_id 0
01-01 00:03:00.414 I/bt_btm  ( 1433):                : sec: 0x80, service name [RFC_MUX] (up to 21 chars saved)
01-01 00:03:00.415 D/bt_btm  ( 1433): btm_sec_dev_reset sec mode: 4
01-01 00:03:00.415 I/bt_btm  ( 1433): BTM_SetInquiryMode
01-01 00:03:00.415 I/bt_btm  ( 1433): BTM_SetPageScanType
01-01 00:03:00.415 I/bt_btm  ( 1433): BTM_SetInquiryScanType
01-01 00:03:00.415 D/bt_btm  ( 1433): btm_decode_ext_features_page page: 1
01-01 00:03:00.415 D/bt_btm  ( 1433): btm_decode_ext_features_page page: 2
01-01 00:03:00.415 D/bt_btif ( 1433): bta_sys_hw_btm_cback was called with parameter: 0
01-01 00:03:00.416 I/bt_btif ( 1433): BTA got event 0x2
01-01 00:03:00.416 I/bt_btif ( 1433): bta_sys_sm_execute state:1, event:0x2
01-01 00:03:00.416 D/bt_btif ( 1433):  bta_sys_hw_evt_stack_enabled!notify the callers
01-01 00:03:00.416 D/bt_btif ( 1433): bta_dm_sys_hw_cback with event: 1
01-01 00:03:00.417 D/bt_btif ( 1433): ##################################
01-01 00:03:00.418 D/bt_btif ( 1433): bta_dm_co_ble_load_local_keys:  Load local keys if any are persisted
01-01 00:03:00.418 D/bt_btif ( 1433): ##################################
01-01 00:03:00.418 D/bt_btif ( 1433): btif_dm_get_ble_local_keys  *p_key_mask=0x03
01-01 00:03:00.418 D/bt_btm  ( 1433): BTM_BleLoadLocalKeys
01-01 00:03:00.418 D/bt_btm  ( 1433): BTM_BleLoadLocalKeys
01-01 00:03:00.418 I/bt_btm  ( 1433): BTM_SecRegister application registered
01-01 00:03:00.418 I/bt_btm_sec( 1433): BTM_SecRegister p_cb_info->p_le_callback == 0x0x97bacdc9
01-01 00:03:00.418 I/bt_btm  ( 1433): BTM_SecRegister SMP_Register( btm_proc_smp_cback )
01-01 00:03:00.418 I/bt_smp  ( 1433): SMP_Register state=0
01-01 00:03:00.418 I/bt_btm_sec( 1433): BTM_SecRegister btm_cb.api.p_le_callback = 0x0x97bacdc9 
01-01 00:03:00.418 I/bt_btm  ( 1433): BTM_SecRegister application registered
01-01 00:03:00.418 D/bt_btm  ( 1433): BTM_SetDefaultLinkSuperTout
01-01 00:03:00.419 I/bt_btm  ( 1433): BTM: BTM_WritePageTimeout: Timeout: 8192.
01-01 00:03:00.419 D/bt_btm  ( 1433): BTM_SetDefaultLinkPolicy setting:0x000f
01-01 00:03:00.419 D/bt_btm  ( 1433): BTM_SetDefaultLinkPolicy hold not supported (settings: 0x000d)
01-01 00:03:00.419 D/bt_btm  ( 1433): BTM_SetDefaultLinkPolicy park not supported (settings: 0x0005)
01-01 00:03:00.419 D/bt_btm  ( 1433): Set DefaultLinkPolicy:0x0005
01-01 00:03:00.419 D/bt_btm  ( 1433): BTM_RegBusyLevelNotif
01-01 00:03:00.424 I/bt_btif ( 1433): BTA got event 0x1f13
01-01 00:03:00.424 D/bt_btif ( 1433): bta_gattc_register state 0
01-01 00:03:00.425 D/bt_btif ( 1433): bta_gattc_enable
01-01 00:03:00.425 I/bt_att  ( 1433): GATT_Register
01-01 00:03:00.425 D/bt_att  ( 1433): UUID=[0x87878787878787878787878787878787]
01-01 00:03:00.425 I/bt_att  ( 1433): GATT_Register: allocated gatt_if=3
01-01 00:03:00.425 D/bt_btif ( 1433): bta_dm_gattc_callback event = 0
01-01 00:03:00.425 D/bt_btif ( 1433): BTA_GATTC_REG_EVT client_if = 3
01-01 00:03:00.425 I/bt_btif ( 1433): BTA got event 0x1f12
01-01 00:03:00.425 I/bt_att  ( 1433): GATT_StartIf gatt_if=3
01-01 00:03:00.425 D/bt_att  ( 1433): gatt_find_the_connected_bda start_idx=0
01-01 00:03:00.426 D/bt_att  ( 1433): gatt_find_the_connected_bda found=0 found_idx=7
01-01 00:03:00.536 D/bt_btif ( 1433): btif_transfer_context event 0, len 280
01-01 00:03:00.536 D/bt_btif ( 1433): btif task fetched event a001
01-01 00:03:00.536 D/bt_btif ( 1433): btif_context_switched
01-01 00:03:00.537 I/bt_btif ( 1433): btif_dm_upstreams_evt: ev: BTA_DM_ENABLE_EVT
01-01 00:03:00.537 D/bt_btif ( 1433): in, bd addr:, prop type:1, len:248
01-01 00:03:00.537 I/bt_btif ( 1433): btif_dm_get_adapter_property: type=0x1
01-01 00:03:00.537 D/bt_btif ( 1433): btif_in_execute_service_request service_id: 29
01-01 00:03:00.537 I/bt_btif ( 1433): BTA got event 0x102
01-01 00:03:00.537 D/bt_btif ( 1433): btif_sdp_execute_service enable:1
01-01 00:03:00.537 I/bt_btif ( 1433): btif_sdp_execute_service0x2
01-01 00:03:00.537 I/bt_btif ( 1433): BTA_SdpEnable
01-01 00:03:00.537 D/bt_btif ( 1433): Remote device:f8:df:15:f9:1a:a6
01-01 00:03:00.537 D/bt_btif ( 1433): BTA is generating EIR
01-01 00:03:00.537 I/bt_btm  ( 1433): Write Extended Inquiry Response to controller
01-01 00:03:00.537 D/bt_btif ( 1433): Remote device:fc:58:fa:70:b2:7e
01-01 00:03:00.537 I/bt_btif ( 1433): BTA got event 0x2100
01-01 00:03:00.537 D/bt_btif ( 1433): bta_sdp_enable in, sdp_active:0
01-01 00:03:00.537 I/bt_btif ( 1433): BTA got event 0x105
01-01 00:03:00.537 I/bt_btif ( 1433): bta_dm_sm_ex, prop type:1x5
01-01 00:03:00.537 D/bt_btif ( 1433): bta_dm_sm_ex, prop type:1, len:249
01-01 00:03:00.537 I/bt_btif ( 1433): BTM_SecAddDevice: link key type:4
01-01 00:03:00.537 I/bt_btm  ( 1433): BTM_SecAddDevice: link key type:4
01-01 00:03:00.537 D/bt_btif ( 1433): in, bd addr:, prop type:9, len:4
01-01 00:03:00.537 D/bt_btm  ( 1433): BTM_GetHCIConnHandle
01-01 00:03:00.537 I/bt_btif_storage( 1433): btif_storage_get_adapter_property service_mask:0x20000000
01-01 00:03:00.537 I/bt_btm  ( 1433): BTM_SecAddDevice: BDA: f8:df:15:f9:1a:a6
01-01 00:03:00.537 I/bt_btif ( 1433): HAL bt_hal_cbacks->adapter_properties_cb
01-01 00:03:00.538 I/bt_btif ( 1433): BTA got event 0x105
01-01 00:03:00.538 I/bt_btif ( 1433): bta_dm_sm_execute event:0x5
01-01 00:03:00.538 I/bt_btm  ( 1433): BTM_SecAddDevice: link key type:4
01-01 00:03:00.538 D/bt_btm  ( 1433): BTM_GetHCIConnHandle
01-01 00:03:00.538 I/bt_btm  ( 1433): BTM_SecAddDevice: BDA: fc:58:fa:70:b2:7e
01-01 00:03:00.538 D/BluetoothAdapterProperties( 1433): Address is:22:22:E7:CA:50:81
01-01 00:03:00.541 D/BluetoothManagerService(  435): Bluetooth Adapter name changed to rk322x
01-01 00:03:00.541 D/BluetoothManagerService(  435): Stored Bluetooth name: rk322x
01-01 00:03:00.543 D/BluetoothAdapterProperties( 1433): Name is: rk322x
01-01 00:03:00.544 D/BluetoothAdapterProperties( 1433): Scan Mode:20
01-01 00:03:00.545 D/BluetoothAdapterProperties( 1433): Discoverable Timeout:120
01-01 00:03:00.549 D/BluetoothAdapterProperties( 1433): Adding bonded device:F8:DF:15:F9:1A:A6
01-01 00:03:00.550 D/BluetoothAdapterProperties( 1433): Adding bonded device:FC:58:FA:70:B2:7E
01-01 00:03:00.550 I/bt_btif ( 1433): btif_storage_load_bonded_devices: 2 bonded devices found
01-01 00:03:00.550 D/bt_btif ( 1433): in, bd addr:f8:df:15:f9:1a:a6, prop type:1, len:249
01-01 00:03:00.550 D/bt_btif ( 1433): in, bd addr:f8:df:15:f9:1a:a6, prop type:10, len:249
01-01 00:03:00.550 D/bt_btif ( 1433): in, bd addr:f8:df:15:f9:1a:a6, prop type:4, len:4
01-01 00:03:00.550 D/bt_btif ( 1433): in, bd addr:f8:df:15:f9:1a:a6, prop type:5, len:4
01-01 00:03:00.550 D/bt_btif ( 1433): in, bd addr:f8:df:15:f9:1a:a6, prop type:3, len:512
01-01 00:03:00.551 I/bt_btif ( 1433): HAL bt_hal_cbacks->remote_device_properties_cb
01-01 00:03:00.554 E/BluetoothRemoteDevices( 1433): devicePropertyChangedCallback: bdDevice: F8:DF:15:F9:1A:A6, value is empty for type: 10
01-01 00:03:00.560 D/bt_btif ( 1433): in, bd addr:fc:58:fa:70:b2:7e, prop type:1, len:249
01-01 00:03:00.560 D/bt_btif ( 1433): in, bd addr:fc:58:fa:70:b2:7e, prop type:10, len:249
01-01 00:03:00.560 D/bt_btif ( 1433): in, bd addr:fc:58:fa:70:b2:7e, prop type:4, len:4
01-01 00:03:00.560 D/bt_btif ( 1433): in, bd addr:fc:58:fa:70:b2:7e, prop type:5, len:4
01-01 00:03:00.560 D/bt_btif ( 1433): in, bd addr:fc:58:fa:70:b2:7e, prop type:3, len:512
01-01 00:03:00.560 I/bt_btif ( 1433): HAL bt_hal_cbacks->remote_device_properties_cb
01-01 00:03:00.564 E/BluetoothRemoteDevices( 1433): devicePropertyChangedCallback: bdDevice: FC:58:FA:70:B2:7E, value is empty for type: 10
01-01 00:03:00.568 D/bt_btif ( 1433): btif_enable_bluetooth_evt: status 0, local bd [cc:b8:a8:84:dd:8d]
01-01 00:03:00.568 W/bt_btif ( 1433): ***********************************************
01-01 00:03:00.568 W/bt_btif ( 1433): BTIF init BDA was 22:22:e7:ca:50:81
01-01 00:03:00.568 W/bt_btif ( 1433): Controller BDA is cc:b8:a8:84:dd:8d
01-01 00:03:00.568 W/bt_btif ( 1433): ***********************************************
01-01 00:03:00.568 I/bt_btif ( 1433): HAL bt_hal_cbacks->adapter_properties_cb
01-01 00:03:00.569 D/BluetoothAdapterProperties( 1433): Address is:CC:B8:A8:84:DD:8D
01-01 00:03:00.569 D/bt_hci  ( 1433): do_postload posting postload work item
01-01 00:03:00.569 D/bt_btif ( 1433): in initialized:0
01-01 00:03:00.569 D/bt_btif ( 1433): ts[7].used:0
01-01 00:03:00.569 D/bt_btif ( 1433): alloc_thread_slot ret:7
01-01 00:03:00.569 D/bt_btif ( 1433): h:7, cmd_fdr:112, cmd_fdw:113
01-01 00:03:00.569 I/bt_hci  ( 1433): event_postload
01-01 00:03:00.569 D/bt_hwcfg( 1433): hw_set_SCO_codec 0x1
01-01 00:03:00.569 I/bt_vendor( 1433): sco_config_cb
01-01 00:03:00.569 I/bt_hci  ( 1433): sco_config_callback postload finished.
01-01 00:03:00.569 D/bt_btif ( 1433): h:7, thread id:-1765848800
01-01 00:03:00.570 E/bt_upio ( 1433): upio_set : open(/proc/bluetooth/sleep/lpm) for write failed: Permission denied (13)
01-01 00:03:00.570 I/bt_btif ( 1433): BTA_JvEnable
01-01 00:03:00.570 I/bt_btif ( 1433): BTA got event 0x1a00
01-01 00:03:00.570 D/bt_btif ( 1433): unhandled event:0, slot id:0
01-01 00:03:00.570 E/bt_upio ( 1433): upio_set : open(/proc/bluetooth/sleep/btwrite) for write failed: Permission denied (13)
01-01 00:03:00.570 D/bt_btif ( 1433): btsock_l2cap_init handle = 8
01-01 00:03:00.571 W/bt_osi_thread( 1433): run_thread: thread id 1465, thread name btif_sock started
01-01 00:03:00.571 I/bt_btm  ( 1433): BTM_SetEScoMode -> mode 2
01-01 00:03:00.571 D/bt_btm  ( 1433):     txbw 0x00001f40, rxbw 0x00001f40, max_lat 0x000a, voice 0x0060, pkt 0x033f, rtx effort 0x01
01-01 00:03:00.571 D/bt_btif ( 1433): jni_initialized = 0, btpan_cb.enabled:0
01-01 00:03:00.572 D/bt_bte_conf( 1433): Device ID record 1 : primary
01-01 00:03:00.572 D/bt_bte_conf( 1433):   vendorId            = 000f
01-01 00:03:00.572 D/bt_bte_conf( 1433):   vendorIdSource      = 0001
01-01 00:03:00.572 D/bt_bte_conf( 1433):   product             = 1200
01-01 00:03:00.572 D/bt_bte_conf( 1433):   version             = 1436
01-01 00:03:00.572 D/bt_bte_conf( 1433):   clientExecutableURL = 
01-01 00:03:00.572 D/bt_bte_conf( 1433):   serviceDescription  = 
01-01 00:03:00.572 D/bt_bte_conf( 1433):   documentationURL    = 
01-01 00:03:00.572 D/bt_sdp  ( 1433): SDP_CreateRecord ok, num_records:3
01-01 00:03:00.572 I/bt_btif ( 1433): Adding UUID=0x1200 into EIR
01-01 00:03:00.572 D/bt_btif ( 1433): BTA is generating EIR
01-01 00:03:00.572 I/bt_btm  ( 1433): Write Extended Inquiry Response to controller
01-01 00:03:00.572 I/bt_btif ( 1433): bta_dm_eir_update_uuid UUID bit mask=0x00000080 00000000
01-01 00:03:00.572 D/bt_bte_conf( 1433): bte_load_did_conf no section named DID2.
01-01 00:03:00.572 D/bt_btif ( 1433): btif_dm_load_local_oob: prop_oob = 3
01-01 00:03:00.572 I/bt_stack_manager( 1433): event_start_up_stack finished
01-01 00:03:00.572 I/bt_btif ( 1433): HAL bt_hal_cbacks->adapter_state_changed_cb
01-01 00:03:00.573 D/BluetoothAdapterState( 1433): Current state: PENDING_COMMAND, message: 3
01-01 00:03:00.573 D/BluetoothAdapterProperties( 1433): Setting state to 15
01-01 00:03:00.573 I/BluetoothAdapterState( 1433): Bluetooth adapter state changed: 14-> 15
01-01 00:03:00.573 D/BluetoothAdapterService( 1433): updateAdapterState() - Broadcasting state to 1 receivers.
01-01 00:03:00.574 D/BluetoothManagerService(  435): MESSAGE_BLUETOOTH_STATE_CHANGE: BLE_TURNING_ON > BLE_ON
01-01 00:03:00.574 D/BluetoothManagerService(  435): Bluetooth is in LE only mode
01-01 00:03:00.574 D/BluetoothManagerService(  435): Binding Bluetooth GATT service
01-01 00:03:00.575 D/BluetoothManagerService(  435): Sending BLE State Change: BLE_TURNING_ON > BLE_ON
01-01 00:03:00.576 I/BluetoothAdapterState( 1433): Entering BleOnState
01-01 00:03:00.577 D/BluetoothManagerService(  435): BluetoothServiceConnection: com.android.bluetooth.gatt.GattService
01-01 00:03:00.577 D/BluetoothManagerService(  435): MESSAGE_BLUETOOTH_SERVICE_CONNECTED: 2
01-01 00:03:00.577 D/BluetoothManagerService(  435): BluetoothGatt Service is Up
01-01 00:03:00.579 D/BluetoothManagerService(  435): isBleAppPresent() count: 0
01-01 00:03:00.580 D/BluetoothAdapterState( 1433): Current state: BLE ON, message: 1
01-01 00:03:00.580 D/BluetoothAdapterProperties( 1433): Setting state to 11
01-01 00:03:00.580 I/BluetoothAdapterState( 1433): Bluetooth adapter state changed: 15-> 11
01-01 00:03:00.580 D/BluetoothAdapterService( 1433): updateAdapterState() - Broadcasting state to 1 receivers.
01-01 00:03:00.581 D/BluetoothAdapterService( 1433): startCoreServices()
01-01 00:03:00.581 D/BluetoothAdapterService( 1433): setProfileServiceState() - Starting service com.android.bluetooth.rtkbt.RtkbtService
01-01 00:03:00.584 D/BluetoothManagerService(  435): Persisting Bluetooth Setting: 1
01-01 00:03:00.585 D/BluetoothManagerService(  435): MESSAGE_BLUETOOTH_STATE_CHANGE: BLE_ON > TURNING_ON
01-01 00:03:00.585 D/BluetoothManagerService(  435): Sending BLE State Change: BLE_ON > TURNING_ON
01-01 00:03:00.586 D/BluetoothAdapterService( 1433): setProfileServiceState() - Starting service com.android.bluetooth.a2dp.A2dpService
01-01 00:03:00.587 D/RtkbtService( 1433): initBinder()
01-01 00:03:00.589 D/BluetoothAdapterService( 1433): getAdapterService() - returning com.android.bluetooth.btservice.AdapterService@ca55a45
01-01 00:03:00.593 I/bt_hwcfg( 1433): SCO I2S interface change the sample rate to 8K
01-01 00:03:00.593 D/RtkbtService( 1433): Received start request. Starting profile...
01-01 00:03:00.593 I/bt_hwcfg( 1433): I2SPCM config {0x0, 0x0, 0x0, 0x1}
01-01 00:03:00.593 D/RtkbtService( 1433): start RTKBT Service
01-01 00:03:00.593 I/RTKBT   ( 1433): InitNative
01-01 00:03:00.593 I/bt_btif ( 1433): get_profile_interface rtkbt
01-01 00:03:00.593 E/RTKBT   ( 1433): Failed to get RTKBT Interface
01-01 00:03:00.593 E/bt_upio ( 1433): upio_set : open(/proc/bluetooth/sleep/btwrite) for write failed: Permission denied (13)
01-01 00:03:00.595 D/RtkbtService( 1433): setRtkbtService(): set to: com.android.bluetooth.rtkbt.RtkbtService@9fefbf9
01-01 00:03:00.600 D/BluetoothAdapterService( 1433): getAdapterService() - returning com.android.bluetooth.btservice.AdapterService@ca55a45
01-01 00:03:00.601 D/BluetoothAdapterService( 1433): handleMessage() - Message: 1
01-01 00:03:00.601 D/BluetoothAdapterService( 1433): handleMessage() - MESSAGE_PROFILE_SERVICE_STATE_CHANGED
01-01 00:03:00.602 D/BluetoothAdapterService( 1433): processProfileServiceStateChanged() serviceName=com.android.bluetooth.rtkbt.RtkbtService, state=12, doUpdate=true
01-01 00:03:00.602 V/BluetoothAdapterState( 1433): isTurningOff()=false
01-01 00:03:00.602 V/BluetoothAdapterState( 1433): isTurningOn()=true
01-01 00:03:00.602 V/BluetoothAdapterState( 1433): isBleTurningOn()=false
01-01 00:03:00.602 V/BluetoothAdapterState( 1433): isBleTurningOff()=false
01-01 00:03:00.602 D/BluetoothAdapterService( 1433): processProfileServiceStateChanged() - serviceName=com.android.bluetooth.rtkbt.RtkbtService isTurningOn=true isTurningOff=false isBleTurningOn=false isBleTurningOff=false
01-01 00:03:00.603 D/BluetoothAdapterService( 1433): Service: com.android.bluetooth.gatt.GattService
01-01 00:03:00.603 D/BluetoothAdapterService( 1433): Skip GATT service - already started before
01-01 00:03:00.603 D/BluetoothAdapterService( 1433): Service: com.android.bluetooth.hid.HidService
01-01 00:03:00.603 D/BluetoothAdapterService( 1433): onProfileServiceStateChange() - Profile still not running:com.android.bluetooth.hid.HidService
01-01 00:03:00.611 D/BluetoothAdapterService( 1433): setProfileServiceState() - Starting service com.android.bluetooth.a2dpsink.A2dpSinkService
01-01 00:03:00.614 D/BluetoothAdapterService( 1433): setProfileServiceState() - Starting service com.android.bluetooth.hid.HidService
01-01 00:03:00.619 I/bt_vendor( 1433): low_power_mode_cb
01-01 00:03:00.619 E/bt_upio ( 1433): upio_set : open(/proc/bluetooth/sleep/btwrite) for write failed: Permission denied (13)
01-01 00:03:00.620 D/BluetoothAdapterService( 1433): setProfileServiceState() - Starting service com.android.bluetooth.hdp.HealthService
01-01 00:03:00.623 D/BluetoothAdapterService( 1433): setProfileServiceState() - Starting service com.android.bluetooth.pan.PanService
01-01 00:03:00.627 D/BluetoothAdapterService( 1433): setProfileServiceState() - Starting service com.android.bluetooth.map.BluetoothMapService
01-01 00:03:00.630 D/BluetoothAdapterService( 1433): getAdapterService() - returning com.android.bluetooth.btservice.AdapterService@ca55a45
01-01 00:03:00.632 D/A2dpService( 1433): Received start request. Starting profile...
01-01 00:03:00.633 D/BluetoothAdapterService( 1433): setProfileServiceState() - Starting service com.android.bluetooth.hfpclient.HeadsetClientService
01-01 00:03:00.636 I/BluetoothFragment(  619): onBluetoothStateChanged
01-01 00:03:00.637 E/bt_upio ( 1433): upio_set : open(/proc/bluetooth/sleep/btwrite) for write failed: Permission denied (13)
01-01 00:03:00.641 D/BluetoothAdapterService( 1433): setProfileServiceState() - Starting service com.android.bluetooth.avrcp.AvrcpControllerService
01-01 00:03:00.643 I/bt_hwcfg( 1433): SCO PCM configure {0x0, 0x1, 0x0, 0x0, 0x0}
01-01 00:03:00.643 E/bt_upio ( 1433): upio_set : open(/proc/bluetooth/sleep/btwrite) for write failed: Permission denied (13)
01-01 00:03:00.647 I/BluetoothAdapterState( 1433): Entering PendingCommandState
01-01 00:03:00.650 I/bt_hwcfg( 1433): SCO PCM data format {0x0, 0x0, 0x0, 0x0, 0x0}
01-01 00:03:00.651 E/bt_upio ( 1433): upio_set : open(/proc/bluetooth/sleep/btwrite) for write failed: Permission denied (13)
01-01 00:03:00.652 I/BluetoothAvrcpServiceJni( 1433): classInitNative: succeeds
01-01 00:03:00.654 I/bt_hwcfg( 1433): sco I2S/PCM config result 0 [0-Success, 1-Fail]
01-01 00:03:00.654 I/bt_vendor( 1433): sco_audiostate_cb(status: 0)
01-01 00:03:00.655 I/bt_btif ( 1433): get_profile_interface avrcp
01-01 00:03:00.655 I/bt_btif ( 1433): btif_rc_get_interface
01-01 00:03:00.655 I/bt_btif ( 1433): ## init ##
01-01 00:03:00.675 I/BluetoothA2dpServiceJni( 1433): classInitNative: succeeds
01-01 00:03:00.675 D/A2dpStateMachine( 1433): make
01-01 00:03:00.677 I/bt_btif ( 1433): get_profile_interface a2dp
01-01 00:03:00.677 I/bt_btif ( 1433): btif_av_get_src_interface
01-01 00:03:00.677 I/bt_btif ( 1433): init_src()
01-01 00:03:00.677 I/bt_btif ( 1433): ## A2DP START MEDIA THREAD ##
01-01 00:03:00.678 W/bt_osi_thread( 1433): run_thread: thread id 1471, thread name media_worker started
01-01 00:03:00.678 I/bt_btif ( 1433): ## A2DP MEDIA THREAD STARTED ##
01-01 00:03:00.678 D/bt_btif ( 1433): btif_enable_service: current services:0x20000008
01-01 00:03:00.678 D/bt_btif ( 1433): btif_transfer_context event 257, len 1
01-01 00:03:00.679 D/bt_btif ( 1433): btif_enable_service: current services:0x20040008
01-01 00:03:00.679 D/bt_btif ( 1433): btif_transfer_context event 257, len 1
01-01 00:03:00.679 D/bt_btif ( 1433): btif task fetched event a001
01-01 00:03:00.679 D/bt_btif ( 1433): btif task fetched event a001
01-01 00:03:00.679 D/bt_btif ( 1433): btif_context_switched
01-01 00:03:00.679 I/bt_btif ( 1433): ## ON A2DP IDLE ## peer_sep = 0
01-01 00:03:00.679 D/bt_btif ( 1433): btif_in_execute_service_request service_id: 3
01-01 00:03:00.679 D/bt_btif ( 1433): bta_av_co_init
01-01 00:03:00.679 D/bt_btif ( 1433): bta_av_co_cp_set_flag
01-01 00:03:00.679 D/bt_btif ( 1433): bta_av_co_audio_codec_reset
01-01 00:03:00.679 D/        ( 1433): void BtifAvrcpAudioTrackPause(void *) handle is null.
01-01 00:03:00.679 I/bt_btif ( 1433): BTA got event 0x122d
01-01 00:03:00.679 D/bt_btif ( 1433): Stopped BT track
01-01 00:03:00.679 D/bt_btif ( 1433): AV nsm event=0x122d(API_ENABLE)
01-01 00:03:00.679 E/bt_btif ( 1433): bta_av_api_enable
01-01 00:03:00.679 D/bt_btif ( 1433): btif_transfer_context event 0, len 20
01-01 00:03:00.679 I/bt_btif ( 1433): BTA got event 0x122e
01-01 00:03:00.679 D/bt_btif ( 1433): AV nsm event=0x122e(API_REG)
01-01 00:03:00.679 E/bt_btif ( 1433): bta_av_cb.p_scb[xx] 0xaefeb308,0
01-01 00:03:00.679 I/bt_l2cap( 1433): L2CAP - L2CA_Register() called for PSM: 0x0019
01-01 00:03:00.680 I/bt_btm  ( 1433): btm_sec_set_security_level : sec: 0x12
01-01 00:03:00.680 I/bt_btm  ( 1433): BTM_SEC_REG[3]: id 37, is_orig 1, psm 0x0019, proto_id 7, chan_id 0
01-01 00:03:00.680 I/bt_btm  ( 1433):                : sec: 0x2090, service name [] (up to 21 chars saved)
01-01 00:03:00.680 I/bt_btm  ( 1433): btm_sec_set_security_level : sec: 0x12
01-01 00:03:00.680 I/bt_btm  ( 1433): BTM_SEC_REG[3]: id 37, is_orig 0, psm 0x0019, proto_id 7, chan_id 0
01-01 00:03:00.680 I/bt_btm  ( 1433):                : sec: 0x3092, service name [] (up to 21 chars saved)
01-01 00:03:00.680 I/bt_btm  ( 1433): btm_sec_set_security_level : sec: 0x0
01-01 00:03:00.680 I/bt_btm  ( 1433): BTM_SEC_REG[4]: id 38, is_orig 1, psm 0x0019, proto_id 7, chan_id 1
01-01 00:03:00.680 I/bt_btm  ( 1433):                : sec: 0x80, service name [] (up to 21 chars saved)
01-01 00:03:00.680 I/bt_btm  ( 1433): btm_sec_set_security_level : sec: 0x0
01-01 00:03:00.680 I/bt_btm  ( 1433): BTM_SEC_REG[4]: id 38, is_orig 0, psm 0x0019, proto_id 7, chan_id 1
01-01 00:03:00.680 I/bt_btm  ( 1433):                : sec: 0x80, service name [] (up to 21 chars saved)
01-01 00:03:00.680 I/bt_btm  ( 1433): btm_sec_set_security_level : sec: 0x0
01-01 00:03:00.680 I/bt_btm  ( 1433): BTM_SEC_REG[4]: id 38, is_orig 1, psm 0x0019, proto_id 7, chan_id 2
01-01 00:03:00.680 I/bt_btm  ( 1433):                : sec: 0x80, service name [] (up to 21 chars saved)
01-01 00:03:00.680 I/bt_btm  ( 1433): btm_sec_set_security_level : sec: 0x0
01-01 00:03:00.680 I/bt_btm  ( 1433): BTM_SEC_REG[4]: id 38, is_orig 0, psm 0x0019, proto_id 7, chan_id 2
01-01 00:03:00.680 I/bt_btm  ( 1433):                : sec: 0x80, service name [] (up to 21 chars saved)
01-01 00:03:00.680 I/bt_l2cap( 1433): L2CAP - L2CA_Register() called for PSM: 0x0017
01-01 00:03:00.680 I/bt_btm  ( 1433): btm_sec_set_security_level : sec: 0x12
01-01 00:03:00.680 I/bt_btm  ( 1433): BTM_SEC_REG[5]: id 39, is_orig 1, psm 0x0017, proto_id 0, chan_id 0
01-01 00:03:00.680 I/bt_btm  ( 1433):                : sec: 0x2090, service name [] (up to 21 chars saved)
01-01 00:03:00.680 I/bt_btm  ( 1433): btm_sec_set_security_level : sec: 0x12
01-01 00:03:00.680 I/bt_btm  ( 1433): BTM_SEC_REG[5]: id 39, is_orig 0, psm 0x0017, proto_id 0, chan_id 0
01-01 00:03:00.680 I/bt_btm  ( 1433):                : sec: 0x3092, service name [] (up to 21 chars saved)
01-01 00:03:00.681 D/bt_sdp  ( 1433): SDP_CreateRecord ok, num_records:4
01-01 00:03:00.681 I/bt_avp  ( 1433): AVRC_AddRecord uuid: 110c
01-01 00:03:00.681 I/bt_btif ( 1433): Adding UUID=0x110C into EIR
01-01 00:03:00.681 D/bt_btif ( 1433): BTA is generating EIR
01-01 00:03:00.681 I/bt_btm  ( 1433): Write Extended Inquiry Response to controller
01-01 00:03:00.681 I/bt_btif ( 1433): bta_dm_eir_update_uuid UUID bit mask=0x00000080 00001000
01-01 00:03:00.681 D/bt_btif ( 1433): nsc_mask: 0x6
01-01 00:03:00.681 D/bt_btif ( 1433): bta_av_co_audio_init
01-01 00:03:00.681 D/bt_btif ( 1433): bta_av_co_audio_init: 0
01-01 00:03:00.681 D/bt_btif ( 1433):  SEP Type = 0
01-01 00:03:00.681 D/bt_avp  ( 1433): avdt_scb_alloc hdl=1, psc_mask:0x2
01-01 00:03:00.681 D/bt_btif ( 1433): audio[0] av_handle: 1 codec_type: 0
01-01 00:03:00.681 E/bt_upio ( 1433): upio_set : open(/proc/bluetooth/sleep/btwrite) for write failed: Permission denied (13)
01-01 00:03:00.681 D/bt_btif ( 1433): bta_av_co_audio_init
01-01 00:03:00.681 D/bt_btif ( 1433): bta_av_co_audio_init: 1
01-01 00:03:00.681 D/bt_btif ( 1433):  SEP Type = 1
01-01 00:03:00.681 D/bt_avp  ( 1433): avdt_scb_alloc hdl=2, psc_mask:0x2
01-01 00:03:00.681 D/bt_btif ( 1433): audio[1] av_handle: 2 codec_type: 0
01-01 00:03:00.681 D/bt_sdp  ( 1433): SDP_CreateRecord ok, num_records:5
01-01 00:03:00.682 I/bt_a2d  ( 1433): A2D_AddRecord uuid: 110a
01-01 00:03:00.682 I/bt_btif ( 1433): Adding UUID=0x110A into EIR
01-01 00:03:00.682 D/bt_btif ( 1433): BTA is generating EIR
01-01 00:03:00.682 I/bt_btm  ( 1433): Write Extended Inquiry Response to controller
01-01 00:03:00.682 I/bt_btif ( 1433): bta_dm_eir_update_uuid UUID bit mask=0x00000080 00001400
01-01 00:03:00.682 D/bt_sdp  ( 1433): SDP_CreateRecord ok, num_records:6
01-01 00:03:00.682 I/bt_a2d  ( 1433): A2D_AddRecord uuid: 110b
01-01 00:03:00.682 I/bt_btif ( 1433): Adding UUID=0x110B into EIR
01-01 00:03:00.682 D/bt_btif ( 1433): BTA is generating EIR
01-01 00:03:00.682 I/bt_btm  ( 1433): Write Extended Inquiry Response to controller
01-01 00:03:00.682 I/bt_btif ( 1433): bta_dm_eir_update_uuid UUID bit mask=0x00000080 00001C00
01-01 00:03:00.682 D/bt_avp  ( 1433): AVRC_Open role: 1, control:3 status:0, handle:0
01-01 00:03:00.682 D/bt_btif ( 1433): rc_acp_handle:0 idx:1
01-01 00:03:00.682 D/bt_btif ( 1433): create 0, role: 1, shdl:0, rc_handle:0, lidx:3, status:0x10
01-01 00:03:00.682 D/bt_sdp  ( 1433): SDP_CreateRecord ok, num_records:7
01-01 00:03:00.683 I/bt_avp  ( 1433): AVRC_AddRecord uuid: 110e
01-01 00:03:00.683 I/bt_btif ( 1433): Adding UUID=0x110E into EIR
01-01 00:03:00.683 D/bt_btif ( 1433): BTA is generating EIR
01-01 00:03:00.683 I/bt_btm  ( 1433): Write Extended Inquiry Response to controller
01-01 00:03:00.683 I/bt_btif ( 1433): bta_dm_eir_update_uuid UUID bit mask=0x00000080 00003C00
01-01 00:03:00.683 D/bt_btif ( 1433): reg_audio: 0x1
01-01 00:03:00.683 D/bt_btif ( 1433): btif_transfer_context event 1, len 20
01-01 00:03:00.683 I/bt_btif_storage( 1433): btif_storage_get_adapter_property service_mask:0x20040008
01-01 00:03:00.683 I/bt_btif ( 1433): HAL bt_hal_cbacks->adapter_properties_cb
01-01 00:03:00.683 D/bt_btif ( 1433): btif task fetched event a001
01-01 00:03:00.684 D/bt_btif ( 1433): btif_context_switched
01-01 00:03:00.684 D/bt_btif ( 1433): btif_in_execute_service_request service_id: 18
01-01 00:03:00.684 I/bt_btif ( 1433): BTA got event 0x1238
01-01 00:03:00.684 D/bt_btif ( 1433): AV nsm event=0x1238(SINK_ENABLE)
01-01 00:03:00.684 D/bt_btif ( 1433): bta_av_api_sink_enable 1 
01-01 00:03:00.684 D/bt_avp  ( 1433): AVDT_SINK_Activate
01-01 00:03:00.684 D/bt_avp  ( 1433): AVDT_SINK_Activate found scb
01-01 00:03:00.684 I/bt_btif_storage( 1433): btif_storage_get_adapter_property service_mask:0x20040008
01-01 00:03:00.684 I/bt_btif ( 1433): HAL bt_hal_cbacks->adapter_properties_cb
01-01 00:03:00.684 D/bt_btif ( 1433): btif task fetched event a001
01-01 00:03:00.684 D/bt_btif ( 1433): btif_context_switched
01-01 00:03:00.684 D/bt_btif ( 1433): btif_av_state_idle_handler event:BTA_AV_ENABLE_EVT flags 0
01-01 00:03:00.684 D/bt_btif ( 1433): btif task fetched event a001
01-01 00:03:00.684 D/bt_btif ( 1433): btif_context_switched
01-01 00:03:00.684 D/bt_btif ( 1433): btif_av_state_idle_handler event:BTA_AV_REGISTER_EVT flags 0
01-01 00:03:00.689 D/bt_btif ( 1433): btif_media_task_aa_handle_clear_track
01-01 00:03:00.690 D/        ( 1433): void BtifAvrcpAudioTrackStop(void *) handle is null.
01-01 00:03:00.690 D/        ( 1433): void BtifAvrcpAudioTrackDelete(void *) handle is null.
01-01 00:03:00.691 E/bt_upio ( 1433): upio_set : open(/proc/bluetooth/sleep/btwrite) for write failed: Permission denied (13)
01-01 00:03:00.691 D/bt_btif ( 1433): UIPC_Init
01-01 00:03:00.692 I/bt_btif ( 1433): ### uipc_main_init ###
01-01 00:03:00.693 D/bt_btif ( 1433): UIPC_Open : ch_id 0, p_cback 97c06a7d
01-01 00:03:00.693 I/bt_btif ( 1433): SETUP CHANNEL SERVER 0
01-01 00:03:00.693 D/lvjinhua( 1433):  Failed while trying resolve alarm filter file, not exists
01-01 00:03:00.694 I/bt_btif ( 1433): create_server_socket /data/misc/bluedroid/.a2dp_ctrl
01-01 00:03:00.694 I/bt_btif ( 1433): created socket fd 137
01-01 00:03:00.694 I/bt_btif ( 1433): ADD SERVER FD TO ACTIVE SET 137
01-01 00:03:00.694 I/bt_btif ( 1433): UIPC SEND WAKE UP
01-01 00:03:00.696 D/A2dpStateMachine( 1433): Enter Disconnected: -2
01-01 00:03:00.697 D/BluetoothAdapterService( 1433): getAdapterService() - returning com.android.bluetooth.btservice.AdapterService@ca55a45
01-01 00:03:00.705 D/BluetoothPbapReceiver( 1433): PbapReceiver onReceive action = android.bluetooth.adapter.action.STATE_CHANGED
01-01 00:03:00.705 D/BluetoothPbapReceiver( 1433): state = 11
01-01 00:03:00.716 E/bt_upio ( 1433): upio_set : open(/proc/bluetooth/sleep/btwrite) for write failed: Permission denied (13)
01-01 00:03:00.724 D/BluetoothAdapterService( 1433): getAdapterService() - returning com.android.bluetooth.btservice.AdapterService@ca55a45
01-01 00:03:00.726 D/A2dpSinkService( 1433): Received start request. Starting profile...
01-01 00:03:00.726 D/A2dpSinkService( 1433): start()
