01-01 00:03:00.728 E/bt_upio ( 1433): upio_set : open(/proc/bluetooth/sleep/btwrite) for write failed: Permission denied (13)
01-01 00:03:00.744 I/BluetoothA2dpSinkServiceJni( 1433): classInitNative: succeeds
01-01 00:03:00.744 D/A2dpSinkStateMachine( 1433): make
01-01 00:03:00.744 E/bt_upio ( 1433): upio_set : open(/proc/bluetooth/sleep/btwrite) for write failed: Permission denied (13)
01-01 00:03:00.746 I/bt_btif ( 1433): get_profile_interface a2dp_sink
01-01 00:03:00.746 I/bt_btif ( 1433): btif_av_get_sink_interface
01-01 00:03:00.746 I/bt_btif ( 1433): init_sink()
01-01 00:03:00.757 D/lvjinhua( 1433):  Failed while trying resolve alarm filter file, not exists
01-01 00:03:00.758 D/A2dpSinkService( 1433): setA2dpSinkService(): set to: null
01-01 00:03:00.758 D/BluetoothAdapterService( 1433): getAdapterService() - returning com.android.bluetooth.btservice.AdapterService@ca55a45
01-01 00:03:00.759 D/A2dpSinkStateMachine( 1433): Enter Disconnected: -2
01-01 00:03:00.771 I/BluetoothHidServiceJni( 1433): classInitNative: succeeds
01-01 00:03:00.776 D/BluetoothAdapterService( 1433): getAdapterService() - returning com.android.bluetooth.btservice.AdapterService@ca55a45
01-01 00:03:00.777 D/HidService( 1433): Received start request. Starting profile...
01-01 00:03:00.778 I/bt_btif ( 1433): get_profile_interface hidhost
01-01 00:03:00.778 I/bt_btif ( 1433): btif_hh_get_interface
01-01 00:03:00.778 I/bt_btif ( 1433): init
01-01 00:03:00.778 D/bt_btif ( 1433): btif_enable_service: current services:0x20140008
01-01 00:03:00.778 D/bt_btif ( 1433): btif_transfer_context event 257, len 1
01-01 00:03:00.779 D/bt_btif ( 1433): btif task fetched event a001
01-01 00:03:00.779 D/bt_btif ( 1433): btif_context_switched
01-01 00:03:00.779 D/bt_btif ( 1433): btif_in_execute_service_request service_id: 20
01-01 00:03:00.779 I/bt_bta_hh( 1433): BTA_HhEnable sec_mask:0x36 p_cback:0x97bfb211
01-01 00:03:00.779 I/bt_btif_storage( 1433): btif_storage_get_adapter_property service_mask:0x20140008
01-01 00:03:00.779 D/HidService( 1433): setHidService(): set to: null
01-01 00:03:00.779 I/bt_btif ( 1433): HAL bt_hal_cbacks->adapter_properties_cb
01-01 00:03:00.779 I/bt_btif ( 1433): BTA got event 0x1716
01-01 00:03:00.779 I/bt_btm  ( 1433): btm_sec_set_security_level : sec: 0x36
01-01 00:03:00.780 D/BluetoothAdapterService( 1433): getAdapterService() - returning com.android.bluetooth.btservice.AdapterService@ca55a45
01-01 00:03:00.784 I/bt_btm  ( 1433): BTM_SEC_REG[6]: id 32, is_orig 0, psm 0x0011, proto_id 6, chan_id 1
01-01 00:03:00.784 I/bt_btm  ( 1433):                : sec: 0x1086, service name [] (up to 21 chars saved)
01-01 00:03:00.784 I/bt_btm  ( 1433): btm_sec_set_security_level : sec: 0x36
01-01 00:03:00.784 I/bt_btm  ( 1433): BTM_SEC_REG[6]: id 32, is_orig 1, psm 0x0011, proto_id 6, chan_id 1
01-01 00:03:00.784 I/bt_btm  ( 1433):                : sec: 0x30b6, service name [] (up to 21 chars saved)
01-01 00:03:00.784 I/bt_btm  ( 1433): btm_sec_set_security_level : sec: 0x0
01-01 00:03:00.784 I/bt_btm  ( 1433): BTM_SEC_REG[7]: id 33, is_orig 0, psm 0x0011, proto_id 6, chan_id 2
01-01 00:03:00.784 I/bt_btm  ( 1433):                : sec: 0x80, service name [] (up to 21 chars saved)
01-01 00:03:00.784 I/bt_btm  ( 1433): btm_sec_set_security_level : sec: 0x0
01-01 00:03:00.784 I/bt_btm  ( 1433): BTM_SEC_REG[7]: id 33, is_orig 1, psm 0x0011, proto_id 6, chan_id 2
01-01 00:03:00.784 I/bt_btm  ( 1433):                : sec: 0x80, service name [] (up to 21 chars saved)
01-01 00:03:00.784 I/bt_btm  ( 1433): btm_sec_set_security_level : sec: 0x0
01-01 00:03:00.784 I/bt_btm  ( 1433): BTM_SEC_REG[8]: id 34, is_orig 1, psm 0x0013, proto_id 6, chan_id 0
01-01 00:03:00.784 I/bt_btm  ( 1433):                : sec: 0x80, service name [] (up to 21 chars saved)
01-01 00:03:00.784 I/bt_btm  ( 1433): btm_sec_set_security_level : sec: 0x0
01-01 00:03:00.784 I/bt_btm  ( 1433): BTM_SEC_REG[8]: id 34, is_orig 0, psm 0x0013, proto_id 6, chan_id 0
01-01 00:03:00.784 I/bt_btm  ( 1433):                : sec: 0x80, service name [] (up to 21 chars saved)
01-01 00:03:00.784 I/bt_l2cap( 1433): L2CAP - L2CA_Register() called for PSM: 0x0011
01-01 00:03:00.784 I/bt_l2cap( 1433): L2CAP - L2CA_Register() called for PSM: 0x0013
01-01 00:03:00.784 I/bt_btif ( 1433): BTA got event 0x1f13
01-01 00:03:00.784 D/bt_btif ( 1433): bta_gattc_register state 2
01-01 00:03:00.784 I/bt_att  ( 1433): GATT_Register
01-01 00:03:00.784 D/bt_att  ( 1433): UUID=[0x0000454c205245564f20484820415442]
01-01 00:03:00.785 I/bt_att  ( 1433): GATT_Register: allocated gatt_if=4
01-01 00:03:00.785 D/bt_btif ( 1433): bta_hh_gattc_callback event = 0
01-01 00:03:00.785 D/bt_btif ( 1433): btif_transfer_context event 0, len 1
01-01 00:03:00.785 I/bt_btif ( 1433): BTA got event 0x1f12
01-01 00:03:00.785 D/bt_btif ( 1433): btif task fetched event a001
01-01 00:03:00.785 I/bt_att  ( 1433): GATT_StartIf gatt_if=4
01-01 00:03:00.785 D/bt_btif ( 1433): btif_context_switched
01-01 00:03:00.785 D/bt_att  ( 1433): gatt_find_the_connected_bda start_idx=0
01-01 00:03:00.785 D/bt_att  ( 1433): gatt_find_the_connected_bda found=0 found_idx=7
01-01 00:03:00.785 D/bt_btif ( 1433): btif_hh_upstreams_evt: event=BTA_HH_ENABLE_EVT
01-01 00:03:00.785 D/bt_btif ( 1433): btif_hh_upstreams_evt: BTA_HH_ENABLE_EVT: status =0
01-01 00:03:00.785 D/bt_btif ( 1433): btif_hh_upstreams_evt--Loading added devices
01-01 00:03:00.785 D/bt_btif ( 1433): Remote device:f8:df:15:f9:1a:a6
01-01 00:03:00.785 D/bt_btif ( 1433): Remote device:fc:58:fa:70:b2:7e
01-01 00:03:00.790 I/BluetoothHealthServiceJni( 1433): classInitNative: succeeds
01-01 00:03:00.793 D/BluetoothAdapterService( 1433): getAdapterService() - returning com.android.bluetooth.btservice.AdapterService@ca55a45
01-01 00:03:00.795 D/HealthService( 1433): Received start request. Starting profile...
01-01 00:03:00.803 I/bt_btif ( 1433): get_profile_interface health
01-01 00:03:00.803 I/bt_btif ( 1433): btif_hl_get_interface
01-01 00:03:00.803 I/bt_btif ( 1433): init
01-01 00:03:00.803 D/bt_btif ( 1433): Process name (droid.bluetooth)
01-01 00:03:00.803 D/bt_btif ( 1433): btif_hl_soc_thread_init
01-01 00:03:00.803 D/bt_btif ( 1433): create_thread: entered
01-01 00:03:00.803 D/bt_btif ( 1433): create_thread: thread created successfully
01-01 00:03:00.803 D/bt_btif ( 1433): entered btif_hl_select_thread
01-01 00:03:00.803 D/bt_btif ( 1433): btif_hl_select_wakeup_init
01-01 00:03:00.803 D/BluetoothAdapterService( 1433): getAdapterService() - returning com.android.bluetooth.btservice.AdapterService@ca55a45
01-01 00:03:00.803 D/bt_btif ( 1433): btif_hl_select_wakeup_init signal_fds[0]=142 signal_fds[1]=143
01-01 00:03:00.803 D/bt_btif ( 1433): max_s=142 
01-01 00:03:00.803 D/bt_btif ( 1433): set curr_set = org_set 
01-01 00:03:00.818 I/BluetoothPanServiceJni( 1433): classInitNative(L102): succeeds
01-01 00:03:00.822 D/BluetoothAdapterService( 1433): getAdapterService() - returning com.android.bluetooth.btservice.AdapterService@ca55a45
01-01 00:03:00.823 D/PanService( 1433): Received start request. Starting profile...
01-01 00:03:00.823 D/BluetoothPanServiceJni( 1433): initializeNative(L107): pan
01-01 00:03:00.823 I/bt_btif ( 1433): get_profile_interface pan
01-01 00:03:00.823 D/bt_btif ( 1433): stack_initialized = 1, btpan_cb.enabled:0
01-01 00:03:00.823 D/bt_btif ( 1433): jni_initialized = 1, btpan_cb.enabled:0
01-01 00:03:00.823 D/bt_btif ( 1433): Enabling PAN....
01-01 00:03:00.823 D/bt_btif ( 1433): btpan_enable - local_role: 3
01-01 00:03:00.823 D/bt_btif ( 1433): btpan_role:0x3
01-01 00:03:00.823 I/bt_btif ( 1433): BTA got event 0xe0a
01-01 00:03:00.823 I/bt_btm  ( 1433): BTM_ReadConnectability
01-01 00:03:00.823 I/bt_btm  ( 1433): BTM_ReadDiscoverability
01-01 00:03:00.823 I/bt_btm  ( 1433): BTM_SetDiscoverability
01-01 00:03:00.823 I/bt_btm  ( 1433): btm_ble_set_discoverability mode=0x0 combined_mode=0x2
01-01 00:03:00.824 I/bt_btm  ( 1433): evt_type=0x3 p-cb->evt_type=0x3 
01-01 00:03:00.824 I/bt_btm  ( 1433): BTM_SetDiscoverability: mode 2 [NonDisc-0, Lim-1, Gen-2], window 0x0012, interval 0x0800
01-01 00:03:00.824 I/bt_btm  ( 1433): BTM_SetConnectability
01-01 00:03:00.824 I/bt_btm  ( 1433): btm_ble_set_connectability mode=0x0 combined_mode=0x1
01-01 00:03:00.824 I/bt_btm  ( 1433): BTM_SetConnectability: mode 1 [NonConn-0, Conn-1], window 0x0012, interval 0x0800
01-01 00:03:00.824 E/bt_upio ( 1433): upio_set : open(/proc/bluetooth/sleep/btwrite) for write failed: Permission denied (13)
01-01 00:03:00.824 I/bt_l2cap( 1433): L2CAP - L2CA_Register() called for PSM: 0x000f
01-01 00:03:00.824 I/bt_btm  ( 1433): BTM_SetDiscoverability
01-01 00:03:00.824 I/bt_btm  ( 1433): btm_ble_set_discoverability mode=0x0 combined_mode=0x0
01-01 00:03:00.824 I/bt_btm  ( 1433): evt_type=0x3 p-cb->evt_type=0x3 
01-01 00:03:00.824 I/bt_btm  ( 1433): BTM_SetDiscoverability: mode 0 [NonDisc-0, Lim-1, Gen-2], window 0x0012, interval 0x1000
01-01 00:03:00.825 I/bt_btm  ( 1433): BTM_SetConnectability
01-01 00:03:00.825 I/bt_btm  ( 1433): btm_ble_set_connectability mode=0x0 combined_mode=0x0
01-01 00:03:00.825 I/bt_btm  ( 1433): BTM_SetConnectability: mode 0 [NonConn-0, Conn-1], window 0x0012, interval 0x0800
01-01 00:03:00.825 I/bt_btif ( 1433): bta_pan_co_init
01-01 00:03:00.825 D/bt_btif ( 1433): btif_transfer_context event 0, len 12
01-01 00:03:00.825 I/bt_btif ( 1433): BTA got event 0xe0c
01-01 00:03:00.825 I/bt_pan  ( 1433): PAN_SetRole() called with role 0x5
01-01 00:03:00.825 D/bt_sdp  ( 1433): SDP_CreateRecord ok, num_records:8
01-01 00:03:00.825 I/bt_btm  ( 1433): btm_sec_set_security_level : sec: 0x36
01-01 00:03:00.825 I/bt_btm  ( 1433): BTM_SEC_REG[9]: id 27, is_orig 1, psm 0x000f, proto_id 5, chan_id 4374
01-01 00:03:00.826 I/bt_btm  ( 1433):                : sec: 0x20b0, service name [Android Network Access Point] (up to 21 chars saved)
01-01 00:03:00.826 I/bt_btm  ( 1433): btm_sec_set_security_level : sec: 0x36
01-01 00:03:00.826 I/bt_btm  ( 1433): BTM_SEC_REG[10]: id 27, is_orig 0, psm 0x000f, proto_id 5, chan_id 4374
01-01 00:03:00.826 I/bt_btm  ( 1433):                : sec: 0x1086, service name [Android Network Access Point] (up to 21 chars saved)
01-01 00:03:00.826 I/bt_btif ( 1433): Adding UUID=0x1116 into EIR
01-01 00:03:00.826 D/bt_btif ( 1433): BTA is generating EIR
01-01 00:03:00.826 I/bt_btm  ( 1433): Write Extended Inquiry Response to controller
01-01 00:03:00.826 I/bt_btif ( 1433): bta_dm_eir_update_uuid UUID bit mask=0x00000080 00043C00
01-01 00:03:00.826 D/bt_sdp  ( 1433): SDP_CreateRecord ok, num_records:9
01-01 00:03:00.826 D/bt_btif ( 1433): btif task fetched event a001
01-01 00:03:00.826 D/bt_btif ( 1433): btif_context_switched
01-01 00:03:00.826 D/bt_btif ( 1433): BTA_PAN_ENABLE_EVT
01-01 00:03:00.827 I/bt_btm  ( 1433): btm_sec_set_security_level : sec: 0x36
01-01 00:03:00.827 I/bt_btm  ( 1433): BTM_SEC_REG[11]: id 25, is_orig 1, psm 0x000f, proto_id 5, chan_id 4373
01-01 00:03:00.827 I/bt_btm  ( 1433):                : sec: 0x20b0, service name [Android Network User] (up to 21 chars saved)
01-01 00:03:00.827 I/bt_btm  ( 1433): btm_sec_set_security_level : sec: 0x36
01-01 00:03:00.827 I/bt_btm  ( 1433): BTM_SEC_REG[11]: id 25, is_orig 0, psm 0x000f, proto_id 5, chan_id 4373
01-01 00:03:00.827 I/bt_btm  ( 1433):                : sec: 0x30b6, service name [Android Network User] (up to 21 chars saved)
01-01 00:03:00.827 I/bt_btif ( 1433): Adding UUID=0x1115 into EIR
01-01 00:03:00.827 D/bt_btif ( 1433): BTA is generating EIR
01-01 00:03:00.827 I/bt_btm  ( 1433): Write Extended Inquiry Response to controller
01-01 00:03:00.827 I/bt_btif ( 1433): bta_dm_eir_update_uuid UUID bit mask=0x00000080 00063C00
01-01 00:03:00.827 I/bt_pan  ( 1433): PAN role set to: 5
01-01 00:03:00.827 I/bt_btif ( 1433): Adding UUID=0x1116 into EIR
01-01 00:03:00.827 D/bt_btif ( 1433): BTA is generating EIR
01-01 00:03:00.827 I/bt_btm  ( 1433): Write Extended Inquiry Response to controller
01-01 00:03:00.827 I/bt_btif ( 1433): bta_dm_eir_update_uuid UUID bit mask=0x00000080 00063C00
01-01 00:03:00.828 I/bt_btif ( 1433): Removing UUID=0x1117 from EIR
01-01 00:03:00.828 D/bt_btif ( 1433): BTA is generating EIR
01-01 00:03:00.828 I/bt_btm  ( 1433): Write Extended Inquiry Response to controller
01-01 00:03:00.828 I/bt_btif ( 1433): bta_dm_eir_update_uuid UUID bit mask=0x00000080 00063C00
01-01 00:03:00.828 I/bt_btif ( 1433): Adding UUID=0x1115 into EIR
01-01 00:03:00.828 D/bt_btif ( 1433): BTA is generating EIR
01-01 00:03:00.828 I/bt_btm  ( 1433): Write Extended Inquiry Response to controller
01-01 00:03:00.828 I/bt_btif ( 1433): bta_dm_eir_update_uuid UUID bit mask=0x00000080 00063C00
01-01 00:03:00.828 D/bt_btif ( 1433): btif_transfer_context event 1, len 12
01-01 00:03:00.828 D/bt_btif ( 1433): btif task fetched event a001
01-01 00:03:00.829 D/bt_btif ( 1433): btif_context_switched
01-01 00:03:00.829 D/bt_btif ( 1433): bta_pan_role:0x5
01-01 00:03:00.829 D/BluetoothPanServiceJni( 1433): control_state_callback(L61): state:0, local_role:3, ifname:bt-pan
01-01 00:03:00.830 E/bt_upio ( 1433): upio_set : open(/proc/bluetooth/sleep/btwrite) for write failed: Permission denied (13)
01-01 00:03:00.835 D/BluetoothAdapterService( 1433): getAdapterService() - returning com.android.bluetooth.btservice.AdapterService@ca55a45
01-01 00:03:00.838 E/bt_upio ( 1433): upio_set : open(/proc/bluetooth/sleep/btwrite) for write failed: Permission denied (13)
01-01 00:03:00.845 E/bt_upio ( 1433): upio_set : open(/proc/bluetooth/sleep/btwrite) for write failed: Permission denied (13)
01-01 00:03:00.852 E/bt_upio ( 1433): upio_set : open(/proc/bluetooth/sleep/btwrite) for write failed: Permission denied (13)
01-01 00:03:00.859 D/BluetoothAdapterService( 1433): getAdapterService() - returning com.android.bluetooth.btservice.AdapterService@ca55a45
01-01 00:03:00.861 D/BluetoothMapService( 1433): Received start request. Starting profile...
01-01 00:03:00.862 D/BluetoothMapService( 1433): start()
01-01 00:03:00.868 E/bt_upio ( 1433): upio_set : open(/proc/bluetooth/sleep/btwrite) for write failed: Permission denied (13)
01-01 00:03:00.872 E/bt_upio ( 1433): upio_set : open(/proc/bluetooth/sleep/btwrite) for write failed: Permission denied (13)
01-01 00:03:00.884 D/BluetoothMapAccountLoader( 1433): Found 0 application(s) with intent android.bluetooth.action.BLUETOOTH_MAP_PROVIDER
01-01 00:03:00.885 E/bt_upio ( 1433): upio_set : open(/proc/bluetooth/sleep/btwrite) for write failed: Permission denied (13)
01-01 00:03:00.887 D/BluetoothMapAccountLoader( 1433): Found 0 application(s) with intent android.bluetooth.action.BLUETOOTH_MAP_IM_PROVIDER
01-01 00:03:00.887 D/BluetoothMapAppObserver( 1433): createReceiver()
01-01 00:03:00.890 D/BluetoothMapAppObserver( 1433): initObservers()
01-01 00:03:00.890 D/BluetoothMapAppObserver( 1433): getEnabledAccountItems()
01-01 00:03:00.891 D/BluetoothAdapterService( 1433): getAdapterService() - returning com.android.bluetooth.btservice.AdapterService@ca55a45
01-01 00:03:00.893 E/bt_upio ( 1433): upio_set : open(/proc/bluetooth/sleep/btwrite) for write failed: Permission denied (13)
01-01 00:03:00.906 D/BluetoothAdapterService( 1433): getAdapterService() - returning com.android.bluetooth.btservice.AdapterService@ca55a45
01-01 00:03:00.908 D/HeadsetClientService( 1433): Received start request. Starting profile...
01-01 00:03:00.912 E/bt_upio ( 1433): upio_set : open(/proc/bluetooth/sleep/btwrite) for write failed: Permission denied (13)
01-01 00:03:00.928 E/bt_upio ( 1433): upio_set : open(/proc/bluetooth/sleep/btwrite) for write failed: Permission denied (13)
01-01 00:03:00.931 I/BluetoothHeadsetClientServiceJni( 1433): classInitNative succeeds
01-01 00:03:00.932 D/HeadsetClientStateMachine( 1433): make
01-01 00:03:00.938 I/bt_btif ( 1433): get_profile_interface handsfree_client
01-01 00:03:00.938 I/bt_btif ( 1433): btif_hf_client_get_interface
01-01 00:03:00.938 I/bt_btif ( 1433): init
01-01 00:03:00.938 D/bt_btif ( 1433): btif_enable_service: current services:0x21140008
01-01 00:03:00.938 D/bt_btif ( 1433): btif_transfer_context event 257, len 1
01-01 00:03:00.939 D/bt_btif ( 1433): btif task fetched event a001
01-01 00:03:00.939 D/bt_btif ( 1433): btif_context_switched
01-01 00:03:00.939 D/bt_btif ( 1433): btif_in_execute_service_request service_id: 24
01-01 00:03:00.939 I/bt_btif ( 1433): btif_hf_client_execute_service enable:1
01-01 00:03:00.939 I/bt_btif ( 1433): No Codec Nego Supported
01-01 00:03:00.939 I/bt_btif ( 1433): btif_hf_client_featu
01-01 00:03:00.939 I/bt_btif ( 1433): btif_hf_client_features is   127
01-01 00:03:00.939 I/bt_btif_storage( 1433): btif_storage_get_adapter_property service_mask:0x21140008
01-01 00:03:00.939 I/bt_btif ( 1433): HAL bt_hal_cbacks->adapter_properties_cb
01-01 00:03:00.939 I/bt_btm  ( 1433): BTM: BTM_WriteVoiceSettings: Settings: 0x0060.
01-01 00:03:00.939 D/bt_btif ( 1433): btif_transfer_context event 0, len 44
01-01 00:03:00.939 I/bt_btif ( 1433): BTA got event 0x1b00
01-01 00:03:00.939 D/bt_btif ( 1433): bta_hf_client_scb_init
01-01 00:03:00.939 D/bt_btif ( 1433): btif task fetched event a001
01-01 00:03:00.939 D/bt_btif ( 1433): bta_hf_client_stop_at_hold_timer
01-01 00:03:00.939 D/bt_btif ( 1433): btif_context_switched
01-01 00:03:00.939 D/bt_btif ( 1433): btif_hf_client_upstreams_evt: event=BTA_HF_CLIENT_ENABLE_EVT (0)
01-01 00:03:00.939 D/bt_sdp  ( 1433): SDP_CreateRecord ok, num_records:10
01-01 00:03:00.939 D/bt_btm  ( 1433): BTM_AllocateSCN
01-01 00:03:00.939 D/bt_btif ( 1433): bta_hf_client_add_record
01-01 00:03:00.939 I/bt_btif ( 1433): Adding UUID=0x111E into EIR
01-01 00:03:00.939 D/bt_btif ( 1433): BTA is generating EIR
01-01 00:03:00.939 I/bt_btm  ( 1433): Write Extended Inquiry Response to controller
01-01 00:03:00.939 I/bt_btif ( 1433): bta_dm_eir_update_uuid UUID bit mask=0x00000080 02063C00
01-01 00:03:00.940 I/bt_btm  ( 1433): btm_sec_set_security_level : sec: 0x36
01-01 00:03:00.940 I/bt_btm  ( 1433): BTM_SEC_REG[12]: id 28, is_orig 0, psm 0x0003, proto_id 3, chan_id 2
01-01 00:03:00.940 I/bt_btm  ( 1433):                : sec: 0x1086, service name [] (up to 21 chars saved)
01-01 00:03:00.940 D/bt_rfcomm( 1433): port_find_mcb: not found, bd_addr:ff:ff:ff:ff:ff:ff
01-01 00:03:00.940 I/bt_rfcomm( 1433): RFCOMM_CreateConnection()  BDA: ff-ff-ff-ff-ff-ff
01-01 00:03:00.940 I/bt_rfcomm( 1433): RFCOMM_CreateConnection(): scn:2, dlci:4, is_server:1 mtu:256, p_mcb:0x0
01-01 00:03:00.940 D/bt_rfcomm( 1433): rfc_cb.port.port[1]:0x97db0fc0 allocated, last_port:1
01-01 00:03:00.940 D/bt_rfcomm( 1433): port_allocate_port:bd_addr:ff:ff:ff:ff:ff:ff
01-01 00:03:00.940 I/bt_rfcomm( 1433): RFCOMM_CreateConnection(): scn:2, dlci:4, is_server:1 mtu:256, p_mcb:0x0, p_port:0x97db0fc0
01-01 00:03:00.940 I/bt_rfcomm( 1433): RFCOMM_CreateConnection dlci:4 signal state:0xb
01-01 00:03:00.940 I/bt_rfcomm( 1433): PORT_SetEventMask() handle:2 mask:0x1
01-01 00:03:00.940 I/bt_rfcomm( 1433): PORT_SetEventCallback() handle:2
01-01 00:03:00.940 D/bt_btif ( 1433): bta_hf_client_start_server handle: 2
01-01 00:03:00.940 D/bt_btif ( 1433): btif_transfer_context event 1, len 44
01-01 00:03:00.940 D/bt_btif ( 1433): btif task fetched event a001
01-01 00:03:00.940 D/bt_btif ( 1433): btif_context_switched
01-01 00:03:00.940 D/bt_btif ( 1433): btif_hf_client_upstreams_evt: event=BTA_HF_CLIENT_REGISTER_EVT (1)
01-01 00:03:00.943 E/bt_upio ( 1433): upio_set : open(/proc/bluetooth/sleep/btwrite) for write failed: Permission denied (13)
01-01 00:03:00.953 D/HeadsetClientStateMachine( 1433): Enter Disconnected: -2
01-01 00:03:00.955 W/ActivityManager(  435): Unable to start service Intent { cmp=com.android.bluetooth/.hfpclient.connserv.HfpClientConnectionService } U=0: not found
01-01 00:03:00.956 D/BluetoothAdapterService( 1433): getAdapterService() - returning com.android.bluetooth.btservice.AdapterService@ca55a45
01-01 00:03:00.959 E/bt_upio ( 1433): upio_set : open(/proc/bluetooth/sleep/btwrite) for write failed: Permission denied (13)
01-01 00:03:00.968 I/BluetoothAvrcpControllerJni( 1433): classInitNative: succeeds
01-01 00:03:00.969 I/bt_btif ( 1433): get_profile_interface avrcp_ctrl
01-01 00:03:00.969 I/bt_btif ( 1433): btif_rc_ctrl_get_interface
01-01 00:03:00.969 I/bt_btif ( 1433): ## init_ctrl ##
01-01 00:03:00.971 E/bt_upio ( 1433): upio_set : open(/proc/bluetooth/sleep/btwrite) for write failed: Permission denied (13)
01-01 00:03:00.972 D/BluetoothAdapterService( 1433): getAdapterService() - returning com.android.bluetooth.btservice.AdapterService@ca55a45
01-01 00:03:00.973 D/AvrcpControllerService( 1433): Received start request. Starting profile...
01-01 00:03:00.977 D/AvrcpControllerService( 1433): setAvrcpControllerService(): set to: null
01-01 00:03:00.977 D/BluetoothAdapterService( 1433): getAdapterService() - returning com.android.bluetooth.btservice.AdapterService@ca55a45
01-01 00:03:00.979 D/BluetoothAdapterService( 1433): handleMessage() - Message: 1
01-01 00:03:00.979 D/BluetoothAdapterService( 1433): handleMessage() - MESSAGE_PROFILE_SERVICE_STATE_CHANGED
01-01 00:03:00.979 D/BluetoothAdapterService( 1433): processProfileServiceStateChanged() serviceName=com.android.bluetooth.a2dp.A2dpService, state=12, doUpdate=true
01-01 00:03:00.979 V/BluetoothAdapterState( 1433): isTurningOff()=false
01-01 00:03:00.979 V/BluetoothAdapterState( 1433): isTurningOn()=true
01-01 00:03:00.979 V/BluetoothAdapterState( 1433): isBleTurningOn()=false
01-01 00:03:00.979 V/BluetoothAdapterState( 1433): isBleTurningOff()=false
01-01 00:03:00.979 D/BluetoothAdapterService( 1433): processProfileServiceStateChanged() - serviceName=com.android.bluetooth.a2dp.A2dpService isTurningOn=true isTurningOff=false isBleTurningOn=false isBleTurningOff=false
01-01 00:03:00.980 D/BluetoothAdapterService( 1433): Service: com.android.bluetooth.gatt.GattService
01-01 00:03:00.980 D/BluetoothAdapterService( 1433): Skip GATT service - already started before
01-01 00:03:00.980 D/BluetoothAdapterService( 1433): Service: com.android.bluetooth.hid.HidService
01-01 00:03:00.980 D/BluetoothAdapterService( 1433): onProfileServiceStateChange() - Profile still not running:com.android.bluetooth.hid.HidService
01-01 00:03:00.992 E/bt_upio ( 1433): upio_set : open(/proc/bluetooth/sleep/btwrite) for write failed: Permission denied (13)
01-01 00:03:00.995 D/A2dpMediaBrowserService( 1433): onCreate
01-01 00:03:01.000 V/Avrcp   ( 1433): Active sessions changed, 0 sessions
01-01 00:03:01.014 D/BluetoothAdapterService( 1433): handleMessage() - Message: 1
01-01 00:03:01.014 D/BluetoothAdapterService( 1433): handleMessage() - MESSAGE_PROFILE_SERVICE_STATE_CHANGED
01-01 00:03:01.014 D/BluetoothAdapterService( 1433): processProfileServiceStateChanged() serviceName=com.android.bluetooth.a2dpsink.A2dpSinkService, state=12, doUpdate=true
01-01 00:03:01.015 V/BluetoothAdapterState( 1433): isTurningOff()=false
01-01 00:03:01.015 V/BluetoothAdapterState( 1433): isTurningOn()=true
01-01 00:03:01.015 V/BluetoothAdapterState( 1433): isBleTurningOn()=false
01-01 00:03:01.015 V/BluetoothAdapterState( 1433): isBleTurningOff()=false
01-01 00:03:01.015 D/BluetoothAdapterService( 1433): processProfileServiceStateChanged() - serviceName=com.android.bluetooth.a2dpsink.A2dpSinkService isTurningOn=true isTurningOff=false isBleTurningOn=false isBleTurningOff=false
01-01 00:03:01.015 D/BluetoothAdapterService( 1433): Service: com.android.bluetooth.gatt.GattService
01-01 00:03:01.015 D/BluetoothAdapterService( 1433): Skip GATT service - already started before
01-01 00:03:01.015 D/BluetoothAdapterService( 1433): Service: com.android.bluetooth.hid.HidService
01-01 00:03:01.016 D/BluetoothAdapterService( 1433): onProfileServiceStateChange() - Profile still not running:com.android.bluetooth.hid.HidService
01-01 00:03:01.016 D/BluetoothAdapterService( 1433): handleMessage() - Message: 1
01-01 00:03:01.016 D/BluetoothAdapterService( 1433): handleMessage() - MESSAGE_PROFILE_SERVICE_STATE_CHANGED
01-01 00:03:01.016 D/BluetoothAdapterService( 1433): processProfileServiceStateChanged() serviceName=com.android.bluetooth.hid.HidService, state=12, doUpdate=true
01-01 00:03:01.016 V/BluetoothAdapterState( 1433): isTurningOff()=false
01-01 00:03:01.016 V/BluetoothAdapterState( 1433): isTurningOn()=true
01-01 00:03:01.017 V/BluetoothAdapterState( 1433): isBleTurningOn()=false
01-01 00:03:01.017 V/BluetoothAdapterState( 1433): isBleTurningOff()=false
01-01 00:03:01.017 D/BluetoothAdapterService( 1433): processProfileServiceStateChanged() - serviceName=com.android.bluetooth.hid.HidService isTurningOn=true isTurningOff=false isBleTurningOn=false isBleTurningOff=false
01-01 00:03:01.017 D/BluetoothAdapterService( 1433): Service: com.android.bluetooth.gatt.GattService
01-01 00:03:01.017 D/BluetoothAdapterService( 1433): Skip GATT service - already started before
01-01 00:03:01.017 D/BluetoothAdapterService( 1433): Service: com.android.bluetooth.hid.HidService
01-01 00:03:01.017 D/BluetoothAdapterService( 1433): Service: com.android.bluetooth.rtkbt.RtkbtService
01-01 00:03:01.017 D/BluetoothAdapterService( 1433): Service: com.android.bluetooth.avrcp.AvrcpControllerService
01-01 00:03:01.018 D/BluetoothAdapterService( 1433): onProfileServiceStateChange() - Profile still not running:com.android.bluetooth.avrcp.AvrcpControllerService
01-01 00:03:01.018 D/BluetoothAdapterService( 1433): handleMessage() - Message: 1
01-01 00:03:01.018 D/BluetoothAdapterService( 1433): handleMessage() - MESSAGE_PROFILE_SERVICE_STATE_CHANGED
01-01 00:03:01.018 D/BluetoothAdapterService( 1433): processProfileServiceStateChanged() serviceName=com.android.bluetooth.hdp.HealthService, state=12, doUpdate=true
01-01 00:03:01.018 V/BluetoothAdapterState( 1433): isTurningOff()=false
01-01 00:03:01.018 V/BluetoothAdapterState( 1433): isTurningOn()=true
01-01 00:03:01.018 V/BluetoothAdapterState( 1433): isBleTurningOn()=false
01-01 00:03:01.018 V/BluetoothAdapterState( 1433): isBleTurningOff()=false
01-01 00:03:01.018 D/BluetoothAdapterService( 1433): processProfileServiceStateChanged() - serviceName=com.android.bluetooth.hdp.HealthService isTurningOn=true isTurningOff=false isBleTurningOn=false isBleTurningOff=false
01-01 00:03:01.019 D/BluetoothAdapterService( 1433): Service: com.android.bluetooth.gatt.GattService
01-01 00:03:01.019 D/BluetoothAdapterService( 1433): Skip GATT service - already started before
01-01 00:03:01.019 D/BluetoothAdapterService( 1433): Service: com.android.bluetooth.hid.HidService
01-01 00:03:01.019 D/BluetoothAdapterService( 1433): Service: com.android.bluetooth.rtkbt.RtkbtService
01-01 00:03:01.019 D/BluetoothAdapterService( 1433): Service: com.android.bluetooth.avrcp.AvrcpControllerService
01-01 00:03:01.019 D/BluetoothAdapterService( 1433): onProfileServiceStateChange() - Profile still not running:com.android.bluetooth.avrcp.AvrcpControllerService
01-01 00:03:01.020 D/BluetoothAdapterService( 1433): handleMessage() - Message: 1
01-01 00:03:01.020 D/BluetoothAdapterService( 1433): handleMessage() - MESSAGE_PROFILE_SERVICE_STATE_CHANGED
01-01 00:03:01.020 D/BluetoothAdapterService( 1433): processProfileServiceStateChanged() serviceName=com.android.bluetooth.pan.PanService, state=12, doUpdate=true
01-01 00:03:01.020 V/BluetoothAdapterState( 1433): isTurningOff()=false
01-01 00:03:01.020 V/BluetoothAdapterState( 1433): isTurningOn()=true
01-01 00:03:01.020 V/BluetoothAdapterState( 1433): isBleTurningOn()=false
01-01 00:03:01.020 V/BluetoothAdapterState( 1433): isBleTurningOff()=false
01-01 00:03:01.021 D/BluetoothAdapterService( 1433): processProfileServiceStateChanged() - serviceName=com.android.bluetooth.pan.PanService isTurningOn=true isTurningOff=false isBleTurningOn=false isBleTurningOff=false
01-01 00:03:01.021 D/BluetoothAdapterService( 1433): Service: com.android.bluetooth.gatt.GattService
01-01 00:03:01.021 D/BluetoothAdapterService( 1433): Skip GATT service - already started before
01-01 00:03:01.021 D/BluetoothAdapterService( 1433): Service: com.android.bluetooth.hid.HidService
01-01 00:03:01.021 D/BluetoothAdapterService( 1433): Service: com.android.bluetooth.rtkbt.RtkbtService
01-01 00:03:01.021 D/BluetoothAdapterService( 1433): Service: com.android.bluetooth.avrcp.AvrcpControllerService
01-01 00:03:01.021 D/BluetoothAdapterService( 1433): onProfileServiceStateChange() - Profile still not running:com.android.bluetooth.avrcp.AvrcpControllerService
01-01 00:03:01.021 D/BluetoothAdapterService( 1433): handleMessage() - Message: 1
01-01 00:03:01.022 D/BluetoothAdapterService( 1433): handleMessage() - MESSAGE_PROFILE_SERVICE_STATE_CHANGED
01-01 00:03:01.022 D/BluetoothAdapterService( 1433): processProfileServiceStateChanged() serviceName=com.android.bluetooth.map.BluetoothMapService, state=12, doUpdate=true
01-01 00:03:01.022 V/BluetoothAdapterState( 1433): isTurningOff()=false
01-01 00:03:01.022 V/BluetoothAdapterState( 1433): isTurningOn()=true
01-01 00:03:01.022 V/BluetoothAdapterState( 1433): isBleTurningOn()=false
01-01 00:03:01.022 V/BluetoothAdapterState( 1433): isBleTurningOff()=false
01-01 00:03:01.022 D/BluetoothAdapterService( 1433): processProfileServiceStateChanged() - serviceName=com.android.bluetooth.map.BluetoothMapService isTurningOn=true isTurningOff=false isBleTurningOn=false isBleTurningOff=false
01-01 00:03:01.023 D/BluetoothAdapterService( 1433): Service: com.android.bluetooth.gatt.GattService
01-01 00:03:01.023 D/BluetoothAdapterService( 1433): Skip GATT service - already started before
01-01 00:03:01.023 D/BluetoothAdapterService( 1433): Service: com.android.bluetooth.hid.HidService
01-01 00:03:01.023 D/BluetoothAdapterService( 1433): Service: com.android.bluetooth.rtkbt.RtkbtService
01-01 00:03:01.023 D/BluetoothAdapterService( 1433): Service: com.android.bluetooth.avrcp.AvrcpControllerService
01-01 00:03:01.023 D/BluetoothAdapterService( 1433): onProfileServiceStateChange() - Profile still not running:com.android.bluetooth.avrcp.AvrcpControllerService
01-01 00:03:01.023 D/BluetoothAdapterService( 1433): handleMessage() - Message: 1
01-01 00:03:01.023 D/BluetoothAdapterService( 1433): handleMessage() - MESSAGE_PROFILE_SERVICE_STATE_CHANGED
01-01 00:03:01.024 D/BluetoothAdapterService( 1433): processProfileServiceStateChanged() serviceName=com.android.bluetooth.hfpclient.HeadsetClientService, state=12, doUpdate=true
01-01 00:03:01.024 V/BluetoothAdapterState( 1433): isTurningOff()=false
01-01 00:03:01.024 V/BluetoothAdapterState( 1433): isTurningOn()=true
01-01 00:03:01.024 V/BluetoothAdapterState( 1433): isBleTurningOn()=false
01-01 00:03:01.024 V/BluetoothAdapterState( 1433): isBleTurningOff()=false
01-01 00:03:01.024 D/BluetoothAdapterService( 1433): processProfileServiceStateChanged() - serviceName=com.android.bluetooth.hfpclient.HeadsetClientService isTurningOn=true isTurningOff=false isBleTurningOn=false isBleTurningOff=false
01-01 00:03:01.024 D/BluetoothAdapterService( 1433): Service: com.android.bluetooth.gatt.GattService
01-01 00:03:01.024 D/BluetoothAdapterService( 1433): Skip GATT service - already started before
01-01 00:03:01.025 D/BluetoothAdapterService( 1433): Service: com.android.bluetooth.hid.HidService
01-01 00:03:01.025 D/BluetoothAdapterService( 1433): Service: com.android.bluetooth.rtkbt.RtkbtService
01-01 00:03:01.025 D/BluetoothAdapterService( 1433): Service: com.android.bluetooth.avrcp.AvrcpControllerService
01-01 00:03:01.025 D/BluetoothAdapterService( 1433): onProfileServiceStateChange() - Profile still not running:com.android.bluetooth.avrcp.AvrcpControllerService
01-01 00:03:01.025 D/BluetoothAdapterService( 1433): handleMessage() - Message: 1
01-01 00:03:01.025 D/BluetoothAdapterService( 1433): handleMessage() - MESSAGE_PROFILE_SERVICE_STATE_CHANGED
01-01 00:03:01.025 D/BluetoothAdapterService( 1433): processProfileServiceStateChanged() serviceName=com.android.bluetooth.avrcp.AvrcpControllerService, state=12, doUpdate=true
01-01 00:03:01.026 V/BluetoothAdapterState( 1433): isTurningOff()=false
01-01 00:03:01.026 V/BluetoothAdapterState( 1433): isTurningOn()=true
01-01 00:03:01.026 V/BluetoothAdapterState( 1433): isBleTurningOn()=false
01-01 00:03:01.026 V/BluetoothAdapterState( 1433): isBleTurningOff()=false
01-01 00:03:01.026 D/BluetoothAdapterService( 1433): processProfileServiceStateChanged() - serviceName=com.android.bluetooth.avrcp.AvrcpControllerService isTurningOn=true isTurningOff=false isBleTurningOn=false isBleTurningOff=false
01-01 00:03:01.026 D/BluetoothAdapterService( 1433): Service: com.android.bluetooth.gatt.GattService
01-01 00:03:01.026 D/BluetoothAdapterService( 1433): Skip GATT service - already started before
01-01 00:03:01.026 D/BluetoothAdapterService( 1433): Service: com.android.bluetooth.hid.HidService
01-01 00:03:01.027 D/BluetoothAdapterService( 1433): Service: com.android.bluetooth.rtkbt.RtkbtService
01-01 00:03:01.027 D/BluetoothAdapterService( 1433): Service: com.android.bluetooth.avrcp.AvrcpControllerService
01-01 00:03:01.027 D/BluetoothAdapterService( 1433): Service: com.android.bluetooth.map.BluetoothMapService
01-01 00:03:01.027 D/BluetoothAdapterService( 1433): Service: com.android.bluetooth.hdp.HealthService
01-01 00:03:01.027 D/BluetoothAdapterService( 1433): Service: com.android.bluetooth.pan.PanService
01-01 00:03:01.027 D/BluetoothAdapterService( 1433): Service: com.android.bluetooth.hfpclient.HeadsetClientService
01-01 00:03:01.027 D/BluetoothAdapterService( 1433): Service: com.android.bluetooth.a2dpsink.A2dpSinkService
01-01 00:03:01.027 D/BluetoothAdapterService( 1433): Service: com.android.bluetooth.a2dp.A2dpService
01-01 00:03:01.027 D/BluetoothAdapterService( 1433): onProfileServiceStateChange() - All profile services started.
01-01 00:03:01.028 D/BluetoothAdapterState( 1433): Current state: PENDING_COMMAND, message: 2
01-01 00:03:01.028 D/BluetoothAdapterProperties( 1433): ScanMode =  20
01-01 00:03:01.028 D/BluetoothAdapterProperties( 1433): State =  11
01-01 00:03:01.028 I/bt_btif ( 1433): btif_set_adapter_property type: 7, len 4, 0x973586f0
01-01 00:03:01.028 I/bt_btif ( 1433): set property scan mode : 1
01-01 00:03:01.028 D/bt_btif ( 1433): btif_transfer_context event 2, len 24
01-01 00:03:01.028 I/bt_btif ( 1433): btif_in_storage_request_copy_cb
01-01 00:03:01.028 I/bt_btif ( 1433): BTA got event 0x103
01-01 00:03:01.028 I/bt_btif ( 1433): bta_dm_sm_execute event:0x3
01-01 00:03:01.028 I/bt_btm  ( 1433): BTM_BleReadDiscoverability
01-01 00:03:01.029 I/bt_btm  ( 1433): BTM_BleReadConnectability
01-01 00:03:01.029 I/bt_btm  ( 1433): BTM_ReadDiscoverability
01-01 00:03:01.029 I/bt_btm  ( 1433): BTM_ReadConnectability
01-01 00:03:01.029 I/bt_btm  ( 1433): BTM_SetDiscoverability
01-01 00:03:01.029 I/bt_btm  ( 1433): btm_ble_set_discoverability mode=0x0 combined_mode=0x0
01-01 00:03:01.029 I/bt_btif ( 1433): btm_ble_set_discoverability mode=0x0en 4, 0x973586f0
01-01 00:03:01.029 I/bt_btm  ( 1433): evt_type=0x3 p-cb->evt_type=0x3 
01-01 00:03:01.029 D/bt_btif ( 1433): btif_transfer_context event 2, len 24
01-01 00:03:01.029 I/bt_btif ( 1433): btif_in_storage_request_copy_c 
01-01 00:03:01.029 I/bt_btm  ( 1433): btif_in_storage_request_copy_c 
01-01 00:03:01.029 D/bt_btif ( 1433): btif task fetched event a001
01-01 00:03:01.029 D/bt_btif ( 1433): btif_context_switched
01-01 00:03:01.029 I/bt_btif ( 1433): execute storage request event : 2
01-01 00:03:01.029 I/bt_btif ( 1433): type: 7, len 4, 0xaefcc9a4
01-01 00:03:01.029 D/bt_btif ( 1433): in, bd addr:, prop type:7, len:4
01-01 00:03:01.029 I/bt_btm  ( 1433): BTM_SetConnectability
01-01 00:03:01.029 I/bt_btm  ( 1433): btm_ble_set_connectability mode=0x0 combined_mode=0x1
01-01 00:03:01.029 I/bt_btm  ( 1433): BTM_SetConnectability: mode 1 [NonConn-0, Conn-1], window 0x0012, interval 0x0800
01-01 00:03:01.029 E/bt_upio ( 1433): upio_set : open(/proc/bluetooth/sleep/btwrite) for write failed: Permission denied (13)
01-01 00:03:01.030 D/BluetoothAdapterProperties( 1433): Setting state to 12
01-01 00:03:01.030 D/bt_btif ( 1433): Remote device:, no link key or ble key found
01-01 00:03:01.030 I/bt_btif ( 1433): HAL bt_hal_cbacks->adapter_properties_cb
01-01 00:03:01.031 I/BluetoothAdapterState( 1433): Bluetooth adapter state changed: 11-> 12
01-01 00:03:01.032 D/BluetoothAdapterProperties( 1433): Scan Mode:21
01-01 00:03:01.032 D/bt_btif ( 1433): btif task fetched event a001
01-01 00:03:01.032 D/bt_btif ( 1433): btif_context_switched
01-01 00:03:01.032 I/bt_btif ( 1433): execute storage request event : 2
01-01 00:03:01.032 I/bt_btif ( 1433): type: 9, len 4, 0xaefcc9dc
01-01 00:03:01.032 D/bt_btif ( 1433): in, bd addr:, prop type:9, len:4
01-01 00:03:01.032 D/bt_btif ( 1433): Remote device:, no link key or ble key found
01-01 00:03:01.032 I/bt_btif ( 1433): HAL bt_hal_cbacks->adapter_properties_cb
01-01 00:03:01.033 D/BluetoothAdapterProperties( 1433): Discoverable Timeout:120
01-01 00:03:01.033 D/A2dpMediaBrowserService( 1433): onServiceConnected
01-01 00:03:01.037 D/A2dpMediaBrowserService( 1433): msgProfileConnect
01-01 00:03:01.037 D/A2dpMediaBrowserService( 1433): AVRCP Profile android.bluetooth.BluetoothAvrcpController@2bc489b device null
01-01 00:03:01.037 D/BluetoothAdapterService( 1433): updateAdapterState() - Broadcasting state to 1 receivers.
01-01 00:03:01.038 D/BluetoothManagerService(  435): MESSAGE_BLUETOOTH_STATE_CHANGE: TURNING_ON > ON
01-01 00:03:01.038 D/BluetoothManagerService(  435): Broadcasting onBluetoothStateChange(true) to 17 receivers.
01-01 00:03:01.039 I/BluetoothAdapterState( 1433): Entering OnState
01-01 00:03:01.039 D/BluetoothAdapterService( 1433): updateUuids() - Updating UUIDs for bonded devices
01-01 00:03:01.039 D/BluetoothInputDevice(  619): onBluetoothStateChange: up=true
01-01 00:03:01.043 D/BluetoothAdapterService( 1433): isQuetModeEnabled() - Enabled = false
01-01 00:03:01.043 D/BluetoothAdapterService( 1433): autoConnect() - Initiate auto connection on BT on...
01-01 00:03:01.048 D/BluetoothHeadsetClient(  619): onBluetoothStateChange: up=true
01-01 00:03:01.054 D/BluetoothInputDevice( 1189): onBluetoothStateChange: up=true
01-01 00:03:01.055 E/bt_upio ( 1433): upio_set : open(/proc/bluetooth/sleep/btwrite) for write failed: Permission denied (13)
01-01 00:03:01.062 D/BluetoothAdapterService( 1433): handleMessage() - Message: 40
01-01 00:03:01.062 D/BluetoothAdapterService( 1433): handleMessage() - MESSAGE_PROFILE_INIT_PRIORITIES
01-01 00:03:01.062 D/HidService( 1433): getHidService(): returning com.android.bluetooth.hid.HidService@b2c5438
01-01 00:03:01.063 D/A2dpSinkService( 1433): getA2dpSinkService(): returning com.android.bluetooth.a2dpsink.A2dpSinkService@ed91c11
01-01 00:03:01.073 E/bt_upio ( 1433): upio_set : open(/proc/bluetooth/sleep/btwrite) for write failed: Permission denied (13)
01-01 00:03:01.075 D/BluetoothAdapterService( 1433): autoConnectA2dp() - Connecting A2DP with FC:58:FA:70:B2:7E
01-01 00:03:01.078 D/BluetoothA2dp(  619): onBluetoothStateChange: up=true
01-01 00:03:01.083 D/BluetoothPbap( 1189): onBluetoothStateChange: up=true
01-01 00:03:01.083 D/BluetoothAdapterService( 1433): handleMessage() - Message: 40
01-01 00:03:01.083 D/BluetoothAdapterService( 1433): handleMessage() - MESSAGE_PROFILE_INIT_PRIORITIES
01-01 00:03:01.083 D/HidService( 1433): getHidService(): returning com.android.bluetooth.hid.HidService@b2c5438
01-01 00:03:01.084 D/A2dpSinkService( 1433): getA2dpSinkService(): returning com.android.bluetooth.a2dpsink.A2dpSinkService@ed91c11
01-01 00:03:01.087 D/LocalBluetoothProfileManager(  619): Current Profiles[A2DP]
01-01 00:03:01.088 D/BluetoothMap(  619): getConnectedDevices()
01-01 00:03:01.088 W/BluetoothMap(  619): Proxy not attached to service
01-01 00:03:01.088 D/BluetoothMap(  619): getConnectionState(F8:DF:15:F9:1A:A6)
01-01 00:03:01.088 W/BluetoothMap(  619): Proxy not attached to service
01-01 00:03:01.088 D/MapProfile(  619): getConnectionStatus: status is: 0
01-01 00:03:01.088 D/LocalBluetoothProfileManager(  619): New Profiles[A2DP]
01-01 00:03:01.090 D/A2dpStateMachine( 1433): Disconnected process message: 1
01-01 00:03:01.094 D/BluetoothHeadsetClient( 1189): onBluetoothStateChange: up=true
01-01 00:03:01.094 I/BluetoothA2dpServiceJni( 1433): connectA2dpNative: sBluetoothA2dpInterface: 0x97cda190
01-01 00:03:01.094 I/bt_btif ( 1433): src_connect_sink
01-01 00:03:01.094 I/bt_btif ( 1433): src_connect_sink
01-01 00:03:01.094 D/bt_btif ( 1433): btif_transfer_context event 0, len 16
01-01 00:03:01.094 D/A2dpStateMachine( 1433): Exit Disconnected: 1
01-01 00:03:01.094 D/A2dpStateMachine( 1433): Enter Pending: 1
01-01 00:03:01.095 D/bt_btif ( 1433): btif task fetched event a001
01-01 00:03:01.095 D/bt_btif ( 1433): btif_context_switched
01-01 00:03:01.095 I/bt_btif ( 1433): connect_int
01-01 00:03:01.095 D/bt_btif ( 1433): btif_av_state_idle_handler event:BTIF_AV_CONNECT_REQ_EVT flags 0
01-01 00:03:01.095 D/bt_btif ( 1433): btif_av_state_idle_handler event:BTIF_SM_EXIT_EVT flags 0
01-01 00:03:01.095 D/bt_btif ( 1433): BTA got event 0x1209
01-01 00:03:01.095 I/bt_btif ( 1433): BTA got event 0x1209
01-01 00:03:01.095 D/bt_btif ( 1433): handle=0x41
01-01 00:03:01.095 D/bt_btif ( 1433): in, bd addr:fc:58:fa:70:b2:7e, prop type:3, len:512
01-01 00:03:01.095 D/bt_btif ( 1433): AV Sevent(0x41)=0x1209(API_OPEN) state=0(INIT)
01-01 00:03:01.095 D/bt_btif ( 1433): bta_av_do_disc_a2d use_rc: 1 rs:0, oc:0
01-01 00:03:01.095 D/bt_btm  ( 1433): BTM_GetRole
01-01 00:03:01.095 D/bt_btif ( 1433): ok_continue: 1 wait:x0, q_tag: 0
01-01 00:03:01.095 D/bt_btif ( 1433): bta_av_save_addr r:1, s:1
01-01 00:03:01.095 E/bt_btif ( 1433): reset flags
01-01 00:03:01.095 D/bt_btif ( 1433): bta_dm_pm_cback: st(2), id(18), app(0)
01-01 00:03:01.095 D/bt_btif ( 1433): bta_av_do_disc_a2d: uuid_int 0x110a, Doing SDP For 0x110b
01-01 00:03:01.095 I/bt_a2d  ( 1433): A2D_FindService uuid: 110b
01-01 00:03:01.095 I/bt_btif ( 1433): HAL bt_av_src_callbacks->connection_state_cb
01-01 00:03:01.095 I/BluetoothA2dpServiceJni( 1433): bta2dp_connection_state_callback
01-01 00:03:01.095 I/bt_sdp  ( 1433): SDP - Originate started
01-01 00:03:01.095 I/bt_l2cap( 1433): L2CA_ErtmConnectReq()  PSM: 0x0001  BDA: fc58fa70b27e  p_ertm_info: 0x00000000 allowed:0x0 preferred:0
01-01 00:03:01.096 I/bt_l2cap( 1433): l2c_link_adjust_allocation  num_hipri: 0  num_lowpri: 1  low_quota: 8  round_robin_quota: 0  qq: 8
01-01 00:03:01.096 I/bt_l2cap( 1433): l2c_link_adjust_allocation LCB 0   Priority: 0  XmitQuota: 8
01-01 00:03:01.096 I/bt_l2cap( 1433):         SentNotAcked: 0  RRUnacked: 0
01-01 00:03:01.096 I/bt_btm  ( 1433): BTM_InqDbRead: bd addr [fc58fa70b27e]
01-01 00:03:01.096 D/bt_btm  ( 1433): btm_find_dev_type - device_type = 1 addr_type = 0
01-01 00:03:01.096 D/bt_l2cap( 1433): l2cu_create_conn_after_switch :0 num_acl:0 no_hi: 0 is_bonding:0
01-01 00:03:01.096 I/bt_btm  ( 1433): BTM_InqDbRead: bd addr [fc58fa70b27e]
01-01 00:03:01.096 D/bt_btm  ( 1433): btm_acl_paging discing:0, paging:0 BDA: fc58fa70b27e
01-01 00:03:01.096 D/bt_btm  ( 1433): connecting_bda: 000000000000
01-01 00:03:01.096 I/bt_btm  ( 1433): btm_find_or_alloc_dev
01-01 00:03:01.096 D/bt_btm  ( 1433): btm_acl_update_busy_level
01-01 00:03:01.096 D/bt_btm  ( 1433): BTM_BLI_PAGE_EVT
01-01 00:03:01.096 D/bt_l2cap( 1433): l2cu_allocate_ccb: cid 0x0000
01-01 00:03:01.096 D/bt_l2cap( 1433): l2cu_enqueue_ccb CID: 0x0040  priority: 2
01-01 00:03:01.096 E/bt_upio ( 1433): upio_set : open(/proc/bluetooth/sleep/btwrite) for write failed: Permission denied (13)
01-01 00:03:01.096 D/A2dpStateMachine( 1433): Pending process message: 101
01-01 00:03:01.097 D/bt_l2cap( 1433): l2c_link_adjust_chnl_allocation
01-01 00:03:01.097 I/bt_l2cap( 1433): CID:0x0040 FCR Mode:0 Priority:2 TxDataRate:1 RxDataRate:1 Quota:200
01-01 00:03:01.097 D/A2dpStateMachine( 1433): Stack and target device are connecting
01-01 00:03:01.097 I/bt_l2cap( 1433): L2CAP - L2CA_conn_req(psm: 0x0001) returned CID: 0x0040
01-01 00:03:01.097 I/bt_btif ( 1433): BTA got event 0x104
01-01 00:03:01.097 I/bt_btif ( 1433): bta_dm_sm_execute event:0x4
01-01 00:03:01.097 D/bt_btif ( 1433): btif_transfer_context event 8, len 280
01-01 00:03:01.097 D/bt_btif ( 1433): btif task fetched event a001
01-01 00:03:01.097 D/bt_btif ( 1433): btif_context_switched
01-01 00:03:01.097 I/bt_btif ( 1433): btif_dm_upstreams_evt: ev: BTA_DM_BUSY_LEVEL_EVT
01-01 00:03:01.099 D/A2dpSinkService( 1433): getA2dpSinkService(): returning com.android.bluetooth.a2dpsink.A2dpSinkService@ed91c11
01-01 00:03:01.106 D/A2dpStateMachine( 1433): Connection state FC:58:FA:70:B2:7E: 0->1
01-01 00:03:01.107 D/BluetoothAdapterService( 1433): getAdapterService() - returning com.android.bluetooth.btservice.AdapterService@ca55a45
01-01 00:03:01.109 D/BluetoothAdapterService( 1433): handleMessage() - Message: 20
01-01 00:03:01.109 D/BluetoothAdapterService( 1433): handleMessage() - MESSAGE_PROFILE_CONNECTION_STATE_CHANGED
01-01 00:03:01.113 D/BluetoothAdapterProperties( 1433): CONNECTION_STATE_CHANGE: FC:58:FA:70:B2:7E: 0 -> 1
01-01 00:03:01.114 D/BluetoothMap(  619): onBluetoothStateChange: up=true
01-01 00:03:01.114 D/XBMCBroadcastReceiver( 1251): Received Intent
01-01 00:03:01.121 D/BluetoothMap( 1189): onBluetoothStateChange: up=true
01-01 00:03:01.126 D/LocalBluetoothProfileManager(  619): Current Profiles[A2DP]
01-01 00:03:01.127 D/BluetoothMap(  619): getConnectedDevices()
01-01 00:03:01.127 W/BluetoothMap(  619): Proxy not attached to service
01-01 00:03:01.127 D/BluetoothMap(  619): getConnectionState(FC:58:FA:70:B2:7E)
01-01 00:03:01.127 W/BluetoothMap(  619): Proxy not attached to service
01-01 00:03:01.127 D/MapProfile(  619): getConnectionStatus: status is: 0
01-01 00:03:01.127 D/LocalBluetoothProfileManager(  619): New Profiles[A2DP]
01-01 00:03:01.131 D/BluetoothPan( 1189): onBluetoothStateChange on: true
01-01 00:03:01.138 D/BluetoothInputDevice(  619): Proxy object connected
01-01 00:03:01.138 D/HidProfile(  619): Bluetooth service connected
01-01 00:03:01.138 D/BluetoothA2dp( 1189): onBluetoothStateChange: up=true
01-01 00:03:01.143 D/BluetoothHeadsetClient(  619): Proxy object connected
01-01 00:03:01.143 D/BluetoothA2dp(  435): onBluetoothStateChange: up=true
01-01 00:03:01.148 D/BluetoothA2dp(  619): Proxy object connected
01-01 00:03:01.149 D/BluetoothA2dp(  435): Proxy object connected
01-01 00:03:01.153 D/CachedBluetoothDevice(  619): onProfileStateChanged: profile A2DP newProfileState 1
01-01 00:03:01.157 D/BluetoothA2dpSink(  619): onBluetoothStateChange: up=true
01-01 00:03:01.164 D/BluetoothPan(  619): onBluetoothStateChange on: true
01-01 00:03:01.169 I/BluetoothFragment(  619): onConnectionStateChanged
01-01 00:03:01.169 D/BluetoothMap(  619): Proxy object connected
01-01 00:03:01.169 D/MapProfile(  619): Bluetooth service connected
01-01 00:03:01.169 D/BluetoothMap(  619): getConnectedDevices()
01-01 00:03:01.170 D/BluetoothHeadset(  435): onBluetoothStateChange: up=true
01-01 00:03:01.170 D/BluetoothManagerService(  435): Creating new ProfileServiceConnections object for profile: 1
01-01 00:03:01.170 E/BluetoothManagerService(  435): Fail to bind to: Intent { act=android.bluetooth.IBluetoothHeadset }
01-01 00:03:01.171 W/BluetoothManagerService(  435): Unable to bind with intent: Intent { act=android.bluetooth.IBluetoothHeadset }
01-01 00:03:01.158 E/art     ( 1251): No implementation found for void org.xbmc.rkmc.XBMCBroadcastReceiver._onReceive(android.content.Intent) (tried Java_org_xbmc_rkmc_XBMCBroadcastReceiver__1onReceive and Java_org_xbmc_rkmc_XBMCBroadcastReceiver__1onReceive__Landroid_content_Intent_2)
01-01 00:03:01.171 D/BluetoothPbap(  619): onBluetoothStateChange: up=true
01-01 00:03:01.171 E/XBMCBroadcastReceiver( 1251): Native not registered
01-01 00:03:01.174 D/BluetoothA2dpSink(  619): Proxy object connected
01-01 00:03:01.174 D/A2dpSinkProfile(  619): Bluetooth service connected
01-01 00:03:01.178 D/BluetoothA2dpSink( 1189): onBluetoothStateChange: up=true
01-01 00:03:01.179 D/LocalBluetoothProfileManager( 1189): Current Profiles[A2DP]
01-01 00:03:01.179 D/BluetoothMap( 1189): getConnectedDevices()
01-01 00:03:01.179 W/BluetoothMap( 1189): Proxy not attached to service
01-01 00:03:01.179 D/BluetoothMap( 1189): getConnectionState(F8:DF:15:F9:1A:A6)
01-01 00:03:01.179 W/BluetoothMap( 1189): Proxy not attached to service
01-01 00:03:01.179 D/MapProfile( 1189): getConnectionStatus: status is: 0
01-01 00:03:01.179 D/LocalBluetoothProfileManager( 1189): New Profiles[A2DP]
01-01 00:03:01.182 D/BluetoothManagerService(  435): Sending BLE State Change: TURNING_ON > ON
01-01 00:03:01.183 D/BluetoothPan(  619): BluetoothPAN Proxy object connected
01-01 00:03:01.184 D/PanProfile(  619): Bluetooth service connected
01-01 00:03:01.186 D/BluetoothMapService( 1433): onReceive
01-01 00:03:01.186 D/BluetoothMapService( 1433): onReceive: android.bluetooth.adapter.action.STATE_CHANGED
01-01 00:03:01.186 D/BluetoothMapService( 1433): STATE_ON
01-01 00:03:01.188 D/BluetoothPbapReceiver( 1433): PbapReceiver onReceive action = android.bluetooth.adapter.action.STATE_CHANGED
01-01 00:03:01.188 D/BluetoothPbapReceiver( 1433): state = 12
01-01 00:03:01.188 D/BluetoothPbapReceiver( 1433): Calling start service with action = null
01-01 00:03:01.198 I/BluetoothFragment(  619): onBluetoothStateChanged
01-01 00:03:01.199 I/BluetoothFragment(  619): onDeviceAdded
01-01 00:03:01.213 I/BluetoothFragment(  619): onDeviceAdded
01-01 00:03:01.223 D/LocalBluetoothProfileManager( 1189): Current Profiles[A2DP]
01-01 00:03:01.224 D/BluetoothMap( 1189): getConnectedDevices()
01-01 00:03:01.225 W/BluetoothMap( 1189): Proxy not attached to service
01-01 00:03:01.225 D/BluetoothMap( 1189): getConnectionState(FC:58:FA:70:B2:7E)
01-01 00:03:01.225 W/BluetoothMap( 1189): Proxy not attached to service
01-01 00:03:01.225 D/MapProfile( 1189): getConnectionStatus: status is: 0
01-01 00:03:01.225 D/LocalBluetoothProfileManager( 1189): New Profiles[A2DP]
01-01 00:03:01.225 I/BluetoothFragment(  619): onDeviceAdded
01-01 00:03:01.229 I/BluetoothFragment(  619): startScanning
