01-01 00:03:15.909 I/bt_btif ( 1433): bta_dm_search_sm_execute state:3, event:0x207
01-01 00:03:15.909 I/bt_btif ( 1433): bta_dm_disc_result
01-01 00:03:15.909 D/bt_btif ( 1433): btif_transfer_context event 2, len 428
01-01 00:03:15.909 I/bt_btif ( 1433): BTA got event 0x206
01-01 00:03:15.909 I/bt_btif ( 1433): bta_dm_search_sm_execute state:3, event:0x206
01-01 00:03:15.909 I/bt_btif ( 1433): bta_dm_search_cmpl
01-01 00:03:15.910 D/bt_btif ( 1433): btif_transfer_context event 4, len 0
01-01 00:03:15.910 D/bt_btif ( 1433): btif task fetched event a001
01-01 00:03:15.910 D/bt_btif ( 1433): btif_context_switched
01-01 00:03:15.910 I/bt_btif ( 1433): btif_dm_search_services_evt:  event = 3
01-01 00:03:15.910 D/bt_btif ( 1433): btif_dm_search_services_evt:, services 0x1116)
01-01 00:03:15.910 D/bt_btif ( 1433): btif task fetched event a001
01-01 00:03:15.910 D/bt_btif ( 1433): btif_context_switched
01-01 00:03:15.910 I/bt_btif ( 1433): btif_dm_search_services_evt:  event = 3
01-01 00:03:15.910 D/bt_btif ( 1433): btif_dm_search_services_evt:, services 0x1115)
01-01 00:03:15.910 D/bt_btif ( 1433): btif task fetched event a001
01-01 00:03:15.910 D/bt_btif ( 1433): btif_context_switched
01-01 00:03:15.910 I/bt_btif ( 1433): btif_dm_search_services_evt:  event = 3
01-01 00:03:15.910 D/bt_btif ( 1433): btif_dm_search_services_evt:, services 0x0)
01-01 00:03:15.910 D/bt_btif ( 1433): btif task fetched event a001
01-01 00:03:15.910 D/bt_btif ( 1433): btif_context_switched
01-01 00:03:15.910 I/bt_btif ( 1433): btif_dm_search_services_evt:  event = 3
01-01 00:03:15.910 D/bt_btif ( 1433): btif_dm_search_services_evt:, services 0xfe35)
01-01 00:03:15.911 D/bt_btif ( 1433): btif task fetched event a001
01-01 00:03:15.911 D/bt_btif ( 1433): btif_context_switched
01-01 00:03:15.911 I/bt_btif ( 1433): btif_dm_search_services_evt:  event = 3
01-01 00:03:15.911 D/bt_btif ( 1433): btif_dm_search_services_evt:, services 0x46a)
01-01 00:03:15.911 D/bt_btif ( 1433): btif task fetched event a001
01-01 00:03:15.911 D/bt_btif ( 1433): btif_context_switched
01-01 00:03:15.911 I/bt_btif ( 1433): btif_dm_search_services_evt:  event = 3
01-01 00:03:15.911 D/bt_btif ( 1433): btif_dm_search_services_evt:, services 0x1132)
01-01 00:03:15.911 D/bt_btif ( 1433): btif task fetched event a001
01-01 00:03:15.911 D/bt_btif ( 1433): btif_context_switched
01-01 00:03:15.911 I/bt_btif ( 1433): btif_dm_search_services_evt:  event = 3
01-01 00:03:15.911 D/bt_btif ( 1433): btif_dm_search_services_evt:, services 0x1105)
01-01 00:03:15.911 D/bt_btif ( 1433): btif task fetched event a001
01-01 00:03:15.911 D/bt_btif ( 1433): btif_context_switched
01-01 00:03:15.911 I/bt_btif ( 1433): btif_dm_search_services_evt:  event = 3
01-01 00:03:15.911 I/bt_l2cap( 1433): L2CAP - st: OPEN evt: 20
01-01 00:03:15.911 D/bt_btif ( 1433): btif_dm_search_services_evt:, services 0x112f)
01-01 00:03:15.911 D/bt_btif ( 1433): btif task fetched event a001
01-01 00:03:15.911 D/bt_btif ( 1433): btif_context_switched
01-01 00:03:15.911 I/bt_btif ( 1433): btif_dm_search_services_evt:  event = 2
01-01 00:03:15.911 D/bt_btif ( 1433): btif_dm_search_services_evt:(result=0x0, services 0x43c0c088)
01-01 00:03:15.911 I/bt_btif_dm( 1433): btif_dm_search_services_evt index:0 uuid:0000110a-0000-1000-8000-00805f9b34fb
01-01 00:03:15.912 I/bt_btif_dm( 1433): btif_dm_search_services_evt index:1 uuid:00001105-0000-1000-8000-00805f9b34fb
01-01 00:03:15.927 D/HidService( 1433): getHidService(): returning com.android.bluetooth.hid.HidService@b2c5438
01-01 00:03:15.927 D/A2dpSinkService( 1433): getA2dpSinkService(): returning com.android.bluetooth.a2dpsink.A2dpSinkService@ed91c11
01-01 00:03:15.939 D/bt_btif ( 1433): btif task fetched event a001
01-01 00:03:15.939 D/bt_btif ( 1433): btif_context_switched
01-01 00:03:15.939 I/bt_btif ( 1433): btif_dm_search_services_evt:  event = 4
01-01 00:03:15.944 D/bt_l2cap( 1433): RR scan pri=2, lcid=0x0044, q_cout=0
01-01 00:03:15.944 D/bt_l2cap( 1433): TotalWin=8,LinkUnack(0xd)=0,RRCheck=0,RRUnack=0
01-01 00:03:15.953 D/bt_l2cap( 1433): cmd_code: 6, id:8, cmd_len:4
01-01 00:03:15.953 I/bt_l2cap( 1433): L2CAP - st: OPEN evt: 17
01-01 00:03:15.953 I/bt_btm  ( 1433): BTM_SetPowerMode: pm_id 128 BDA: 9674f0c3 mode:0x0
01-01 00:03:15.953 D/bt_btm  ( 1433): BTM_SetPowerMode: mode:0x0 interval 0 max:0, min:0
01-01 00:03:15.954 I/bt_l2cap( 1433): L2CAP - Calling Disconnect_Ind_Cb(), CID: 0x0044  Conf Needed
01-01 00:03:15.954 I/bt_l2cap( 1433): L2CA_DisconnectRsp()  CID: 0x0044
01-01 00:03:15.954 I/bt_l2cap( 1433): L2CAP - st: W4_L2CA_DISC_RSP evt: 28
01-01 00:03:15.954 D/bt_l2cap( 1433): TotalWin=7,Hndl=0xd,Quota=8,Unack=1,RRQuota=0,RRUnack=0
01-01 00:03:15.954 D/bt_l2cap( 1433): RR scan pri=2, lcid=0x0044, q_cout=0
01-01 00:03:15.954 D/bt_l2cap( 1433): l2cu_release_ccb: cid 0x0044  in_use: 1
01-01 00:03:15.954 E/bt_upio ( 1433): upio_set : open(/proc/bluetooth/sleep/btwrite) for write failed: Permission denied (13)
01-01 00:03:15.954 D/bt_l2cap( 1433): l2cu_dequeue_ccb  CID: 0x0044
01-01 00:03:15.954 D/bt_l2cap( 1433): l2cu_no_dynamic_ccbs starting IDLE timeout: 55 ms
01-01 00:03:15.954 I/bt_sdp  ( 1433): SDP - Rcvd L2CAP disc, CID: 0x44
01-01 00:03:15.954 D/bt_sdp  ( 1433): releasing SDP rsp_list
01-01 00:03:15.972 D/bt_l2cap( 1433): cmd_code: 2, id:9, cmd_len:4
01-01 00:03:15.972 D/bt_l2cap( 1433): l2cu_allocate_ccb: cid 0x0000
01-01 00:03:15.972 D/bt_l2cap( 1433): l2cu_enqueue_ccb CID: 0x0045  priority: 2
01-01 00:03:15.972 D/bt_l2cap( 1433): l2c_link_adjust_chnl_allocation
01-01 00:03:15.972 I/bt_l2cap( 1433): CID:0x0045 FCR Mode:0 Priority:2 TxDataRate:1 RxDataRate:1 Quota:200
01-01 00:03:15.972 I/bt_l2cap( 1433): L2CAP - st: CLOSED evt: 10
01-01 00:03:15.972 I/bt_btm  ( 1433): BTM_SetPowerMode: pm_id 128 BDA: 9674f0c3 mode:0x0
01-01 00:03:15.972 D/bt_btm  ( 1433): BTM_SetPowerMode: mode:0x0 interval 0 max:0, min:0
01-01 00:03:15.972 D/bt_btm  ( 1433): btm_sec_l2cap_access_req() is_originator:0, 0x97da8918
01-01 00:03:15.972 I/bt_btm  ( 1433): btm_find_or_alloc_dev
01-01 00:03:15.972 D/bt_btm  ( 1433): btm_sec_is_serv_level0: PSM: 0x0001 -> mode 4 level 0 service
01-01 00:03:15.972 D/bt_l2cap( 1433): l2c_link_sec_comp: 17, 0x97da8918
01-01 00:03:15.972 I/bt_l2cap( 1433): L2CAP - st: TERM_W4_SEC_COMP evt: 7
01-01 00:03:15.972 I/bt_l2cap( 1433): L2CAP - Calling Connect_Ind_Cb(), CID: 0x0045
01-01 00:03:15.972 I/bt_l2cap( 1433): L2CA_ErtmConnectRsp()  CID: 0x0045  Result: 0  Status: 0  BDA: 30749674f0c3  p_ertm_info:0x00000000
01-01 00:03:15.972 I/bt_l2cap( 1433): L2CAP - st: W4_L2CA_CON_RSP evt: 22
01-01 00:03:15.972 D/bt_l2cap( 1433): TotalWin=6,Hndl=0xd,Quota=8,Unack=2,RRQuota=0,RRUnack=0
01-01 00:03:15.972 D/bt_l2cap( 1433): RR scan pri=2, lcid=0x0045, q_cout=0
01-01 00:03:15.972 I/bt_l2cap( 1433): L2CA_ConfigReq()  CID 0x0045: fcr_present:0 (mode 0) mtu_present:1 (672)
01-01 00:03:15.973 I/bt_l2cap( 1433): L2CAP - st: CONFIG evt: 24
01-01 00:03:15.973 D/bt_l2cap( 1433): TotalWin=5,Hndl=0xd,Quota=8,Unack=3,RRQuota=0,RRUnack=0
01-01 00:03:15.973 E/bt_upio ( 1433): upio_set : open(/proc/bluetooth/sleep/btwrite) for write failed: Permission denied (13)
01-01 00:03:15.973 D/bt_l2cap( 1433): RR scan pri=2, lcid=0x0045, q_cout=0
01-01 00:03:15.973 I/bt_sdp  ( 1433): SDP - Rcvd L2CAP conn ind, sent config req, CID 0x45
01-01 00:03:15.974 E/bt_upio ( 1433): upio_set : open(/proc/bluetooth/sleep/btwrite) for write failed: Permission denied (13)
01-01 00:03:15.979 D/bt_l2cap( 1433): RR scan pri=2, lcid=0x0045, q_cout=0
01-01 00:03:15.979 D/bt_l2cap( 1433): TotalWin=7,LinkUnack(0xd)=1,RRCheck=0,RRUnack=0
01-01 00:03:15.986 D/bt_l2cap( 1433): cmd_code: 4, id:10, cmd_len:8
01-01 00:03:15.986 I/bt_l2cap( 1433): L2CAP - st: CONFIG evt: 14
01-01 00:03:15.986 I/bt_l2cap( 1433): l2c_fcr_process_peer_cfg_req() CFG fcr_present:0 fcr.mode:0 CCB FCR mode:0 preferred: 0 allowed:1
01-01 00:03:15.986 D/bt_btm  ( 1433): btm_bda_to_acl found
01-01 00:03:15.986 D/bt_btm  ( 1433): btm_get_max_packet_size
01-01 00:03:15.986 D/bt_l2cap( 1433): l2cu_adjust_out_mps use 0   Based on peer_cfg.fcr.mps: 0  packet_size: 1011
01-01 00:03:15.986 I/bt_l2cap( 1433): L2CAP - Calling Config_Req_Cb(), CID: 0x0045, C-bit 0
01-01 00:03:15.986 I/bt_l2cap( 1433): L2CA_ConfigRsp()  CID: 0x0045  Result: 0 MTU present:0 Flush TO:0 FCR:0 FCS:0
01-01 00:03:15.986 I/bt_l2cap( 1433): L2CAP - st: CONFIG evt: 25
01-01 00:03:15.987 D/bt_l2cap( 1433): TotalWin=6,Hndl=0xd,Quota=8,Unack=2,RRQuota=0,RRUnack=0
01-01 00:03:15.987 D/bt_l2cap( 1433): RR scan pri=2, lcid=0x0045, q_cout=0
01-01 00:03:15.987 I/bt_sdp  ( 1433): SDP - Rcvd cfg ind, sent cfg cfm, CID: 0x45
01-01 00:03:15.987 D/bt_l2cap( 1433): cmd_code: 5, id:11, cmd_len:6
01-01 00:03:15.987 I/bt_l2cap( 1433): L2CAP - st: CONFIG evt: 15
01-01 00:03:15.987 D/bt_l2cap( 1433): l2c_link_adjust_chnl_allocation
01-01 00:03:15.987 I/bt_l2cap( 1433): CID:0x0045 FCR Mode:0 Priority:2 TxDataRate:1 RxDataRate:1 Quota:200
01-01 00:03:15.988 E/bt_upio ( 1433): upio_set : open(/proc/bluetooth/sleep/btwrite) for write failed: Permission denied (13)
01-01 00:03:15.988 I/bt_l2cap( 1433): L2CAP - Calling Config_Rsp_Cb(), CID: 0x0045
01-01 00:03:15.988 I/bt_sdp  ( 1433): SDP - Rcvd cfg cfm, CID: 0x45  Result: 0
01-01 00:03:15.993 D/bt_l2cap( 1433): RR scan pri=2, lcid=0x0045, q_cout=0
01-01 00:03:15.993 D/bt_l2cap( 1433): TotalWin=8,LinkUnack(0xd)=0,RRCheck=0,RRUnack=0
01-01 00:03:15.997 I/bt_l2cap( 1433): L2CAP - st: OPEN evt: 20
01-01 00:03:16.002 I/bt_l2cap( 1433): L2CA_DataWrite()  CID: 0x0045  Len: 666
01-01 00:03:16.002 I/bt_l2cap( 1433): L2CAP - st: OPEN evt: 30
01-01 00:03:16.002 D/bt_l2cap( 1433): RR scan pri=2, lcid=0x0045, q_cout=1
01-01 00:03:16.003 D/bt_l2cap( 1433): RR service pri=2, quota=4, lcid=0x0045
01-01 00:03:16.003 D/bt_l2cap( 1433): TotalWin=7,Hndl=0xd,Quota=8,Unack=1,RRQuota=0,RRUnack=0
01-01 00:03:16.003 D/bt_l2cap( 1433): RR scan pri=2, lcid=0x0045, q_cout=0
01-01 00:03:16.003 E/bt_upio ( 1433): upio_set : open(/proc/bluetooth/sleep/btwrite) for write failed: Permission denied (13)
01-01 00:03:16.026 I/bt_l2cap( 1433): L2CAP - st: OPEN evt: 20
01-01 00:03:16.027 E/bt_sdp  ( 1433): sdpu_build_partial_attrib_entry len 656 exceeds SDP_MAX_ATTR_LEN
01-01 00:03:16.027 I/bt_l2cap( 1433): L2CA_DataWrite()  CID: 0x0045  Len: 341
01-01 00:03:16.027 I/bt_l2cap( 1433): L2CAP - st: OPEN evt: 30
01-01 00:03:16.027 D/bt_l2cap( 1433): RR scan pri=2, lcid=0x0045, q_cout=1
01-01 00:03:16.027 D/bt_l2cap( 1433): RR service pri=2, quota=4, lcid=0x0045
01-01 00:03:16.027 D/bt_l2cap( 1433): TotalWin=6,Hndl=0xd,Quota=8,Unack=2,RRQuota=0,RRUnack=0
01-01 00:03:16.027 D/bt_l2cap( 1433): RR scan pri=2, lcid=0x0045, q_cout=0
01-01 00:03:16.027 E/bt_upio ( 1433): upio_set : open(/proc/bluetooth/sleep/btwrite) for write failed: Permission denied (13)
01-01 00:03:16.040 D/bt_l2cap( 1433): RR scan pri=2, lcid=0x0045, q_cout=0
01-01 00:03:16.040 D/bt_l2cap( 1433): TotalWin=8,LinkUnack(0xd)=0,RRCheck=0,RRUnack=0
01-01 00:03:16.047 D/bt_l2cap( 1433): cmd_code: 6, id:11, cmd_len:4
01-01 00:03:16.047 I/bt_l2cap( 1433): L2CAP - st: OPEN evt: 17
01-01 00:03:16.047 I/bt_btm  ( 1433): BTM_SetPowerMode: pm_id 128 BDA: 9674f0c3 mode:0x0
01-01 00:03:16.047 D/bt_btm  ( 1433): BTM_SetPowerMode: mode:0x0 interval 0 max:0, min:0
01-01 00:03:16.047 I/bt_l2cap( 1433): L2CAP - Calling Disconnect_Ind_Cb(), CID: 0x0045  Conf Needed
01-01 00:03:16.047 I/bt_l2cap( 1433): L2CA_DisconnectRsp()  CID: 0x0045
01-01 00:03:16.047 I/bt_l2cap( 1433): L2CAP - st: W4_L2CA_DISC_RSP evt: 28
01-01 00:03:16.048 D/bt_l2cap( 1433): TotalWin=7,Hndl=0xd,Quota=8,Unack=1,RRQuota=0,RRUnack=0
01-01 00:03:16.048 D/bt_l2cap( 1433): RR scan pri=2, lcid=0x0045, q_cout=0
01-01 00:03:16.048 D/bt_l2cap( 1433): l2cu_release_ccb: cid 0x0045  in_use: 1
01-01 00:03:16.048 D/bt_l2cap( 1433): l2cu_dequeue_ccb  CID: 0x0045
01-01 00:03:16.049 D/bt_l2cap( 1433): l2cu_no_dynamic_ccbs starting IDLE timeout: 55 ms
01-01 00:03:16.050 I/bt_sdp  ( 1433): SDP - Rcvd L2CAP disc, CID: 0x45
01-01 00:03:16.050 D/bt_sdp  ( 1433): releasing SDP rsp_list
01-01 00:03:16.050 D/LocalBluetoothProfileManager(  619): Current Profiles[]
01-01 00:03:16.050 D/BluetoothMap(  619): getConnectedDevices()
01-01 00:03:16.053 E/bt_upio ( 1433): upio_set : open(/proc/bluetooth/sleep/btwrite) for write failed: Permission denied (13)
01-01 00:03:16.055 D/BluetoothMap(  619): getConnectionState(30:74:96:74:F0:C3)
01-01 00:03:16.057 D/LocalBluetoothProfileManager( 1189): Current Profiles[]
01-01 00:03:16.057 D/BluetoothMap( 1189): getConnectedDevices()
01-01 00:03:16.060 D/MapProfile(  619): getConnectionStatus: status is: 0
01-01 00:03:16.060 D/LocalBluetoothProfileManager(  619): New Profiles[HEADSET_CLIENT, A2DPSink, PAN]
01-01 00:03:16.064 D/BluetoothMap( 1189): getConnectionState(30:74:96:74:F0:C3)
01-01 00:03:16.086 D/LocalBluetoothManager(  619): setting foreground activity to non-null context
01-01 00:03:16.086 D/MapProfile( 1189): getConnectionStatus: status is: 0
01-01 00:03:16.089 D/LocalBluetoothProfileManager( 1189): New Profiles[HEADSET_CLIENT, A2DPSink, PAN]
01-01 00:03:16.100 I/BluetoothFragment(  619): onDeviceAdded
01-01 00:03:16.124 I/BluetoothFragment(  619): onDeviceAdded
01-01 00:03:16.142 I/BluetoothFragment(  619): onDeviceAdded
01-01 00:03:16.148 I/BluetoothFragment(  619): onDeviceAdded
01-01 00:03:16.151 I/BluetoothFragment(  619): onDeviceAdded
01-01 00:03:16.154 I/BluetoothFragment(  619): onDeviceAdded
01-01 00:03:16.157 I/BluetoothFragment(  619): onDeviceAdded
01-01 00:03:16.184 I/BluetoothFragment(  619): onDeviceAdded
01-01 00:03:16.187 I/BluetoothFragment(  619): onDeviceAdded
01-01 00:03:16.187 I/BluetoothFragment(  619): onDeviceAdded
01-01 00:03:16.187 I/BluetoothFragment(  619): onDeviceAdded
01-01 00:03:16.199 I/BluetoothFragment(  619): onDeviceAdded
01-01 00:03:16.210 I/BluetoothFragment(  619): onDeviceAdded
01-01 00:03:16.219 D/bt_l2cap( 1433): TotalWin=8,LinkUnack(0xd)=0,RRCheck=0,RRUnack=0
01-01 00:03:16.226 I/BluetoothFragment(  619): onDeviceAdded
01-01 00:03:16.243 I/BluetoothFragment(  619): onDeviceAdded
01-01 00:03:16.243 I/BluetoothFragment(  619): onDeviceAdded
01-01 00:03:16.276 W/InputMethodManagerService(  435): Window already focused, ignoring focus gain of: com.android.internal.view.IInputMethodClient$Stub$Proxy@453ba6c attribute=null, token = android.os.BinderProxy@5be1397
01-01 00:03:16.289 D/OpenGLRenderer(  619): endAllActiveAnimators on 0x9518ad80 (RippleDrawable) with handle 0x94f24980
01-01 00:03:16.289 D/OpenGLRenderer(  619): endAllActiveAnimators on 0x9518aa00 (RippleDrawable) with handle 0x94f24a40
01-01 00:03:16.429 D/bt_l2cap( 1433): cmd_code: 2, id:12, cmd_len:4
01-01 00:03:16.429 D/bt_l2cap( 1433): l2cu_allocate_ccb: cid 0x0000
01-01 00:03:16.429 D/bt_l2cap( 1433): l2cu_enqueue_ccb CID: 0x0046  priority: 2
01-01 00:03:16.429 D/bt_l2cap( 1433): l2c_link_adjust_chnl_allocation
01-01 00:03:16.429 I/bt_l2cap( 1433): CID:0x0046 FCR Mode:0 Priority:2 TxDataRate:1 RxDataRate:1 Quota:200
01-01 00:03:16.429 I/bt_l2cap( 1433): L2CAP - st: CLOSED evt: 10
01-01 00:03:16.429 I/bt_btm  ( 1433): BTM_SetPowerMode: pm_id 128 BDA: 9674f0c3 mode:0x0
01-01 00:03:16.429 D/bt_btm  ( 1433): BTM_SetPowerMode: mode:0x0 interval 0 max:0, min:0
01-01 00:03:16.429 D/bt_btm  ( 1433): btm_sec_l2cap_access_req() is_originator:0, 0x97da8a3c
01-01 00:03:16.429 I/bt_btm  ( 1433): btm_find_or_alloc_dev
01-01 00:03:16.429 D/bt_btm  ( 1433): btm_sec_is_serv_level0: PSM: 0x0001 -> mode 4 level 0 service
01-01 00:03:16.430 D/bt_l2cap( 1433): l2c_link_sec_comp: 17, 0x97da8a3c
01-01 00:03:16.430 I/bt_l2cap( 1433): L2CAP - st: TERM_W4_SEC_COMP evt: 7
01-01 00:03:16.430 I/bt_l2cap( 1433): L2CAP - Calling Connect_Ind_Cb(), CID: 0x0046
01-01 00:03:16.430 I/bt_l2cap( 1433): L2CA_ErtmConnectRsp()  CID: 0x0046  Result: 0  Status: 0  BDA: 30749674f0c3  p_ertm_info:0x00000000
01-01 00:03:16.430 I/bt_l2cap( 1433): L2CAP - st: W4_L2CA_CON_RSP evt: 22
01-01 00:03:16.430 D/bt_l2cap( 1433): TotalWin=7,Hndl=0xd,Quota=8,Unack=1,RRQuota=0,RRUnack=0
01-01 00:03:16.430 D/bt_l2cap( 1433): RR scan pri=2, lcid=0x0046, q_cout=0
01-01 00:03:16.430 I/bt_l2cap( 1433): L2CA_ConfigReq()  CID 0x0046: fcr_present:0 (mode 0) mtu_present:1 (672)
01-01 00:03:16.430 I/bt_l2cap( 1433): L2CAP - st: CONFIG evt: 24
01-01 00:03:16.431 D/bt_l2cap( 1433): TotalWin=6,Hndl=0xd,Quota=8,Unack=2,RRQuota=0,RRUnack=0
01-01 00:03:16.431 D/bt_l2cap( 1433): RR scan pri=2, lcid=0x0046, q_cout=0
01-01 00:03:16.431 I/bt_sdp  ( 1433): SDP - Rcvd L2CAP conn ind, sent config req, CID 0x46
01-01 00:03:16.431 E/bt_upio ( 1433): upio_set : open(/proc/bluetooth/sleep/btwrite) for write failed: Permission denied (13)
01-01 00:03:16.433 E/bt_upio ( 1433): upio_set : open(/proc/bluetooth/sleep/btwrite) for write failed: Permission denied (13)
01-01 00:03:16.445 D/bt_l2cap( 1433): RR scan pri=2, lcid=0x0046, q_cout=0
01-01 00:03:16.445 D/bt_l2cap( 1433): TotalWin=8,LinkUnack(0xd)=0,RRCheck=0,RRUnack=0
01-01 00:03:16.447 D/bt_l2cap( 1433): cmd_code: 4, id:13, cmd_len:8
01-01 00:03:16.447 I/bt_l2cap( 1433): L2CAP - st: CONFIG evt: 14
01-01 00:03:16.447 I/bt_l2cap( 1433): l2c_fcr_process_peer_cfg_req() CFG fcr_present:0 fcr.mode:0 CCB FCR mode:0 preferred: 0 allowed:1
01-01 00:03:16.447 D/bt_btm  ( 1433): btm_bda_to_acl found
01-01 00:03:16.447 D/bt_btm  ( 1433): btm_get_max_packet_size
01-01 00:03:16.447 D/bt_l2cap( 1433): l2cu_adjust_out_mps use 0   Based on peer_cfg.fcr.mps: 0  packet_size: 1011
01-01 00:03:16.447 I/bt_l2cap( 1433): L2CAP - Calling Config_Req_Cb(), CID: 0x0046, C-bit 0
01-01 00:03:16.447 I/bt_l2cap( 1433): L2CA_ConfigRsp()  CID: 0x0046  Result: 0 MTU present:0 Flush TO:0 FCR:0 FCS:0
01-01 00:03:16.447 I/bt_l2cap( 1433): L2CAP - st: CONFIG evt: 25
01-01 00:03:16.448 D/bt_l2cap( 1433): TotalWin=7,Hndl=0xd,Quota=8,Unack=1,RRQuota=0,RRUnack=0
01-01 00:03:16.448 D/bt_l2cap( 1433): RR scan pri=2, lcid=0x0046, q_cout=0
01-01 00:03:16.448 I/bt_sdp  ( 1433): SDP - Rcvd cfg ind, sent cfg cfm, CID: 0x46
01-01 00:03:16.450 D/bt_l2cap( 1433): cmd_code: 5, id:12, cmd_len:6
01-01 00:03:16.450 I/bt_l2cap( 1433): L2CAP - st: CONFIG evt: 15
01-01 00:03:16.451 D/bt_l2cap( 1433): l2c_link_adjust_chnl_allocation
01-01 00:03:16.451 I/bt_l2cap( 1433): CID:0x0046 FCR Mode:0 Priority:2 TxDataRate:1 RxDataRate:1 Quota:200
01-01 00:03:16.451 I/bt_l2cap( 1433): L2CAP - Calling Config_Rsp_Cb(), CID: 0x0046
01-01 00:03:16.451 I/bt_sdp  ( 1433): SDP - Rcvd cfg cfm, CID: 0x46  Result: 0
01-01 00:03:16.451 E/bt_upio ( 1433): upio_set : open(/proc/bluetooth/sleep/btwrite) for write failed: Permission denied (13)
01-01 00:03:16.462 I/bt_l2cap( 1433): L2CAP - st: OPEN evt: 20
01-01 00:03:16.462 I/bt_l2cap( 1433): L2CA_DataWrite()  CID: 0x0046  Len: 60
01-01 00:03:16.462 I/bt_l2cap( 1433): L2CAP - st: OPEN evt: 30
01-01 00:03:16.463 D/bt_l2cap( 1433): RR scan pri=2, lcid=0x0046, q_cout=1
01-01 00:03:16.463 D/bt_l2cap( 1433): RR service pri=2, quota=4, lcid=0x0046
01-01 00:03:16.463 D/bt_l2cap( 1433): TotalWin=6,Hndl=0xd,Quota=8,Unack=2,RRQuota=0,RRUnack=0
01-01 00:03:16.463 D/bt_l2cap( 1433): RR scan pri=2, lcid=0x0046, q_cout=0
01-01 00:03:16.463 E/bt_upio ( 1433): upio_set : open(/proc/bluetooth/sleep/btwrite) for write failed: Permission denied (13)
01-01 00:03:16.533 D/bt_l2cap( 1433): RR scan pri=2, lcid=0x0046, q_cout=0
01-01 00:03:16.533 D/bt_l2cap( 1433): TotalWin=8,LinkUnack(0xd)=0,RRCheck=0,RRUnack=0
01-01 00:03:16.535 D/bt_l2cap( 1433): cmd_code: 6, id:14, cmd_len:4
01-01 00:03:16.535 I/bt_l2cap( 1433): L2CAP - st: OPEN evt: 17
01-01 00:03:16.535 I/bt_btm  ( 1433): BTM_SetPowerMode: pm_id 128 BDA: 9674f0c3 mode:0x0
01-01 00:03:16.536 D/bt_btm  ( 1433): BTM_SetPowerMode: mode:0x0 interval 0 max:0, min:0
01-01 00:03:16.536 I/bt_l2cap( 1433): L2CAP - Calling Disconnect_Ind_Cb(), CID: 0x0046  Conf Needed
01-01 00:03:16.536 I/bt_l2cap( 1433): L2CA_DisconnectRsp()  CID: 0x0046
01-01 00:03:16.536 I/bt_l2cap( 1433): L2CAP - st: W4_L2CA_DISC_RSP evt: 28
01-01 00:03:16.536 D/bt_l2cap( 1433): TotalWin=7,Hndl=0xd,Quota=8,Unack=1,RRQuota=0,RRUnack=0
01-01 00:03:16.536 D/bt_l2cap( 1433): RR scan pri=2, lcid=0x0046, q_cout=0
01-01 00:03:16.536 D/bt_l2cap( 1433): l2cu_release_ccb: cid 0x0046  in_use: 1
01-01 00:03:16.536 E/bt_upio ( 1433): upio_set : open(/proc/bluetooth/sleep/btwrite) for write failed: Permission denied (13)
01-01 00:03:16.536 D/bt_l2cap( 1433): l2cu_dequeue_ccb  CID: 0x0046
01-01 00:03:16.537 D/bt_l2cap( 1433): l2cu_no_dynamic_ccbs starting IDLE timeout: 55 ms
01-01 00:03:16.537 I/bt_sdp  ( 1433): SDP - Rcvd L2CAP disc, CID: 0x46
01-01 00:03:16.537 D/bt_sdp  ( 1433): releasing SDP rsp_list
01-01 00:03:16.563 D/bt_btm  ( 1433): btm_acl_encrypt_change handle=13 status=0 encr_enabl=2
01-01 00:03:16.563 D/bt_btm  ( 1433): btm_handle_to_acl_index
01-01 00:03:16.563 D/bt_btm  ( 1433): btm_handle_to_acl_index
01-01 00:03:16.563 I/bt_btm  ( 1433): Security Manager: encrypt_change status:0 State:0, encr_enable = 2
01-01 00:03:16.563 D/bt_btm  ( 1433): before update p_dev_rec->sec_flags=0x40ba
01-01 00:03:16.563 D/bt_btm  ( 1433): after update p_dev_rec->sec_flags=0x40be
01-01 00:03:16.563 D/bt_btm  ( 1433): in btm_sec_encrypt_change new_encr_key_256 is 1
01-01 00:03:16.563 D/bt_btm  ( 1433): btm_sec_use_smp_br_chnl() link_key_type = 0x8
01-01 00:03:16.563 I/bt_l2cap( 1433): L2CA_GetPeerFeatures() BDA: 30749674f0c3  ExtFea: 0x000000b8  Chnl_Mask[0]: 0x82
01-01 00:03:16.563 D/bt_btm  ( 1433): btm_bda_to_acl found
01-01 00:03:16.564 D/bt_btm  ( 1433): btm_sec_encrypt_change start SM over BR/EDR
01-01 00:03:16.564 I/bt_smp  ( 1433): SMP_BR_PairWith state=0 br_state=0 flag=0x0 
01-01 00:03:16.564 I/bt_l2cap( 1433): L2CA_ConnectFixedChnl() CID: 0x0007  BDA: 30749674f0c3
01-01 00:03:16.564 D/bt_l2cap( 1433): l2cu_allocate_ccb: cid 0x0000
01-01 00:03:16.564 D/bt_l2cap( 1433): l2c_link_adjust_chnl_allocation
01-01 00:03:16.564 I/bt_l2cap( 1433): CID:0x0047 FCR Mode:0 Priority:2 TxDataRate:1 RxDataRate:1 Quota:200
01-01 00:03:16.564 I/bt_smp  ( 1433): smp_br_connect_callback
01-01 00:03:16.564 I/bt_smp  ( 1433): smp_br_connect_callback for pairing BDA: 30749674f0c3  Event: connected
01-01 00:03:16.564 I/bt_smp  ( 1433): main smp_br_state_machine_event
01-01 00:03:16.565 D/bt_smp  ( 1433): SMP Role: Master State: [SMP_BR_STATE_IDLE (0)], Event: [BR_L2CAP_CONN_EVT (17)]
01-01 00:03:16.565 D/bt_smp  ( 1433): BR_State change: SMP_BR_STATE_IDLE(0) ==> SMP_BR_STATE_WAIT_APP_RSP(1)
01-01 00:03:16.565 D/bt_smp  ( 1433): smp_send_app_cback p_cb->cb_evt=12
01-01 00:03:16.565 D/bt_btm  ( 1433): btm_proc_smp_cback event = 12
01-01 00:03:16.565 D/bt_btm  ( 1433): btm_ble_br_keys_req
01-01 00:03:16.565 D/bt_btif ( 1433): btif_dm_get_smp_config: SMP options not found in configuration
01-01 00:03:16.565 D/bt_btif ( 1433): btif_dm_set_oob_for_le_io_req *p_has_oob_data=0
01-01 00:03:16.565 I/bt_btif ( 1433): io mitm: 13 oob_data:0
01-01 00:03:16.565 D/bt_smp  ( 1433): callback_rc=0  p_cb->cb_evt=12
01-01 00:03:16.565 W/bt_smp  ( 1433): for SMP over BR max_key_size: 0x10,                        local_i_key: 0x07, local_r_key: 0x07
01-01 00:03:16.565 I/bt_smp  ( 1433): main smp_br_state_machine_event
01-01 00:03:16.565 D/bt_smp  ( 1433): SMP Role: Master State: [SMP_BR_STATE_WAIT_APP_RSP (1)], Event: [BR_KEYS_RSP_EVT (19)]
01-01 00:03:16.565 D/bt_smp  ( 1433): BR_State change: SMP_BR_STATE_WAIT_APP_RSP(1) ==> SMP_BR_STATE_PAIR_REQ_RSP(2)
01-01 00:03:16.565 D/bt_smp  ( 1433): smp_send_pair_req
01-01 00:03:16.565 D/bt_btm  ( 1433): btm_sec_clear_ble_keys() Clearing BLE Keys
01-01 00:03:16.565 I/bt_smp  ( 1433): smp_send_cmd on l2cap cmd_code=0x1
01-01 00:03:16.565 I/bt_smp  ( 1433): smp_build_pairing_cmd
01-01 00:03:16.565 I/bt_smp  ( 1433): smp_send_msg_to_L2CAP
01-01 00:03:16.565 I/bt_l2cap( 1433): L2CA_SendFixedChnlData()  CID: 0x0007  BDA: 30749674f0c3
01-01 00:03:16.566 D/bt_l2cap( 1433): TotalWin=6,Hndl=0xd,Quota=8,Unack=2,RRQuota=0,RRUnack=0
01-01 00:03:16.566 D/bt_l2cap( 1433): l2cu_no_dynamic_ccbs starting IDLE timeout: 55 ms
01-01 00:03:16.566 D/bt_smp  ( 1433): result state = SMP_BR_STATE_PAIR_REQ_RSP
01-01 00:03:16.566 D/bt_smp  ( 1433): smp_send_app_cback return
01-01 00:03:16.566 D/bt_smp  ( 1433): result state = SMP_BR_STATE_PAIR_REQ_RSP
01-01 00:03:16.566 E/bt_upio ( 1433): upio_set : open(/proc/bluetooth/sleep/btwrite) for write failed: Permission denied (13)
01-01 00:03:16.569 D/bt_l2cap( 1433): cmd_code: 2, id:15, cmd_len:4
01-01 00:03:16.569 D/bt_l2cap( 1433): l2cu_allocate_ccb: cid 0x0000
01-01 00:03:16.569 D/bt_l2cap( 1433): l2cu_enqueue_ccb CID: 0x0048  priority: 2
01-01 00:03:16.569 D/bt_l2cap( 1433): l2c_link_adjust_chnl_allocation
01-01 00:03:16.569 I/bt_l2cap( 1433): CID:0x0007 FCR Mode:0 Priority:2 TxDataRate:1 RxDataRate:1 Quota:200
01-01 00:03:16.569 I/bt_l2cap( 1433): CID:0x0048 FCR Mode:0 Priority:2 TxDataRate:1 RxDataRate:1 Quota:200
01-01 00:03:16.569 I/bt_l2cap( 1433): L2CAP - st: CLOSED evt: 10
01-01 00:03:16.570 I/bt_btm  ( 1433): BTM_SetPowerMode: pm_id 128 BDA: 9674f0c3 mode:0x0
01-01 00:03:16.570 D/bt_btm  ( 1433): BTM_SetPowerMode: mode:0x0 interval 0 max:0, min:0
01-01 00:03:16.570 D/bt_btm  ( 1433): btm_sec_l2cap_access_req() is_originator:0, 0x97da8c84
01-01 00:03:16.570 I/bt_btm  ( 1433): btm_find_or_alloc_dev
01-01 00:03:16.570 D/bt_btm  ( 1433): btm_sec_l2cap_access_req: security_required 0x0080, is_originator 0x00, psm  0x0003
01-01 00:03:16.570 D/bt_btm  ( 1433): btm_sec_l2cap_access_req()  sm4:0x11, sec_flags:0x40be, security_required:0x86 chk:1
01-01 00:03:16.570 D/bt_btm  ( 1433): no next_serv sm4:0x11, chk:1
01-01 00:03:16.570 D/bt_btm  ( 1433): (SM4 to SM4) btm_sec_l2cap_access_req rspd. authenticated: x2, enc: x4
01-01 00:03:16.570 D/bt_btm  ( 1433): btm_sec_check_upgrade()
01-01 00:03:16.570 D/bt_btm  ( 1433): btm_sec_is_upgrade_possible() id: 42, link_key_typet: 8, rmt_io_caps: 1, chk flags: 0x1000, flags: 0x80
01-01 00:03:16.570 D/bt_btm  ( 1433): btm_sec_is_upgrade_possible() is_possible: 0 sec_flags: 0x40be
01-01 00:03:16.570 I/bt_btm  ( 1433): btm_sec_l2cap_access_req() PSM:3 Handle:13 State:0 Flags: 0x40be Required: 0x86 Service ID:42
01-01 00:03:16.570 I/bt_btm  ( 1433): btm_sec_execute_procedure: Required:0x86 Flags:0x40be State:0
01-01 00:03:16.570 I/bt_btm  ( 1433): Security Manager: trusted:0x00000000
01-01 00:03:16.570 I/bt_btm  ( 1433): Security Manager: access granted
01-01 00:03:16.570 D/bt_l2cap( 1433): l2c_link_sec_comp: 0, 0x97da8c84
01-01 00:03:16.570 I/bt_l2cap( 1433): L2CAP - st: TERM_W4_SEC_COMP evt: 7
01-01 00:03:16.570 I/bt_l2cap( 1433): L2CAP - Calling Connect_Ind_Cb(), CID: 0x0048
01-01 00:03:16.570 D/bt_rfcomm( 1433): rfc_alloc_multiplexer_channel: bd_addr:30:74:96:74:f0:c3
01-01 00:03:16.570 D/bt_rfcomm( 1433): rfc_alloc_multiplexer_channel:is_initiator:0
01-01 00:03:16.570 D/bt_rfcomm( 1433): rfc_alloc_multiplexer_channel rfc_cb.port.rfc_mcb[0].state:0
01-01 00:03:16.570 D/bt_rfcomm( 1433): (rfc_cb.port.rfc_mcb[i].bd_addr:00:00:00:00:00:00
01-01 00:03:16.570 D/bt_rfcomm( 1433): rfc_alloc_multiplexer_channel rfc_cb.port.rfc_mcb[1].state:0
01-01 00:03:16.570 D/bt_rfcomm( 1433): (rfc_cb.port.rfc_mcb[i].bd_addr:00:00:00:00:00:00
01-01 00:03:16.570 D/bt_rfcomm( 1433): rfc_alloc_multiplexer_channel rfc_cb.port.rfc_mcb[2].state:0
01-01 00:03:16.570 D/bt_rfcomm( 1433): (rfc_cb.port.rfc_mcb[i].bd_addr:00:00:00:00:00:00
01-01 00:03:16.570 D/bt_rfcomm( 1433): rfc_alloc_multiplexer_channel rfc_cb.port.rfc_mcb[3].state:0
01-01 00:03:16.570 D/bt_rfcomm( 1433): (rfc_cb.port.rfc_mcb[i].bd_addr:00:00:00:00:00:00
01-01 00:03:16.571 D/bt_rfcomm( 1433): rfc_alloc_multiplexer_channel rfc_cb.port.rfc_mcb[4].state:0
01-01 00:03:16.571 D/bt_rfcomm( 1433): (rfc_cb.port.rfc_mcb[i].bd_addr:00:00:00:00:00:00
01-01 00:03:16.571 D/bt_rfcomm( 1433): rfc_alloc_multiplexer_channel rfc_cb.port.rfc_mcb[5].state:0
01-01 00:03:16.571 D/bt_rfcomm( 1433): (rfc_cb.port.rfc_mcb[i].bd_addr:00:00:00:00:00:00
01-01 00:03:16.571 D/bt_rfcomm( 1433): rfc_alloc_multiplexer_channel rfc_cb.port.rfc_mcb[6].state:0
01-01 00:03:16.571 D/bt_rfcomm( 1433): (rfc_cb.port.rfc_mcb[i].bd_addr:00:00:00:00:00:00
01-01 00:03:16.571 D/bt_rfcomm( 1433): rfc_alloc_multiplexer_channel:is_initiator:0, create new p_mcb:0x97db1f28, index:0
01-01 00:03:16.571 I/bt_rfcomm( 1433): rfc_timer_start - timeout:60 seconds
01-01 00:03:16.571 I/bt_rfcomm( 1433): rfc_mx_sm_state_idle - evt:10
01-01 00:03:16.571 I/bt_rfcomm( 1433): rfc_timer_start - timeout:120 seconds
01-01 00:03:16.571 I/bt_l2cap( 1433): L2CA_ErtmConnectRsp()  CID: 0x0048  Result: 0  Status: 0  BDA: 30749674f0c3  p_ertm_info:0x00000000
01-01 00:03:16.571 I/bt_l2cap( 1433): L2CAP - st: W4_L2CA_CON_RSP evt: 22
01-01 00:03:16.571 D/bt_l2cap( 1433): TotalWin=5,Hndl=0xd,Quota=8,Unack=3,RRQuota=0,RRUnack=0
01-01 00:03:16.571 D/bt_l2cap( 1433): RR scan pri=2, lcid=0x0048, q_cout=0
01-01 00:03:16.571 I/bt_rfcomm( 1433): rfc_mx_send_config_req
01-01 00:03:16.571 I/bt_l2cap( 1433): L2CA_ConfigReq()  CID 0x0048: fcr_present:0 (mode 0) mtu_present:1 (1691)
01-01 00:03:16.571 I/bt_l2cap( 1433): L2CAP - st: CONFIG evt: 24
01-01 00:03:16.571 D/bt_l2cap( 1433): TotalWin=4,Hndl=0xd,Quota=8,Unack=4,RRQuota=0,RRUnack=0
01-01 00:03:16.571 D/bt_l2cap( 1433): RR scan pri=2, lcid=0x0048, q_cout=0
01-01 00:03:16.573 D/bt_l2cap( 1433): RR scan pri=2, lcid=0x0048, q_cout=0
01-01 00:03:16.573 D/bt_l2cap( 1433): TotalWin=6,LinkUnack(0xd)=2,RRCheck=0,RRUnack=0
01-01 00:03:16.573 E/bt_upio ( 1433): upio_set : open(/proc/bluetooth/sleep/btwrite) for write failed: Permission denied (13)
01-01 00:03:16.574 E/bt_upio ( 1433): upio_set : open(/proc/bluetooth/sleep/btwrite) for write failed: Permission denied (13)
01-01 00:03:16.582 I/bt_smp  ( 1433): SMDBG l2c smp_br_data_received
01-01 00:03:16.582 I/bt_smp  ( 1433): main smp_br_state_machine_event
01-01 00:03:16.582 D/bt_smp  ( 1433): SMP Role: Master State: [SMP_BR_STATE_PAIR_REQ_RSP (2)], Event: [BR_PAIRING_RSP_EVT (2)]
01-01 00:03:16.582 D/bt_smp  ( 1433): BR_State change: SMP_BR_STATE_PAIR_REQ_RSP(2) ==> SMP_BR_STATE_PAIR_REQ_RSP(2)
01-01 00:03:16.582 D/bt_smp  ( 1433): smp_br_process_pairing_command
01-01 00:03:16.582 D/bt_smp  ( 1433): smp_command_has_invalid_parameters for cmd code 0x02
01-01 00:03:16.582 D/bt_smp  ( 1433): smp_command_has_valid_fixed_length for cmd code 0x02
01-01 00:03:16.582 D/bt_smp  ( 1433): smp_pairing_request_response_parameters_are_valid for cmd code 0x02
01-01 00:03:16.582 D/bt_smp  ( 1433): smp_br_process_pairing_command master rcvs valid PAIRING RESPONSE. Supposed to move to key distribution phase. 
01-01 00:03:16.582 D/bt_smp  ( 1433): smp_br_check_authorization_request rcvs i_keys=0x7 r_keys=0x7 (i-initiator r-responder)
01-01 00:03:16.583 D/bt_smp  ( 1433): smp_br_check_authorization_request rcvs upgrades: i_keys=0x7 r_keys=0x6 (i-initiator r-responder)
01-01 00:03:16.583 I/bt_smp  ( 1433): main smp_br_state_machine_event
01-01 00:03:16.583 D/bt_smp  ( 1433): SMP Role: Master State: [SMP_BR_STATE_PAIR_REQ_RSP (2)], Event: [BR_BOND_REQ_EVT (24)]
01-01 00:03:16.583 D/bt_smp  ( 1433): BR_State change: SMP_BR_STATE_PAIR_REQ_RSP(2) ==> SMP_BR_STATE_BOND_PENDING(3)
01-01 00:03:16.583 D/bt_smp  ( 1433): result state = SMP_BR_STATE_BOND_PENDING
01-01 00:03:16.583 D/bt_smp  ( 1433): result state = SMP_BR_STATE_BOND_PENDING
01-01 00:03:16.583 I/bt_smp  ( 1433): SMDBG l2c smp_br_data_received
01-01 00:03:16.583 I/bt_smp  ( 1433): main smp_br_state_machine_event
01-01 00:03:16.583 D/bt_smp  ( 1433): SMP Role: Master State: [SMP_BR_STATE_BOND_PENDING (3)], Event: [BR_ID_INFO_EVT (8)]
01-01 00:03:16.583 D/bt_smp  ( 1433): BR_State change: SMP_BR_STATE_BOND_PENDING(3) ==> SMP_BR_STATE_BOND_PENDING(3)
01-01 00:03:16.583 D/bt_smp  ( 1433): smp_proc_id_info
01-01 00:03:16.583 D/bt_smp  ( 1433): smp_key_distribution_by_transport
01-01 00:03:16.583 D/bt_smp  ( 1433): smp_br_select_next_key role=0 (0-master) r_keys=0x6 i_keys=0x7
01-01 00:03:16.583 D/bt_smp  ( 1433): result state = SMP_BR_STATE_BOND_PENDING
01-01 00:03:16.585 I/bt_smp  ( 1433): SMDBG l2c smp_br_data_received
01-01 00:03:16.585 I/bt_smp  ( 1433): main smp_br_state_machine_event
01-01 00:03:16.585 D/bt_smp  ( 1433): SMP Role: Master State: [SMP_BR_STATE_BOND_PENDING (3)], Event: [BR_ID_ADDR_EVT (9)]
01-01 00:03:16.585 D/bt_smp  ( 1433): BR_State change: SMP_BR_STATE_BOND_PENDING(3) ==> SMP_BR_STATE_BOND_PENDING(3)
01-01 00:03:16.585 D/bt_smp  ( 1433): smp_proc_id_addr
01-01 00:03:16.585 D/bt_smp  ( 1433): smp_update_key_mask before update role=0 recv=1 local_i_key = 07, local_r_key = 06
01-01 00:03:16.585 D/bt_smp  ( 1433): updated local_i_key = 07, local_r_key = 04
01-01 00:03:16.585 D/bt_btm  ( 1433): btm_sec_save_le_key key_type=0x2 pass_to_application=1
01-01 00:03:16.585 D/bt_btm  ( 1433): bd_addr:30-74-96-74-f0-c3
01-01 00:03:16.585 D/bt_btm  ( 1433): BTM_LE_KEY_PID key_type=0x2 save peer IRK
01-01 00:03:16.585 D/bt_btm  ( 1433): btm_consolidate_dev
01-01 00:03:16.585 D/bt_btm  ( 1433): BLE key type 0x02 updated for BDA: 30749674f0c3 (btm_sec_save_le_key)
01-01 00:03:16.585 D/bt_btif ( 1433): btif_transfer_context event 15, len 280
01-01 00:03:16.585 D/bt_smp  ( 1433): smp_key_distribution_by_transport
01-01 00:03:16.585 D/bt_smp  ( 1433): smp_br_selectched even role=0 (0-master) r_keys=0x4 i_keys=0x7
01-01 00:03:16.585 D/bt_btif ( 1433): smp_br_selectched even role=0port
01-01 00:03:16.585 D/bt_smp  ( 1433): btif_context_switched
01-01 00:03:16.585 D/bt_btif ( 1433): btif_context_switched
01-01 00:03:16.585 I/bt_btif ( 1433): btif_dm_upstreams_evt: ev: BTA_DM_BLE_KEY_EVT
01-01 00:03:16.585 D/bt_btif ( 1433): BTA_DM_BLE_KEY_EVT key_type=0x02 
01-01 00:03:16.585 D/bt_btif ( 1433): Bond state not sent to App so far.Notify the app now
01-01 00:03:16.585 D/bt_btif_config( 1433): btif_get_device_type: Device [30:74:96:74:f0:c3] type 1
01-01 00:03:16.586 D/bt_btif ( 1433): in, bd addr:30:74:96:74:f0:c3, prop type:4, len:4
01-01 00:03:16.586 I/bt_btif_dm( 1433): get_cod remote_cod = 0x005a020c
01-01 00:03:16.586 D/bt_btif ( 1433): bond_state_changed: state=1, prev_state=0, sdp_attempts = 0
01-01 00:03:16.586 I/bt_btif ( 1433): HAL bt_hal_cbacks->bond_state_changed_cb
01-01 00:03:16.587 I/BluetoothBondStateMachine( 1433): bondStateChangeCallback: Status: 0 Address: 30:74:96:74:F0:C3 newState: 1
01-01 00:03:16.587 D/bt_btif ( 1433): Rcv BTA_LE_KEY_PID
01-01 00:03:16.589 D/bt_l2cap( 1433): cmd_code: 4, id:16, cmd_len:8
01-01 00:03:16.589 I/bt_l2cap( 1433): L2CAP - st: CONFIG evt: 14
01-01 00:03:16.589 I/bt_l2cap( 1433): l2c_fcr_process_peer_cfg_req() CFG fcr_present:0 fcr.mode:0 CCB FCR mode:0 preferred: 0 allowed:1
01-01 00:03:16.589 D/bt_btm  ( 1433): btm_bda_to_acl found
01-01 00:03:16.589 D/bt_btm  ( 1433): btm_get_max_packet_size
01-01 00:03:16.589 D/bt_l2cap( 1433): l2cu_adjust_out_mps use 0   Based on peer_cfg.fcr.mps: 0  packet_size: 1011
01-01 00:03:16.589 I/bt_l2cap( 1433): L2CAP - Calling Config_Req_Cb(), CID: 0x0048, C-bit 0
01-01 00:03:16.589 I/bt_rfcomm( 1433): rfc_mx_sm_state_configure - evt:12
01-01 00:03:16.589 I/bt_l2cap( 1433): L2CA_ConfigRsp()  CID: 0x0048  Result: 0 MTU present:0 Flush TO:0 FCR:0 FCS:0
01-01 00:03:16.589 I/bt_l2cap( 1433): L2CAP - st: CONFIG evt: 25
01-01 00:03:16.589 D/bt_l2cap( 1433): TotalWin=5,Hndl=0xd,Quota=8,Unack=3,RRQuota=0,RRUnack=0
01-01 00:03:16.589 D/bt_l2cap( 1433): RR scan pri=2, lcid=0x0048, q_cout=0
01-01 00:03:16.590 I/BluetoothBondStateMachine( 1433): Bond State Change Intent:30:74:96:74:F0:C3 OldState: 12 NewState: 11
01-01 00:03:16.590 I/BluetoothBondStateMachine( 1433): Entering PendingCommandState State
01-01 00:03:16.590 I/BluetoothFragment(  619): setDeviceListGroup
01-01 00:03:16.591 D/bt_l2cap( 1433): RR scan pri=2, lcid=0x0048, q_cout=0
01-01 00:03:16.591 D/bt_l2cap( 1433): TotalWin=7,LinkUnack(0xd)=1,RRCheck=0,RRUnack=0
01-01 00:03:16.591 E/bt_upio ( 1433): upio_set : open(/proc/bluetooth/sleep/btwrite) for write failed: Permission denied (13)
01-01 00:03:16.600 I/BluetoothFragment(  619): onDeviceAdded
01-01 00:03:16.611 I/BluetoothFragment(  619): onDeviceAdded
01-01 00:03:16.627 I/BluetoothFragment(  619): onDeviceAdded
01-01 00:03:16.631 I/BluetoothFragment(  619): onDeviceAdded
01-01 00:03:16.634 I/BluetoothFragment(  619): onDeviceAdded
01-01 00:03:16.637 I/BluetoothFragment(  619): onDeviceAdded
01-01 00:03:16.639 I/BluetoothFragment(  619): onDeviceAdded
01-01 00:03:16.642 I/BluetoothFragment(  619): onDeviceAdded
01-01 00:03:16.645 I/BluetoothFragment(  619): onDeviceAdded
01-01 00:03:16.645 I/BluetoothFragment(  619): onDeviceAdded
01-01 00:03:16.645 I/BluetoothFragment(  619): onDeviceAdded
01-01 00:03:16.647 D/bt_l2cap( 1433): cmd_code: 5, id:13, cmd_len:6
01-01 00:03:16.647 I/bt_l2cap( 1433): L2CAP - st: CONFIG evt: 15
01-01 00:03:16.647 D/bt_l2cap( 1433): l2c_link_adjust_chnl_allocation
01-01 00:03:16.647 I/bt_l2cap( 1433): CID:0x0007 FCR Mode:0 Priority:2 TxDataRate:1 RxDataRate:1 Quota:200
01-01 00:03:16.647 I/bt_l2cap( 1433): CID:0x0048 FCR Mode:0 Priority:2 TxDataRate:1 RxDataRate:1 Quota:200
01-01 00:03:16.648 I/bt_l2cap( 1433): L2CAP - Calling Config_Rsp_Cb(), CID: 0x0048
01-01 00:03:16.648 I/bt_rfcomm( 1433): rfc_mx_sm_state_configure - evt:11
01-01 00:03:16.648 I/bt_rfcomm( 1433): rfc_mx_conf_cnf p_cfg:96cf3418 res:0 
01-01 00:03:16.648 I/bt_rfcomm( 1433): rfc_timer_start - timeout:120 seconds
01-01 00:03:16.648 I/bt_smp  ( 1433): SMDBG l2c smp_br_data_received
01-01 00:03:16.648 I/bt_smp  ( 1433): main smp_br_state_machine_event
01-01 00:03:16.649 D/bt_smp  ( 1433): SMP Role: Master State: [SMP_BR_STATE_BOND_PENDING (3)], Event: [BR_SIGN_INFO_EVT (10)]
01-01 00:03:16.649 D/bt_smp  ( 1433): BR_State change: SMP_BR_STATE_BOND_PENDING(3) ==> SMP_BR_STATE_BOND_PENDING(3)
01-01 00:03:16.649 D/bt_smp  ( 1433): smp_proc_srk_info
01-01 00:03:16.649 D/bt_smp  ( 1433): smp_update_key_mask before update role=0 recv=1 local_i_key = 07, local_r_key = 04
01-01 00:03:16.649 D/bt_smp  ( 1433): updated local_i_key = 07, local_r_key = 00
01-01 00:03:16.649 D/bt_btm  ( 1433): btm_sec_save_le_key key_type=0x4 pass_to_application=1
01-01 00:03:16.649 D/bt_btm  ( 1433): bd_addr:30-74-96-74-f0-c3
01-01 00:03:16.649 D/bt_btm  ( 1433): BTM_LE_KEY_PCSRK key_type=0x6 sec_flags=0x50be sec_level=0x0 peer_counter=0
01-01 00:03:16.649 D/bt_btm  ( 1433): BLE key type 0x04 updated for BDA: 30749674f0c3 (btm_sec_save_le_key)
01-01 00:03:16.649 D/bt_btif ( 1433): btif_transfer_context event 15, len 280
01-01 00:03:16.649 D/bt_smp  ( 1433): smp_key_distribution_by_transport
01-01 00:03:16.649 D/bt_smp  ( 1433): smp_br_select_next_key role=0 (0-master) r_keys=0x0 i_keys=0x7
01-01 00:03:16.649 D/bt_smp  ( 1433): smp_key_pick_key key_to_dist=0x7
01-01 00:03:16.649 D/bt_smp  ( 1433): key to send = 07, i = 0
01-01 00:03:16.649 D/bt_smp  ( 1433): smp_distribute_act[0]
01-01 00:03:16.649 D/bt_smp  ( 1433): smp_generate_ltk
01-01 00:03:16.649 D/bt_smp  ( 1433): smp_br_process_link_key
01-01 00:03:16.649 D/bt_smp  ( 1433): smp_calculate_long_term_key_from_link_key
01-01 00:03:16.649 D/bt_smp  ( 1433): smp_calculate_h6
01-01 00:03:16.649 I/bt_smp  ( 1433): aes_cipher_msg_auth_code
01-01 00:03:16.649 W/bt_smp  ( 1433): AES128_CMAC started, allocate buffer size = 16
01-01 00:03:16.649 I/bt_smp  ( 1433):  cmac_generate_subkey
01-01 00:03:16.649 D/bt_smp  ( 1433): smp_encrypt_data
01-01 00:03:16.649 I/bt_smp  ( 1433): cmac_subkey_cont 
01-01 00:03:16.649 I/bt_smp  ( 1433): leftshift_onebit 
01-01 00:03:16.649 I/bt_smp  ( 1433): smp_xor_128
01-01 00:03:16.649 I/bt_smp  ( 1433): leftshift_onebit 
01-01 00:03:16.649 I/bt_smp  ( 1433): cmac_prepare_last_block 
01-01 00:03:16.649 W/bt_smp  ( 1433): flag = 0 round = 1
01-01 00:03:16.649 I/bt_smp  ( 1433): smp_xor_128
01-01 00:03:16.649 I/bt_smp  ( 1433): cmac_aes_k_calculate 
01-01 00:03:16.649 I/bt_smp  ( 1433): smp_xor_128
01-01 00:03:16.650 D/bt_smp  ( 1433): smp_encrypt_data
01-01 00:03:16.650 D/bt_smp  ( 1433): tlen = 16 p_mac = -1764806028
01-01 00:03:16.650 D/bt_smp  ( 1433): p_mac[0] = 0xd2 p_mac[1] = 0xca p_mac[2] = 0x64 p_mac[3] = 0x82
01-01 00:03:16.650 D/bt_smp  ( 1433): p_mac[4] = 0x3f p_mac[5] = 0x27 p_mac[6] = 0xf3 p_mac[7] = 0xd0
01-01 00:03:16.650 D/bt_smp  ( 1433): smp_calculate_h6
01-01 00:03:16.650 I/bt_smp  ( 1433): aes_cipher_msg_auth_code
01-01 00:03:16.650 W/bt_smp  ( 1433): AES128_CMAC started, allocate buffer size = 16
01-01 00:03:16.650 I/bt_smp  ( 1433):  cmac_generate_subkey
01-01 00:03:16.650 D/bt_smp  ( 1433): smp_encrypt_data
01-01 00:03:16.650 I/bt_smp  ( 1433): cmac_subkey_cont 
01-01 00:03:16.650 I/bt_smp  ( 1433): leftshift_onebit 
01-01 00:03:16.650 I/bt_smp  ( 1433): leftshift_onebit 
01-01 00:03:16.650 I/bt_smp  ( 1433): cmac_prepare_last_block 
01-01 00:03:16.650 W/bt_smp  ( 1433): flag = 0 round = 1
01-01 00:03:16.650 I/bt_smp  ( 1433): smp_xor_128
01-01 00:03:16.650 I/bt_smp  ( 1433): cmac_aes_k_calculate 
01-01 00:03:16.650 I/bt_smp  ( 1433): smp_xor_128
01-01 00:03:16.650 D/bt_smp  ( 1433): smp_encrypt_data
01-01 00:03:16.650 D/bt_smp  ( 1433): tlen = 16 p_mac = -1764806028
01-01 00:03:16.650 D/bt_smp  ( 1433): p_mac[0] = 0x77 p_mac[1] = 0xe2 p_mac[2] = 0xee p_mac[3] = 0x46
01-01 00:03:16.650 D/bt_smp  ( 1433): p_mac[4] = 0x3a p_mac[5] = 0xd5 p_mac[6] = 0xb5 p_mac[7] = 0x13
01-01 00:03:16.650 I/bt_smp  ( 1433): smp_calculate_long_term_key_from_link_key is completed
01-01 00:03:16.650 D/bt_smp  ( 1433): smp_br_process_link_key: LTK derivation from LK successfully completed
01-01 00:03:16.650 D/bt_smp  ( 1433): smp_save_secure_connections_long_term_key-Save LTK as local LTK key
01-01 00:03:16.650 D/bt_btm  ( 1433): btm_sec_save_le_key key_type=0x10 pass_to_application=1
01-01 00:03:16.650 D/bt_btm  ( 1433): bd_addr:30-74-96-74-f0-c3
01-01 00:03:16.650 D/bt_btm  ( 1433): BTM_LE_KEY_LENC key_type=0x16 DIV=0x0 key_size=0x10 sec_level=0x4
01-01 00:03:16.651 D/bt_btm  ( 1433): BLE key type 0x10 updated for BDA: 30749674f0c3 (btm_sec_save_le_key)
01-01 00:03:16.651 D/bt_btif ( 1433): btif_transfer_context event 15, len 280
01-01 00:03:16.651 D/bt_smp  ( 1433): smp_save_secure_connections_long_term_key-Save LTK as peer LTK key
01-01 00:03:16.651 D/bt_btm  ( 1433): btm_sec_save_le_key key_type=0x1 pass_to_application=1
01-01 00:03:16.651 D/bt_btm  ( 1433): bd_addr:30-74-96-74-f0-c3
01-01 00:03:16.651 D/bt_btm  ( 1433): BTM_LE_KEY_PENC key_type=0x17 sec_flags=0x70be sec_leve=0x4
01-01 00:03:16.651 D/bt_btm  ( 1433): BLE key type 0x01 updated for BDA: 30749674f0c3 (btm_sec_save_le_key)
01-01 00:03:16.651 D/bt_btif ( 1433): btif_transfer_context event 15, len 280
01-01 00:03:16.651 D/bt_smp  ( 1433): smp_update_key_mask before update role=0 recv=0 local_i_key = 07, local_r_key = 00
01-01 00:03:16.651 D/bt_smp  ( 1433): updated local_i_key = 06, local_r_key = 00
01-01 00:03:16.651 D/bt_smp  ( 1433): smp_br_select_next_key role=0 (0-master) r_keys=0x0 i_keys=0x6
01-01 00:03:16.651 D/bt_smp  ( 1433): smp_key_pick_key key_to_dist=0x6
01-01 00:03:16.651 D/bt_smp  ( 1433): key to send = 06, i = 0
01-01 00:03:16.651 D/bt_smp  ( 1433): key to send = 06, i = 1
01-01 00:03:16.651 D/bt_smp  ( 1433): smp_distribute_act[1]
01-01 00:03:16.651 D/bt_smp  ( 1433): smp_send_id_info
01-01 00:03:16.651 D/bt_smp  ( 1433): smp_update_key_mask before update role=0 recv=0 local_i_key = 06, local_r_key = 00
01-01 00:03:16.651 D/bt_smp  ( 1433): updated local_i_key = 04, local_r_key = 00
01-01 00:03:16.651 I/bt_smp  ( 1433): smp_send_cmd on l2cap cmd_code=0x8
01-01 00:03:16.651 I/bt_smp  ( 1433): smp_build_identity_info_cmd
01-01 00:03:16.651 D/bt_btm  ( 1433): BTM_GetDeviceIDRoot 
01-01 00:03:16.651 I/bt_smp  ( 1433): smp_send_msg_to_L2CAP
01-01 00:03:16.651 I/bt_l2cap( 1433): L2CA_SendFixedChnlData()  CID: 0x0007  BDA: 30749674f0c3
01-01 00:03:16.651 D/bt_l2cap( 1433): TotalWin=6,Hndl=0xd,Quota=8,Unack=2,RRQuota=0,RRUnack=0
01-01 00:03:16.651 D/bt_l2cap( 1433): RR scan pri=2, lcid=0x0048, q_cout=0
01-01 00:03:16.652 I/bt_smp  ( 1433): smp_send_cmd on l2cap cmd_code=0x9
01-01 00:03:16.652 I/bt_smp  ( 1433): smp_build_id_addr_cmd
01-01 00:03:16.652 I/bt_smp  ( 1433): smp_send_msg_to_L2CAP
01-01 00:03:16.652 I/bt_l2cap( 1433): L2CA_SendFixedChnlData()  CID: 0x0007  BDA: 30749674f0c3
01-01 00:03:16.652 E/bt_upio ( 1433): upio_set : open(/proc/bluetooth/sleep/btwrite) for write failed: Permission denied (13)
01-01 00:03:16.652 D/bt_l2cap( 1433): TotalWin=5,Hndl=0xd,Quota=8,Unack=3,RRQuota=0,RRUnack=0
01-01 00:03:16.652 D/bt_l2cap( 1433): RR scan pri=2, lcid=0x0048, q_cout=0
01-01 00:03:16.652 D/bt_btm  ( 1433): btm_sec_save_le_key key_type=0x20 pass_to_application=1
01-01 00:03:16.652 D/bt_btm  ( 1433): bd_addr:30-74-96-74-f0-c3
01-01 00:03:16.652 D/bt_btm  ( 1433): BLE key type 0x20 updated for BDA: 30749674f0c3 (btm_sec_save_le_key)
01-01 00:03:16.652 D/bt_btif ( 1433): btif_transfer_context event 15, len 280
01-01 00:03:16.652 W/bt_smp  ( 1433): smp_send_id_info
01-01 00:03:16.652 D/bt_smp  ( 1433): smp_key_distribution_by_transport
01-01 00:03:16.652 D/bt_smp  ( 1433): smp_br_select_next_key role=0 (0-master) r_keys=0x0 i_keys=0x4
01-01 00:03:16.652 D/bt_smp  ( 1433): smp_key_pick_key key_to_dist=0x4
01-01 00:03:16.652 D/bt_smp  ( 1433): key to send = 04, i = 0
01-01 00:03:16.652 D/bt_smp  ( 1433): key to send = 04, i = 1
01-01 00:03:16.652 D/bt_smp  ( 1433): key to send = 04, i = 2
01-01 00:03:16.652 D/bt_smp  ( 1433): smp_distribute_act[2]
01-01 00:03:16.652 D/bt_smp  ( 1433): smp_generate_csrk
01-01 00:03:16.652 D/bt_btm  ( 1433): btm_get_local_div
01-01 00:03:16.652 D/bt_btm  ( 1433): bd_addr:30-74-96-74-f0-c3
01-01 00:03:16.652 D/bt_btm  ( 1433): btm_get_local_div status=0 (1-OK) DIV=0x0
01-01 00:03:16.652 D/bt_smp  ( 1433): Generate DIV for CSRK
01-01 00:03:16.652 D/bt_smp  ( 1433): result state = SMP_BR_STATE_BOND_PENDING
01-01 00:03:16.652 I/bt_l2cap( 1433): L2CAP - st: OPEN evt: 20
01-01 00:03:16.653 I/bt_rfcomm( 1433): rfc_mx_sm_state_wait_sabme - evt:0
01-01 00:03:16.653 I/bt_rfcomm( 1433): rfc_timer_stop
01-01 00:03:16.653 I/bt_rfcomm( 1433): PORT_StartInd
01-01 00:03:16.653 D/bt_rfcomm( 1433): PORT_StartInd, RFCOMM_StartRsp RFCOMM_SUCCESS: p_mcb:0x97db1f28
01-01 00:03:16.653 I/bt_rfcomm( 1433): rfc_mx_sm_state_wait_sabme - evt:7
01-01 00:03:16.653 I/bt_l2cap( 1433): L2CA_DataWrite()  CID: 0x0048  Len: 4
01-01 00:03:16.653 I/bt_l2cap( 1433): L2CAP - st: OPEN evt: 30
01-01 00:03:16.653 D/bt_l2cap( 1433): RR scan pri=2, lcid=0x0048, q_cout=1
01-01 00:03:16.653 D/bt_l2cap( 1433): RR service pri=2, quota=4, lcid=0x0048
01-01 00:03:16.653 D/bt_l2cap( 1433): TotalWin=4,Hndl=0xd,Quota=8,Unack=4,RRQuota=0,RRUnack=0
01-01 00:03:16.653 D/bt_l2cap( 1433): RR scan pri=2, lcid=0x0048, q_cout=0
01-01 00:03:16.653 I/bt_rfcomm( 1433): PORT_StartCnf result:0
01-01 00:03:16.653 I/bt_rfcomm( 1433): rfc_timer_start - timeout:2 seconds
01-01 00:03:16.653 E/bt_upio ( 1433): upio_set : open(/proc/bluetooth/sleep/btwrite) for write failed: Permission denied (13)
01-01 00:03:16.653 D/bt_btif ( 1433): btif task fetched event a001
01-01 00:03:16.653 D/bt_btif ( 1433): btif_context_switched
01-01 00:03:16.653 I/bt_btif ( 1433): btif_dm_upstreams_evt: ev: BTA_DM_BLE_KEY_EVT
01-01 00:03:16.653 D/bt_btif ( 1433): BTA_DM_BLE_KEY_EVT key_type=0x04 
01-01 00:03:16.653 D/bt_btif ( 1433): Rcv BTA_LE_KEY_PCSRK
01-01 00:03:16.653 D/bt_btif ( 1433): btif task fetched event a001
01-01 00:03:16.653 D/bt_btif ( 1433): btif_context_switched
01-01 00:03:16.653 I/bt_btif ( 1433): btif_dm_upstreams_evt: ev: BTA_DM_BLE_KEY_EVT
01-01 00:03:16.653 D/bt_btif ( 1433): BTA_DM_BLE_KEY_EVT key_type=0x10 
01-01 00:03:16.653 D/bt_btif ( 1433): Rcv BTA_LE_KEY_LENC
01-01 00:03:16.654 D/bt_btif ( 1433): btif task fetched event a001
01-01 00:03:16.654 D/bt_btif ( 1433): btif_context_switched
01-01 00:03:16.654 I/bt_btif ( 1433): btif_dm_upstreams_evt: ev: BTA_DM_BLE_KEY_EVT
01-01 00:03:16.654 D/bt_btif ( 1433): BTA_DM_BLE_KEY_EVT key_type=0x01 
01-01 00:03:16.654 D/bt_btif ( 1433): Rcv BTA_LE_KEY_PENC
01-01 00:03:16.654 D/bt_btif ( 1433): btif task fetched event a001
01-01 00:03:16.654 D/bt_btif ( 1433): btif_context_switched
01-01 00:03:16.654 I/bt_btif ( 1433): btif_dm_upstreams_evt: ev: BTA_DM_BLE_KEY_EVT
01-01 00:03:16.654 D/bt_btif ( 1433): BTA_DM_BLE_KEY_EVT key_type=0x20 
01-01 00:03:16.654 D/bt_btif ( 1433): Rcv BTA_LE_KEY_LID
01-01 00:03:16.654 E/bt_upio ( 1433): upio_set : open(/proc/bluetooth/sleep/btwrite) for write failed: Permission denied (13)
01-01 00:03:16.657 E/bt_upio ( 1433): upio_set : open(/proc/bluetooth/sleep/btwrite) for write failed: Permission denied (13)
01-01 00:03:16.661 D/bt_l2cap( 1433): RR scan pri=2, lcid=0x0048, q_cout=0
01-01 00:03:16.661 D/bt_l2cap( 1433): TotalWin=6,LinkUnack(0xd)=2,RRCheck=0,RRUnack=0
01-01 00:03:16.662 I/BluetoothFragment(  619): onDeviceAdded
01-01 00:03:16.663 D/bt_btm  ( 1433): btm_ble_rand_enc_complete
01-01 00:03:16.663 D/bt_smp  ( 1433): smp_rand_back state=0x4
01-01 00:03:16.663 D/bt_smp  ( 1433): smp_compute_csrk div=e461
01-01 00:03:16.663 D/bt_btm  ( 1433): BTM_GetDeviceEncRoot
01-01 00:03:16.663 D/bt_smp  ( 1433): smp_encrypt_data
01-01 00:03:16.663 D/bt_smp  ( 1433): smp_send_csrk_info
01-01 00:03:16.663 D/bt_smp  ( 1433): smp_update_key_mask before update role=0 recv=0 local_i_key = 04, local_r_key = 00
01-01 00:03:16.664 D/bt_smp  ( 1433): updated local_i_key = 00, local_r_key = 00
01-01 00:03:16.664 I/bt_smp  ( 1433): smp_send_cmd on l2cap cmd_code=0xa
01-01 00:03:16.664 I/bt_smp  ( 1433): smp_build_signing_info_cmd
01-01 00:03:16.664 I/bt_smp  ( 1433): smp_send_msg_to_L2CAP
01-01 00:03:16.664 I/bt_l2cap( 1433): L2CA_SendFixedChnlData()  CID: 0x0007  BDA: 30749674f0c3
01-01 00:03:16.664 D/bt_l2cap( 1433): TotalWin=5,Hndl=0xd,Quota=8,Unack=3,RRQuota=0,RRUnack=0
01-01 00:03:16.664 D/bt_l2cap( 1433): RR scan pri=2, lcid=0x0048, q_cout=0
01-01 00:03:16.664 D/bt_btm  ( 1433): btm_sec_save_le_key key_type=0x40 pass_to_application=1
01-01 00:03:16.664 D/bt_btm  ( 1433): bd_addr:30-74-96-74-f0-c3
01-01 00:03:16.664 D/bt_btm  ( 1433): BTM_LE_KEY_LCSRK key_type=0x77 DIV=0xe461 scrk_sec_level=0x4 local_counter=0
